Archive member included to satisfy reference by file (symbol)

/home/igor/stm32cubeide/plugins/com.st.stm32cube.ide.mcu.externaltools.gnu-tools-for-stm32.7-2018-q2-update.linux64_1.0.0.201904181610/tools/bin/../lib/gcc/arm-none-eabi/7.3.1/../../../../arm-none-eabi/lib/thumb/v7e-m/fpv4-sp/hard/libc_nano.a(lib_a-errno.o)
                              Src/syscalls.o (__errno)
/home/igor/stm32cubeide/plugins/com.st.stm32cube.ide.mcu.externaltools.gnu-tools-for-stm32.7-2018-q2-update.linux64_1.0.0.201904181610/tools/bin/../lib/gcc/arm-none-eabi/7.3.1/../../../../arm-none-eabi/lib/thumb/v7e-m/fpv4-sp/hard/libc_nano.a(lib_a-exit.o)
                              /home/igor/stm32cubeide/plugins/com.st.stm32cube.ide.mcu.externaltools.gnu-tools-for-stm32.7-2018-q2-update.linux64_1.0.0.201904181610/tools/bin/../lib/gcc/arm-none-eabi/7.3.1/../../../../arm-none-eabi/lib/thumb/v7e-m/fpv4-sp/hard/crt0.o (exit)
/home/igor/stm32cubeide/plugins/com.st.stm32cube.ide.mcu.externaltools.gnu-tools-for-stm32.7-2018-q2-update.linux64_1.0.0.201904181610/tools/bin/../lib/gcc/arm-none-eabi/7.3.1/../../../../arm-none-eabi/lib/thumb/v7e-m/fpv4-sp/hard/libc_nano.a(lib_a-impure.o)
                              /home/igor/stm32cubeide/plugins/com.st.stm32cube.ide.mcu.externaltools.gnu-tools-for-stm32.7-2018-q2-update.linux64_1.0.0.201904181610/tools/bin/../lib/gcc/arm-none-eabi/7.3.1/../../../../arm-none-eabi/lib/thumb/v7e-m/fpv4-sp/hard/libc_nano.a(lib_a-exit.o) (_global_impure_ptr)
/home/igor/stm32cubeide/plugins/com.st.stm32cube.ide.mcu.externaltools.gnu-tools-for-stm32.7-2018-q2-update.linux64_1.0.0.201904181610/tools/bin/../lib/gcc/arm-none-eabi/7.3.1/../../../../arm-none-eabi/lib/thumb/v7e-m/fpv4-sp/hard/libc_nano.a(lib_a-init.o)
                              /home/igor/stm32cubeide/plugins/com.st.stm32cube.ide.mcu.externaltools.gnu-tools-for-stm32.7-2018-q2-update.linux64_1.0.0.201904181610/tools/bin/../lib/gcc/arm-none-eabi/7.3.1/../../../../arm-none-eabi/lib/thumb/v7e-m/fpv4-sp/hard/crt0.o (__libc_init_array)
/home/igor/stm32cubeide/plugins/com.st.stm32cube.ide.mcu.externaltools.gnu-tools-for-stm32.7-2018-q2-update.linux64_1.0.0.201904181610/tools/bin/../lib/gcc/arm-none-eabi/7.3.1/../../../../arm-none-eabi/lib/thumb/v7e-m/fpv4-sp/hard/libc_nano.a(lib_a-malloc.o)
                              Middlewares/ST/STM32_USB_Device_Library/Class/CDC/Src/usbd_cdc.o (malloc)
/home/igor/stm32cubeide/plugins/com.st.stm32cube.ide.mcu.externaltools.gnu-tools-for-stm32.7-2018-q2-update.linux64_1.0.0.201904181610/tools/bin/../lib/gcc/arm-none-eabi/7.3.1/../../../../arm-none-eabi/lib/thumb/v7e-m/fpv4-sp/hard/libc_nano.a(lib_a-memcpy-stub.o)
                              Middlewares/Third_Party/FreeRTOS/Source/queue.o (memcpy)
/home/igor/stm32cubeide/plugins/com.st.stm32cube.ide.mcu.externaltools.gnu-tools-for-stm32.7-2018-q2-update.linux64_1.0.0.201904181610/tools/bin/../lib/gcc/arm-none-eabi/7.3.1/../../../../arm-none-eabi/lib/thumb/v7e-m/fpv4-sp/hard/libc_nano.a(lib_a-memmove.o)
                              usr/cpp_main.o (memmove)
/home/igor/stm32cubeide/plugins/com.st.stm32cube.ide.mcu.externaltools.gnu-tools-for-stm32.7-2018-q2-update.linux64_1.0.0.201904181610/tools/bin/../lib/gcc/arm-none-eabi/7.3.1/../../../../arm-none-eabi/lib/thumb/v7e-m/fpv4-sp/hard/libc_nano.a(lib_a-memset.o)
                              /home/igor/stm32cubeide/plugins/com.st.stm32cube.ide.mcu.externaltools.gnu-tools-for-stm32.7-2018-q2-update.linux64_1.0.0.201904181610/tools/bin/../lib/gcc/arm-none-eabi/7.3.1/../../../../arm-none-eabi/lib/thumb/v7e-m/fpv4-sp/hard/crt0.o (memset)
/home/igor/stm32cubeide/plugins/com.st.stm32cube.ide.mcu.externaltools.gnu-tools-for-stm32.7-2018-q2-update.linux64_1.0.0.201904181610/tools/bin/../lib/gcc/arm-none-eabi/7.3.1/../../../../arm-none-eabi/lib/thumb/v7e-m/fpv4-sp/hard/libc_nano.a(lib_a-nano-freer.o)
                              /home/igor/stm32cubeide/plugins/com.st.stm32cube.ide.mcu.externaltools.gnu-tools-for-stm32.7-2018-q2-update.linux64_1.0.0.201904181610/tools/bin/../lib/gcc/arm-none-eabi/7.3.1/../../../../arm-none-eabi/lib/thumb/v7e-m/fpv4-sp/hard/libc_nano.a(lib_a-malloc.o) (_free_r)
/home/igor/stm32cubeide/plugins/com.st.stm32cube.ide.mcu.externaltools.gnu-tools-for-stm32.7-2018-q2-update.linux64_1.0.0.201904181610/tools/bin/../lib/gcc/arm-none-eabi/7.3.1/../../../../arm-none-eabi/lib/thumb/v7e-m/fpv4-sp/hard/libc_nano.a(lib_a-nano-mallocr.o)
                              /home/igor/stm32cubeide/plugins/com.st.stm32cube.ide.mcu.externaltools.gnu-tools-for-stm32.7-2018-q2-update.linux64_1.0.0.201904181610/tools/bin/../lib/gcc/arm-none-eabi/7.3.1/../../../../arm-none-eabi/lib/thumb/v7e-m/fpv4-sp/hard/libc_nano.a(lib_a-malloc.o) (_malloc_r)
/home/igor/stm32cubeide/plugins/com.st.stm32cube.ide.mcu.externaltools.gnu-tools-for-stm32.7-2018-q2-update.linux64_1.0.0.201904181610/tools/bin/../lib/gcc/arm-none-eabi/7.3.1/../../../../arm-none-eabi/lib/thumb/v7e-m/fpv4-sp/hard/libc_nano.a(lib_a-realloc.o)
[...]
Memory Configuration

Name             Origin             Length             Attributes
RAM              0x0000000020000000 0x0000000000020000 xrw
CCMRAM           0x0000000010000000 0x0000000000010000 rw
FLASH            0x0000000008000000 0x0000000000100000 xr
*default*        0x0000000000000000 0xffffffffffffffff

Linker script and memory map

LOAD /home/igor/stm32cubeide/plugins/com.st.stm32cube.ide.mcu.externaltools.gnu-tools-for-stm32.7-2018-q2-update.linux64_1.0.0.201904181610/tools/bin/../lib/gcc/arm-none-eabi/7.3.1/thumb/v7e-m/fpv4-sp/hard/crti.o
LOAD /home/igor/stm32cubeide/plugins/com.st.stm32cube.ide.mcu.externaltools.gnu-tools-for-stm32.7-2018-q2-update.linux64_1.0.0.201904181610/tools/bin/../lib/gcc/arm-none-eabi/7.3.1/thumb/v7e-m/fpv4-sp/hard/crtbegin.o
LOAD /home/igor/stm32cubeide/plugins/com.st.stm32cube.ide.mcu.externaltools.gnu-tools-for-stm32.7-2018-q2-update.linux64_1.0.0.201904181610/tools/bin/../lib/gcc/arm-none-eabi/7.3.1/../../../../arm-none-eabi/lib/thumb/v7e-m/fpv4-sp/hard/crt0.o
LOAD Drivers/STM32F4xx_HAL_Driver/Src/stm32f4xx_hal.o
LOAD Drivers/STM32F4xx_HAL_Driver/Src/stm32f4xx_hal_can.o
LOAD Drivers/STM32F4xx_HAL_Driver/Src/stm32f4xx_hal_cortex.o
LOAD Drivers/STM32F4xx_HAL_Driver/Src/stm32f4xx_hal_dma.o
LOAD Drivers/STM32F4xx_HAL_Driver/Src/stm32f4xx_hal_dma_ex.o
LOAD Drivers/STM32F4xx_HAL_Driver/Src/stm32f4xx_hal_exti.o
LOAD Drivers/STM32F4xx_HAL_Driver/Src/stm32f4xx_hal_flash.o
LOAD Drivers/STM32F4xx_HAL_Driver/Src/stm32f4xx_hal_flash_ex.o
LOAD Drivers/STM32F4xx_HAL_Driver/Src/stm32f4xx_hal_flash_ramfunc.o
LOAD Drivers/STM32F4xx_HAL_Driver/Src/stm32f4xx_hal_gpio.o
LOAD Drivers/STM32F4xx_HAL_Driver/Src/stm32f4xx_hal_i2c.o
LOAD Drivers/STM32F4xx_HAL_Driver/Src/stm32f4xx_hal_i2c_ex.o
LOAD Drivers/STM32F4xx_HAL_Driver/Src/stm32f4xx_hal_pcd.o
LOAD Drivers/STM32F4xx_HAL_Driver/Src/stm32f4xx_hal_pcd_ex.o
LOAD Drivers/STM32F4xx_HAL_Driver/Src/stm32f4xx_hal_pwr.o
LOAD Drivers/STM32F4xx_HAL_Driver/Src/stm32f4xx_hal_pwr_ex.o
LOAD Drivers/STM32F4xx_HAL_Driver/Src/stm32f4xx_hal_rcc.o
LOAD Drivers/STM32F4xx_HAL_Driver/Src/stm32f4xx_hal_rcc_ex.o
LOAD Drivers/STM32F4xx_HAL_Driver/Src/stm32f4xx_hal_tim.o
LOAD Drivers/STM32F4xx_HAL_Driver/Src/stm32f4xx_hal_tim_ex.o
LOAD Drivers/STM32F4xx_HAL_Driver/Src/stm32f4xx_ll_usb.o
LOAD Middlewares/ST/STM32_USB_Device_Library/Class/CDC/Src/usbd_cdc.o
LOAD Middlewares/ST/STM32_USB_Device_Library/Core/Src/usbd_core.o
LOAD Middlewares/ST/STM32_USB_Device_Library/Core/Src/usbd_ctlreq.o
LOAD Middlewares/ST/STM32_USB_Device_Library/Core/Src/usbd_ioreq.o
LOAD Middlewares/Third_Party/FreeRTOS/Source/CMSIS_RTOS/cmsis_os.o
LOAD Middlewares/Third_Party/FreeRTOS/Source/croutine.o
LOAD Middlewares/Third_Party/FreeRTOS/Source/event_groups.o
LOAD Middlewares/Third_Party/FreeRTOS/Source/list.o
LOAD Middlewares/Third_Party/FreeRTOS/Source/queue.o
LOAD Middlewares/Third_Party/FreeRTOS/Source/stream_buffer.o
LOAD Middlewares/Third_Party/FreeRTOS/Source/tasks.o
LOAD Middlewares/Third_Party/FreeRTOS/Source/timers.o
LOAD Middlewares/Third_Party/FreeRTOS/Source/portable/GCC/ARM_CM4F/port.o
LOAD Middlewares/Third_Party/FreeRTOS/Source/portable/MemMang/heap_4.o
LOAD Src/freertos.o
LOAD Src/main.o
LOAD Src/mpu6050_usr.o
LOAD Src/stm32f4xx_hal_msp.o
LOAD Src/stm32f4xx_hal_timebase_tim.o
LOAD Src/stm32f4xx_it.o
LOAD Src/syscalls.o
LOAD Src/system_stm32f4xx.o
LOAD Src/usb_device.o
LOAD Src/usbd_cdc_if.o
LOAD Src/usbd_conf.o
LOAD Src/usbd_desc.o
LOAD ros_lib/duration.o
LOAD ros_lib/time.o
LOAD startup/startup_stm32f405xx.o
LOAD usr/cpp_main.o
LOAD usr/ledStatus.o
LOAD usr/nbt.o
LOAD usr/ringbuffer.o
START GROUP
LOAD /home/igor/stm32cubeide/plugins/com.st.stm32cube.ide.mcu.externaltools.gnu-tools-for-stm32.7-2018-q2-update.linux64_1.0.0.201904181610/tools/bin/../lib/gcc/arm-none-eabi/7.3.1/../../../../arm-none-eabi/lib/thumb/v7e-m/fpv4-sp/hard/libstdc++_nano.a
LOAD /home/igor/stm32cubeide/plugins/com.st.stm32cube.ide.mcu.externaltools.gnu-tools-for-stm32.7-2018-q2-update.linux64_1.0.0.201904181610/tools/bin/../lib/gcc/arm-none-eabi/7.3.1/../../../../arm-none-eabi/lib/thumb/v7e-m/fpv4-sp/hard/libsupc++_nano.a
END GROUP
LOAD /home/igor/stm32cubeide/plugins/com.st.stm32cube.ide.mcu.externaltools.gnu-tools-for-stm32.7-2018-q2-update.linux64_1.0.0.201904181610/tools/bin/../lib/gcc/arm-none-eabi/7.3.1/../../../../arm-none-eabi/lib/thumb/v7e-m/fpv4-sp/hard/libstdc++_nano.a
LOAD /home/igor/stm32cubeide/plugins/com.st.stm32cube.ide.mcu.externaltools.gnu-tools-for-stm32.7-2018-q2-update.linux64_1.0.0.201904181610/tools/bin/../lib/gcc/arm-none-eabi/7.3.1/../../../../arm-none-eabi/lib/thumb/v7e-m/fpv4-sp/hard/libm.a
LOAD /home/igor/stm32cubeide/plugins/com.st.stm32cube.ide.mcu.externaltools.gnu-tools-for-stm32.7-2018-q2-update.linux64_1.0.0.201904181610/tools/bin/../lib/gcc/arm-none-eabi/7.3.1/../../../../arm-none-eabi/lib/thumb/v7e-m/fpv4-sp/hard/libc_nano.a
START GROUP
LOAD /home/igor/stm32cubeide/plugins/com.st.stm32cube.ide.mcu.externaltools.gnu-tools-for-stm32.7-2018-q2-update.linux64_1.0.0.201904181610/tools/bin/../lib/gcc/arm-none-eabi/7.3.1/thumb/v7e-m/fpv4-sp/hard/libgcc.a
LOAD /home/igor/stm32cubeide/plugins/com.st.stm32cube.ide.mcu.externaltools.gnu-tools-for-stm32.7-2018-q2-update.linux64_1.0.0.201904181610/tools/bin/../lib/gcc/arm-none-eabi/7.3.1/../../../../arm-none-eabi/lib/thumb/v7e-m/fpv4-sp/hard/libc_nano.a
END GROUP
START GROUP
LOAD /home/igor/stm32cubeide/plugins/com.st.stm32cube.ide.mcu.externaltools.gnu-tools-for-stm32.7-2018-q2-update.linux64_1.0.0.201904181610/tools/bin/../lib/gcc/arm-none-eabi/7.3.1/thumb/v7e-m/fpv4-sp/hard/libgcc.a
LOAD /home/igor/stm32cubeide/plugins/com.st.stm32cube.ide.mcu.externaltools.gnu-tools-for-stm32.7-2018-q2-update.linux64_1.0.0.201904181610/tools/bin/../lib/gcc/arm-none-eabi/7.3.1/../../../../arm-none-eabi/lib/thumb/v7e-m/fpv4-sp/hard/libc_nano.a
LOAD /home/igor/stm32cubeide/plugins/com.st.stm32cube.ide.mcu.externaltools.gnu-tools-for-stm32.7-2018-q2-update.linux64_1.0.0.201904181610/tools/bin/../lib/gcc/arm-none-eabi/7.3.1/../../../../arm-none-eabi/lib/thumb/v7e-m/fpv4-sp/hard/libnosys.a
END GROUP
START GROUP
LOAD /home/igor/stm32cubeide/plugins/com.st.stm32cube.ide.mcu.externaltools.gnu-tools-for-stm32.7-2018-q2-update.linux64_1.0.0.201904181610/tools/bin/../lib/gcc/arm-none-eabi/7.3.1/thumb/v7e-m/fpv4-sp/hard/libgcc.a
LOAD /home/igor/stm32cubeide/plugins/com.st.stm32cube.ide.mcu.externaltools.gnu-tools-for-stm32.7-2018-q2-update.linux64_1.0.0.201904181610/tools/bin/../lib/gcc/arm-none-eabi/7.3.1/../../../../arm-none-eabi/lib/thumb/v7e-m/fpv4-sp/hard/libc_nano.a
LOAD /home/igor/stm32cubeide/plugins/com.st.stm32cube.ide.mcu.externaltools.gnu-tools-for-stm32.7-2018-q2-update.linux64_1.0.0.201904181610/tools/bin/../lib/gcc/arm-none-eabi/7.3.1/../../../../arm-none-eabi/lib/thumb/v7e-m/fpv4-sp/hard/libnosys.a
END GROUP
LOAD /home/igor/stm32cubeide/plugins/com.st.stm32cube.ide.mcu.externaltools.gnu-tools-for-stm32.7-2018-q2-update.linux64_1.0.0.201904181610/tools/bin/../lib/gcc/arm-none-eabi/7.3.1/thumb/v7e-m/fpv4-sp/hard/crtend.o
LOAD /home/igor/stm32cubeide/plugins/com.st.stm32cube.ide.mcu.externaltools.gnu-tools-for-stm32.7-2018-q2-update.linux64_1.0.0.201904181610/tools/bin/../lib/gcc/arm-none-eabi/7.3.1/thumb/v7e-m/fpv4-sp/hard/crtn.o
                0x0000000020020000                _estack = 0x20020000
                0x0000000000000200                _Min_Heap_Size = 0x200
                0x0000000000000400                _Min_Stack_Size = 0x400

.isr_vector     0x0000000008000000      0x188
                0x0000000008000000                . = ALIGN (0x4)
 *(.isr_vector)
 .isr_vector    0x0000000008000000      0x188 startup/startup_stm32f405xx.o
                0x0000000008000000                g_pfnVectors
                0x0000000008000188                . = ALIGN (0x4)

.text           0x0000000008000190     0x9b8c
                0x0000000008000190                . = ALIGN (0x4)
 *(.text)
 .text          0x0000000008000190       0x40 /home/igor/stm32cubeide/plugins/com.st.stm32cube.ide.mcu.externaltools.gnu-tools-for-stm32.7-2018-q2-update.linux64_1.0.0.201904181610/tools/bin/../lib/gcc/arm-none-eabi/7.3.1/thumb/v7e-m/fpv4-sp/hard/crtbegin.o
 .text          0x00000000080001d0       0x10 /home/igor/stm32cubeide/plugins/com.st.stm32cube.ide.mcu.externaltools.gnu-tools-for-stm32.7-2018-q2-update.linux64_1.0.0.201904181610/tools/bin/../lib/gcc/arm-none-eabi/7.3.1/../../../../arm-none-eabi/lib/thumb/v7e-m/fpv4-sp/hard/libc_nano.a(lib_a-strlen.o)
                0x00000000080001d0                strlen
 .text          0x00000000080001e0       0x30 /home/igor/stm32cubeide/plugins/com.st.stm32cube.ide.mcu.externaltools.gnu-tools-for-stm32.7-2018-q2-update.linux64_1.0.0.201904181610/tools/bin/../lib/gcc/arm-none-eabi/7.3.1/thumb/v7e-m/fpv4-sp/hard/libgcc.a(_aeabi_uldivmod.o)
                0x00000000080001e0                __aeabi_uldivmod
 .text          0x0000000008000210      0x2cc /home/igor/stm32cubeide/plugins/com.st.stm32cube.ide.mcu.externaltools.gnu-tools-for-stm32.7-2018-q2-update.linux64_1.0.0.201904181610/tools/bin/../lib/gcc/arm-none-eabi/7.3.1/thumb/v7e-m/fpv4-sp/hard/libgcc.a(_udivmoddi4.o)
                0x0000000008000210                __udivmoddi4
 .text          0x00000000080004dc        0x4 /home/igor/stm32cubeide/plugins/com.st.stm32cube.ide.mcu.externaltools.gnu-tools-for-stm32.7-2018-q2-update.linux64_1.0.0.201904181610/tools/bin/../lib/gcc/arm-none-eabi/7.3.1/thumb/v7e-m/fpv4-sp/hard/libgcc.a(_dvmd_tls.o)
                0x00000000080004dc                __aeabi_ldiv0
                0x00000000080004dc                __aeabi_idiv0
 *(.text*)
 .text.HAL_Init
                0x00000000080004e0       0x34 Drivers/STM32F4xx_HAL_Driver/Src/stm32f4xx_hal.o
                0x00000000080004e0                HAL_Init
 .text.HAL_IncTick
                0x0000000008000514       0x18 Drivers/STM32F4xx_HAL_Driver/Src/stm32f4xx_hal.o
                0x0000000008000514                HAL_IncTick
 .text.HAL_GetTick
                0x000000000800052c        0xc Drivers/STM32F4xx_HAL_Driver/Src/stm32f4xx_hal.o
                0x000000000800052c                HAL_GetTick
 .text.HAL_Delay
                0x0000000008000538       0x24 Drivers/STM32F4xx_HAL_Driver/Src/stm32f4xx_hal.o
                0x0000000008000538                HAL_Delay
 .text.HAL_CAN_Init
                0x000000000800055c      0x104 Drivers/STM32F4xx_HAL_Driver/Src/stm32f4xx_hal_can.o
                0x000000000800055c                HAL_CAN_Init
 .text.HAL_CAN_ConfigFilter
                0x0000000008000660      0x10c Drivers/STM32F4xx_HAL_Driver/Src/stm32f4xx_hal_can.o
                0x0000000008000660                HAL_CAN_ConfigFilter
 .text.HAL_CAN_Start
                0x000000000800076c       0x5c Drivers/STM32F4xx_HAL_Driver/Src/stm32f4xx_hal_can.o
                0x000000000800076c                HAL_CAN_Start
 .text.HAL_CAN_AddTxMessage
                0x00000000080007c8       0xb0 Drivers/STM32F4xx_HAL_Driver/Src/stm32f4xx_hal_can.o
                0x00000000080007c8                HAL_CAN_AddTxMessage
 .text.HAL_CAN_GetRxMessage
                0x0000000008000878      0x100 Drivers/STM32F4xx_HAL_Driver/Src/stm32f4xx_hal_can.o
                0x0000000008000878                HAL_CAN_GetRxMessage
 .text.HAL_CAN_ActivateNotification
                0x0000000008000978       0x24 Drivers/STM32F4xx_HAL_Driver/Src/stm32f4xx_hal_can.o
                0x0000000008000978                HAL_CAN_ActivateNotification
 .text.HAL_CAN_TxMailbox0CompleteCallback
                0x000000000800099c        0x4 Drivers/STM32F4xx_HAL_Driver/Src/stm32f4xx_hal_can.o
                0x000000000800099c                HAL_CAN_TxMailbox0CompleteCallback
 .text.HAL_CAN_TxMailbox1CompleteCallback
                0x00000000080009a0        0x4 Drivers/STM32F4xx_HAL_Driver/Src/stm32f4xx_hal_can.o
                0x00000000080009a0                HAL_CAN_TxMailbox1CompleteCallback
 .text.HAL_CAN_TxMailbox2CompleteCallback
                0x00000000080009a4        0x4 Drivers/STM32F4xx_HAL_Driver/Src/stm32f4xx_hal_can.o
                0x00000000080009a4                HAL_CAN_TxMailbox2CompleteCallback
 .text.HAL_CAN_TxMailbox0AbortCallback
                0x00000000080009a8        0x4 Drivers/STM32F4xx_HAL_Driver/Src/stm32f4xx_hal_can.o
                0x00000000080009a8                HAL_CAN_TxMailbox0AbortCallback
 .text.HAL_CAN_TxMailbox1AbortCallback
                0x00000000080009ac        0x4 Drivers/STM32F4xx_HAL_Driver/Src/stm32f4xx_hal_can.o
                0x00000000080009ac                HAL_CAN_TxMailbox1AbortCallback
 .text.HAL_CAN_TxMailbox2AbortCallback
                0x00000000080009b0        0x4 Drivers/STM32F4xx_HAL_Driver/Src/stm32f4xx_hal_can.o
                0x00000000080009b0                HAL_CAN_TxMailbox2AbortCallback
 .text.HAL_CAN_RxFifo0FullCallback
                0x00000000080009b4        0x4 Drivers/STM32F4xx_HAL_Driver/Src/stm32f4xx_hal_can.o
                0x00000000080009b4                HAL_CAN_RxFifo0FullCallback
 .text.HAL_CAN_RxFifo1MsgPendingCallback
                0x00000000080009b8        0x4 Drivers/STM32F4xx_HAL_Driver/Src/stm32f4xx_hal_can.o
                0x00000000080009b8                HAL_CAN_RxFifo1MsgPendingCallback
 .text.HAL_CAN_RxFifo1FullCallback
                0x00000000080009bc        0x4 Drivers/STM32F4xx_HAL_Driver/Src/stm32f4xx_hal_can.o
                0x00000000080009bc                HAL_CAN_RxFifo1FullCallback
 .text.HAL_CAN_SleepCallback
                0x00000000080009c0        0x4 Drivers/STM32F4xx_HAL_Driver/Src/stm32f4xx_hal_can.o
                0x00000000080009c0                HAL_CAN_SleepCallback
 .text.HAL_CAN_WakeUpFromRxMsgCallback
                0x00000000080009c4        0x4 Drivers/STM32F4xx_HAL_Driver/Src/stm32f4xx_hal_can.o
                0x00000000080009c4                HAL_CAN_WakeUpFromRxMsgCallback
 .text.HAL_CAN_ErrorCallback
                0x00000000080009c8        0x4 Drivers/STM32F4xx_HAL_Driver/Src/stm32f4xx_hal_can.o
                0x00000000080009c8                HAL_CAN_ErrorCallback
 .text.HAL_CAN_IRQHandler
                0x00000000080009cc      0x250 Drivers/STM32F4xx_HAL_Driver/Src/stm32f4xx_hal_can.o
                0x00000000080009cc                HAL_CAN_IRQHandler
 .text.HAL_NVIC_SetPriorityGrouping
                0x0000000008000c1c       0x24 Drivers/STM32F4xx_HAL_Driver/Src/stm32f4xx_hal_cortex.o
                0x0000000008000c1c                HAL_NVIC_SetPriorityGrouping
 .text.HAL_NVIC_SetPriority
                0x0000000008000c40       0x6c Drivers/STM32F4xx_HAL_Driver/Src/stm32f4xx_hal_cortex.o
                0x0000000008000c40                HAL_NVIC_SetPriority
 .text.HAL_NVIC_EnableIRQ
                0x0000000008000cac       0x1c Drivers/STM32F4xx_HAL_Driver/Src/stm32f4xx_hal_cortex.o
                0x0000000008000cac                HAL_NVIC_EnableIRQ
 .text.HAL_DMA_Abort_IT
                0x0000000008000cc8       0x24 Drivers/STM32F4xx_HAL_Driver/Src/stm32f4xx_hal_dma.o
                0x0000000008000cc8                HAL_DMA_Abort_IT
 .text.HAL_DMA_GetState
                0x0000000008000cec        0x8 Drivers/STM32F4xx_HAL_Driver/Src/stm32f4xx_hal_dma.o
                0x0000000008000cec                HAL_DMA_GetState
 .text.HAL_GPIO_Init
                0x0000000008000cf4      0x208 Drivers/STM32F4xx_HAL_Driver/Src/stm32f4xx_hal_gpio.o
                0x0000000008000cf4                HAL_GPIO_Init
 .text.HAL_GPIO_WritePin
                0x0000000008000efc        0x8 Drivers/STM32F4xx_HAL_Driver/Src/stm32f4xx_hal_gpio.o
                0x0000000008000efc                HAL_GPIO_WritePin
 .text.HAL_GPIO_TogglePin
                0x0000000008000f04       0x10 Drivers/STM32F4xx_HAL_Driver/Src/stm32f4xx_hal_gpio.o
                0x0000000008000f04                HAL_GPIO_TogglePin
 .text.I2C_MemoryTransmit_TXE_BTF
                0x0000000008000f14       0x78 Drivers/STM32F4xx_HAL_Driver/Src/stm32f4xx_hal_i2c.o
 .text.I2C_RequestMemoryRead
                0x0000000008000f8c      0x288 Drivers/STM32F4xx_HAL_Driver/Src/stm32f4xx_hal_i2c.o
 .text.HAL_I2C_Init
                0x0000000008001214      0x180 Drivers/STM32F4xx_HAL_Driver/Src/stm32f4xx_hal_i2c.o
                0x0000000008001214                HAL_I2C_Init
 .text.HAL_I2C_Master_Transmit
                0x0000000008001394      0x300 Drivers/STM32F4xx_HAL_Driver/Src/stm32f4xx_hal_i2c.o
                0x0000000008001394                HAL_I2C_Master_Transmit
 .text.HAL_I2C_Mem_Read
                0x0000000008001694      0x310 Drivers/STM32F4xx_HAL_Driver/Src/stm32f4xx_hal_i2c.o
                0x0000000008001694                HAL_I2C_Mem_Read
 .text.HAL_I2C_MasterTxCpltCallback
                0x00000000080019a4        0x4 Drivers/STM32F4xx_HAL_Driver/Src/stm32f4xx_hal_i2c.o
                0x00000000080019a4                HAL_I2C_MasterTxCpltCallback
 .text.HAL_I2C_MasterRxCpltCallback
                0x00000000080019a8        0x4 Drivers/STM32F4xx_HAL_Driver/Src/stm32f4xx_hal_i2c.o
                0x00000000080019a8                HAL_I2C_MasterRxCpltCallback
 .text.HAL_I2C_SlaveTxCpltCallback
                0x00000000080019ac        0x4 Drivers/STM32F4xx_HAL_Driver/Src/stm32f4xx_hal_i2c.o
                0x00000000080019ac                HAL_I2C_SlaveTxCpltCallback
 .text.HAL_I2C_SlaveRxCpltCallback
                0x00000000080019b0        0x4 Drivers/STM32F4xx_HAL_Driver/Src/stm32f4xx_hal_i2c.o
                0x00000000080019b0                HAL_I2C_SlaveRxCpltCallback
 .text.HAL_I2C_AddrCallback
                0x00000000080019b4        0x4 Drivers/STM32F4xx_HAL_Driver/Src/stm32f4xx_hal_i2c.o
                0x00000000080019b4                HAL_I2C_AddrCallback
 .text.HAL_I2C_ListenCpltCallback
                0x00000000080019b8        0x4 Drivers/STM32F4xx_HAL_Driver/Src/stm32f4xx_hal_i2c.o
                0x00000000080019b8                HAL_I2C_ListenCpltCallback
 .text.HAL_I2C_MemTxCpltCallback
                0x00000000080019bc        0x4 Drivers/STM32F4xx_HAL_Driver/Src/stm32f4xx_hal_i2c.o
                0x00000000080019bc                HAL_I2C_MemTxCpltCallback
 .text.HAL_I2C_MemRxCpltCallback
                0x00000000080019c0        0x4 Drivers/STM32F4xx_HAL_Driver/Src/stm32f4xx_hal_i2c.o
                0x00000000080019c0                HAL_I2C_MemRxCpltCallback
 .text.HAL_I2C_ErrorCallback
                0x00000000080019c4        0x4 Drivers/STM32F4xx_HAL_Driver/Src/stm32f4xx_hal_i2c.o
                0x00000000080019c4                HAL_I2C_ErrorCallback
 .text.HAL_I2C_AbortCpltCallback
                0x00000000080019c8        0x4 Drivers/STM32F4xx_HAL_Driver/Src/stm32f4xx_hal_i2c.o
                0x00000000080019c8                HAL_I2C_AbortCpltCallback
 .text.I2C_DMAAbort
                0x00000000080019cc       0xb0 Drivers/STM32F4xx_HAL_Driver/Src/stm32f4xx_hal_i2c.o
 .text.HAL_I2C_EV_IRQHandler
                0x0000000008001a7c      0xa28 Drivers/STM32F4xx_HAL_Driver/Src/stm32f4xx_hal_i2c.o
                0x0000000008001a7c                HAL_I2C_EV_IRQHandler
 .text.HAL_PCD_Init
                0x00000000080024a4      0x118 Drivers/STM32F4xx_HAL_Driver/Src/stm32f4xx_hal_pcd.o
                0x00000000080024a4                HAL_PCD_Init
 .text.HAL_PCD_Start
                0x00000000080025bc       0x44 Drivers/STM32F4xx_HAL_Driver/Src/stm32f4xx_hal_pcd.o
                0x00000000080025bc                HAL_PCD_Start
 .text.HAL_PCD_IRQHandler
                0x0000000008002600      0x614 Drivers/STM32F4xx_HAL_Driver/Src/stm32f4xx_hal_pcd.o
                0x0000000008002600                HAL_PCD_IRQHandler
 .text.HAL_PCD_SetAddress
                0x0000000008002c14       0x28 Drivers/STM32F4xx_HAL_Driver/Src/stm32f4xx_hal_pcd.o
                0x0000000008002c14                HAL_PCD_SetAddress
 .text.HAL_PCD_EP_Open
                0x0000000008002c3c       0x68 Drivers/STM32F4xx_HAL_Driver/Src/stm32f4xx_hal_pcd.o
                0x0000000008002c3c                HAL_PCD_EP_Open
 .text.HAL_PCD_EP_Close
                0x0000000008002ca4       0x60 Drivers/STM32F4xx_HAL_Driver/Src/stm32f4xx_hal_pcd.o
                0x0000000008002ca4                HAL_PCD_EP_Close
 .text.HAL_PCD_EP_Receive
                0x0000000008002d04       0x50 Drivers/STM32F4xx_HAL_Driver/Src/stm32f4xx_hal_pcd.o
                0x0000000008002d04                HAL_PCD_EP_Receive
 .text.HAL_PCD_EP_GetRxCount
                0x0000000008002d54       0x14 Drivers/STM32F4xx_HAL_Driver/Src/stm32f4xx_hal_pcd.o
                0x0000000008002d54                HAL_PCD_EP_GetRxCount
 .text.HAL_PCD_EP_Transmit
                0x0000000008002d68       0x48 Drivers/STM32F4xx_HAL_Driver/Src/stm32f4xx_hal_pcd.o
                0x0000000008002d68                HAL_PCD_EP_Transmit
 .text.HAL_PCD_EP_SetStall
                0x0000000008002db0       0x88 Drivers/STM32F4xx_HAL_Driver/Src/stm32f4xx_hal_pcd.o
                0x0000000008002db0                HAL_PCD_EP_SetStall
 .text.HAL_PCD_EP_ClrStall
                0x0000000008002e38       0x70 Drivers/STM32F4xx_HAL_Driver/Src/stm32f4xx_hal_pcd.o
                0x0000000008002e38                HAL_PCD_EP_ClrStall
 .text.HAL_PCDEx_SetTxFiFo
                0x0000000008002ea8       0x48 Drivers/STM32F4xx_HAL_Driver/Src/stm32f4xx_hal_pcd_ex.o
                0x0000000008002ea8                HAL_PCDEx_SetTxFiFo
 .text.HAL_PCDEx_SetRxFiFo
                0x0000000008002ef0        0x8 Drivers/STM32F4xx_HAL_Driver/Src/stm32f4xx_hal_pcd_ex.o
                0x0000000008002ef0                HAL_PCDEx_SetRxFiFo
 .text.HAL_PCDEx_LPM_Callback
                0x0000000008002ef8        0x4 Drivers/STM32F4xx_HAL_Driver/Src/stm32f4xx_hal_pcd_ex.o
                0x0000000008002ef8                HAL_PCDEx_LPM_Callback
 .text.HAL_RCC_OscConfig
                0x0000000008002efc      0x3bc Drivers/STM32F4xx_HAL_Driver/Src/stm32f4xx_hal_rcc.o
                0x0000000008002efc                HAL_RCC_OscConfig
 .text.HAL_RCC_GetSysClockFreq
                0x00000000080032b8       0x60 Drivers/STM32F4xx_HAL_Driver/Src/stm32f4xx_hal_rcc.o
                0x00000000080032b8                HAL_RCC_GetSysClockFreq
 .text.HAL_RCC_ClockConfig
                0x0000000008003318      0x13c Drivers/STM32F4xx_HAL_Driver/Src/stm32f4xx_hal_rcc.o
                0x0000000008003318                HAL_RCC_ClockConfig
 .text.HAL_RCC_GetHCLKFreq
                0x0000000008003454        0xc Drivers/STM32F4xx_HAL_Driver/Src/stm32f4xx_hal_rcc.o
                0x0000000008003454                HAL_RCC_GetHCLKFreq
 .text.HAL_RCC_GetPCLK1Freq
                0x0000000008003460       0x20 Drivers/STM32F4xx_HAL_Driver/Src/stm32f4xx_hal_rcc.o
                0x0000000008003460                HAL_RCC_GetPCLK1Freq
 .text.HAL_RCC_GetClockConfig
                0x0000000008003480       0x44 Drivers/STM32F4xx_HAL_Driver/Src/stm32f4xx_hal_rcc.o
                0x0000000008003480                HAL_RCC_GetClockConfig
 .text.HAL_TIM_Base_MspInit
                0x00000000080034c4        0x4 Drivers/STM32F4xx_HAL_Driver/Src/stm32f4xx_hal_tim.o
                0x00000000080034c4                HAL_TIM_Base_MspInit
 .text.HAL_TIM_Base_Init
                0x00000000080034c8      0x108 Drivers/STM32F4xx_HAL_Driver/Src/stm32f4xx_hal_tim.o
                0x00000000080034c8                HAL_TIM_Base_Init
 .text.HAL_TIM_Base_Start_IT
                0x00000000080035d0       0x20 Drivers/STM32F4xx_HAL_Driver/Src/stm32f4xx_hal_tim.o
                0x00000000080035d0                HAL_TIM_Base_Start_IT
 .text.HAL_TIM_OC_DelayElapsedCallback
                0x00000000080035f0        0x4 Drivers/STM32F4xx_HAL_Driver/Src/stm32f4xx_hal_tim.o
                0x00000000080035f0                HAL_TIM_OC_DelayElapsedCallback
 .text.HAL_TIM_IC_CaptureCallback
                0x00000000080035f4        0x4 Drivers/STM32F4xx_HAL_Driver/Src/stm32f4xx_hal_tim.o
                0x00000000080035f4                HAL_TIM_IC_CaptureCallback
 .text.HAL_TIM_PWM_PulseFinishedCallback
                0x00000000080035f8        0x4 Drivers/STM32F4xx_HAL_Driver/Src/stm32f4xx_hal_tim.o
                0x00000000080035f8                HAL_TIM_PWM_PulseFinishedCallback
 .text.HAL_TIM_TriggerCallback
                0x00000000080035fc        0x4 Drivers/STM32F4xx_HAL_Driver/Src/stm32f4xx_hal_tim.o
                0x00000000080035fc                HAL_TIM_TriggerCallback
 .text.HAL_TIM_IRQHandler
                0x0000000008003600      0x154 Drivers/STM32F4xx_HAL_Driver/Src/stm32f4xx_hal_tim.o
                0x0000000008003600                HAL_TIM_IRQHandler
 .text.HAL_TIMEx_CommutCallback
                0x0000000008003754        0x4 Drivers/STM32F4xx_HAL_Driver/Src/stm32f4xx_hal_tim_ex.o
                0x0000000008003754                HAL_TIMEx_CommutCallback
 .text.HAL_TIMEx_BreakCallback
                0x0000000008003758        0x4 Drivers/STM32F4xx_HAL_Driver/Src/stm32f4xx_hal_tim_ex.o
                0x0000000008003758                HAL_TIMEx_BreakCallback
 .text.USB_CoreInit
                0x000000000800375c       0xd4 Drivers/STM32F4xx_HAL_Driver/Src/stm32f4xx_ll_usb.o
                0x000000000800375c                USB_CoreInit
 .text.USB_SetTurnaroundTime
                0x0000000008003830       0xf8 Drivers/STM32F4xx_HAL_Driver/Src/stm32f4xx_ll_usb.o
                0x0000000008003830                USB_SetTurnaroundTime
 .text.USB_EnableGlobalInt
                0x0000000008003928       0x10 Drivers/STM32F4xx_HAL_Driver/Src/stm32f4xx_ll_usb.o
                0x0000000008003928                USB_EnableGlobalInt
 .text.USB_DisableGlobalInt
                0x0000000008003938       0x10 Drivers/STM32F4xx_HAL_Driver/Src/stm32f4xx_ll_usb.o
                0x0000000008003938                USB_DisableGlobalInt
 .text.USB_SetCurrentMode
                0x0000000008003948       0x30 Drivers/STM32F4xx_HAL_Driver/Src/stm32f4xx_ll_usb.o
                0x0000000008003948                USB_SetCurrentMode
 .text.USB_DevInit
                0x0000000008003978      0x1d8 Drivers/STM32F4xx_HAL_Driver/Src/stm32f4xx_ll_usb.o
                0x0000000008003978                USB_DevInit
 .text.USB_FlushTxFifo
                0x0000000008003b50       0x24 Drivers/STM32F4xx_HAL_Driver/Src/stm32f4xx_ll_usb.o
                0x0000000008003b50                USB_FlushTxFifo
 .text.USB_GetDevSpeed
                0x0000000008003b74       0x18 Drivers/STM32F4xx_HAL_Driver/Src/stm32f4xx_ll_usb.o
                0x0000000008003b74                USB_GetDevSpeed
 .text.USB_ActivateEndpoint
                0x0000000008003b8c       0x88 Drivers/STM32F4xx_HAL_Driver/Src/stm32f4xx_ll_usb.o
                0x0000000008003b8c                USB_ActivateEndpoint
 .text.USB_DeactivateEndpoint
                0x0000000008003c14       0xc0 Drivers/STM32F4xx_HAL_Driver/Src/stm32f4xx_ll_usb.o
                0x0000000008003c14                USB_DeactivateEndpoint
 .text.USB_EPStartXfer
                0x0000000008003cd4      0x224 Drivers/STM32F4xx_HAL_Driver/Src/stm32f4xx_ll_usb.o
                0x0000000008003cd4                USB_EPStartXfer
 .text.USB_EP0StartXfer
                0x0000000008003ef8      0x10c Drivers/STM32F4xx_HAL_Driver/Src/stm32f4xx_ll_usb.o
                0x0000000008003ef8                USB_EP0StartXfer
 .text.USB_WritePacket
                0x0000000008004004       0x2c Drivers/STM32F4xx_HAL_Driver/Src/stm32f4xx_ll_usb.o
                0x0000000008004004                USB_WritePacket
 .text.USB_ReadPacket
                0x0000000008004030       0x28 Drivers/STM32F4xx_HAL_Driver/Src/stm32f4xx_ll_usb.o
                0x0000000008004030                USB_ReadPacket
 .text.USB_EPSetStall
                0x0000000008004058       0x58 Drivers/STM32F4xx_HAL_Driver/Src/stm32f4xx_ll_usb.o
                0x0000000008004058                USB_EPSetStall
 .text.USB_EPClearStall
                0x00000000080040b0       0x58 Drivers/STM32F4xx_HAL_Driver/Src/stm32f4xx_ll_usb.o
                0x00000000080040b0                USB_EPClearStall
 .text.USB_SetDevAddress
                0x0000000008004108       0x20 Drivers/STM32F4xx_HAL_Driver/Src/stm32f4xx_ll_usb.o
                0x0000000008004108                USB_SetDevAddress
 .text.USB_DevConnect
                0x0000000008004128       0x18 Drivers/STM32F4xx_HAL_Driver/Src/stm32f4xx_ll_usb.o
                0x0000000008004128                USB_DevConnect
 .text.USB_DevDisconnect
                0x0000000008004140       0x18 Drivers/STM32F4xx_HAL_Driver/Src/stm32f4xx_ll_usb.o
                0x0000000008004140                USB_DevDisconnect
 .text.USB_ReadInterrupts
                0x0000000008004158        0x8 Drivers/STM32F4xx_HAL_Driver/Src/stm32f4xx_ll_usb.o
                0x0000000008004158                USB_ReadInterrupts
 .text.USB_ReadDevAllOutEpInterrupt
                0x0000000008004160       0x10 Drivers/STM32F4xx_HAL_Driver/Src/stm32f4xx_ll_usb.o
                0x0000000008004160                USB_ReadDevAllOutEpInterrupt
 .text.USB_ReadDevAllInEpInterrupt
                0x0000000008004170       0x10 Drivers/STM32F4xx_HAL_Driver/Src/stm32f4xx_ll_usb.o
                0x0000000008004170                USB_ReadDevAllInEpInterrupt
 .text.USB_ReadDevOutEPInterrupt
                0x0000000008004180       0x14 Drivers/STM32F4xx_HAL_Driver/Src/stm32f4xx_ll_usb.o
                0x0000000008004180                USB_ReadDevOutEPInterrupt
 .text.USB_ReadDevInEPInterrupt
                0x0000000008004194       0x28 Drivers/STM32F4xx_HAL_Driver/Src/stm32f4xx_ll_usb.o
                0x0000000008004194                USB_ReadDevInEPInterrupt
 .text.USB_GetMode
                0x00000000080041bc        0x8 Drivers/STM32F4xx_HAL_Driver/Src/stm32f4xx_ll_usb.o
                0x00000000080041bc                USB_GetMode
 .text.USB_ActivateSetup
                0x00000000080041c4       0x20 Drivers/STM32F4xx_HAL_Driver/Src/stm32f4xx_ll_usb.o
                0x00000000080041c4                USB_ActivateSetup
 .text.USB_EP0_OutStart
                0x00000000080041e4       0x50 Drivers/STM32F4xx_HAL_Driver/Src/stm32f4xx_ll_usb.o
                0x00000000080041e4                USB_EP0_OutStart
 .text.USBD_CDC_EP0_RxReady
                0x0000000008004234       0x2c Middlewares/ST/STM32_USB_Device_Library/Class/CDC/Src/usbd_cdc.o
 .text.USBD_CDC_GetFSCfgDesc
                0x0000000008004260        0xc Middlewares/ST/STM32_USB_Device_Library/Class/CDC/Src/usbd_cdc.o
 .text.USBD_CDC_GetHSCfgDesc
                0x000000000800426c        0xc Middlewares/ST/STM32_USB_Device_Library/Class/CDC/Src/usbd_cdc.o
 .text.USBD_CDC_GetOtherSpeedCfgDesc
                0x0000000008004278        0xc Middlewares/ST/STM32_USB_Device_Library/Class/CDC/Src/usbd_cdc.o
 .text.USBD_CDC_GetDeviceQualifierDescriptor
                0x0000000008004284        0xc Middlewares/ST/STM32_USB_Device_Library/Class/CDC/Src/usbd_cdc.o
                0x0000000008004284                USBD_CDC_GetDeviceQualifierDescriptor
 .text.USBD_CDC_DataOut
                0x0000000008004290       0x2c Middlewares/ST/STM32_USB_Device_Library/Class/CDC/Src/usbd_cdc.o
 .text.USBD_CDC_DataIn
                0x00000000080042bc       0x60 Middlewares/ST/STM32_USB_Device_Library/Class/CDC/Src/usbd_cdc.o
 .text.USBD_CDC_Setup
                0x000000000800431c      0x100 Middlewares/ST/STM32_USB_Device_Library/Class/CDC/Src/usbd_cdc.o
 .text.USBD_CDC_DeInit
                0x000000000800441c       0x44 Middlewares/ST/STM32_USB_Device_Library/Class/CDC/Src/usbd_cdc.o
 .text.USBD_CDC_Init
                0x0000000008004460       0xb8 Middlewares/ST/STM32_USB_Device_Library/Class/CDC/Src/usbd_cdc.o
 .text.USBD_CDC_RegisterInterface
                0x0000000008004518       0x10 Middlewares/ST/STM32_USB_Device_Library/Class/CDC/Src/usbd_cdc.o
                0x0000000008004518                USBD_CDC_RegisterInterface
 .text.USBD_CDC_SetTxBuffer
                0x0000000008004528       0x10 Middlewares/ST/STM32_USB_Device_Library/Class/CDC/Src/usbd_cdc.o
                0x0000000008004528                USBD_CDC_SetTxBuffer
 .text.USBD_CDC_SetRxBuffer
                0x0000000008004538        0xc Middlewares/ST/STM32_USB_Device_Library/Class/CDC/Src/usbd_cdc.o
                0x0000000008004538                USBD_CDC_SetRxBuffer
 .text.USBD_CDC_TransmitPacket
                0x0000000008004544       0x30 Middlewares/ST/STM32_USB_Device_Library/Class/CDC/Src/usbd_cdc.o
                0x0000000008004544                USBD_CDC_TransmitPacket
 .text.USBD_CDC_ReceivePacket
                0x0000000008004574       0x30 Middlewares/ST/STM32_USB_Device_Library/Class/CDC/Src/usbd_cdc.o
                0x0000000008004574                USBD_CDC_ReceivePacket
 .text.USBD_Init
                0x00000000080045a4       0x30 Middlewares/ST/STM32_USB_Device_Library/Core/Src/usbd_core.o
                0x00000000080045a4                USBD_Init
 .text.USBD_RegisterClass
                0x00000000080045d4       0x28 Middlewares/ST/STM32_USB_Device_Library/Core/Src/usbd_core.o
                0x00000000080045d4                USBD_RegisterClass
 .text.USBD_Start
                0x00000000080045fc        0x4 Middlewares/ST/STM32_USB_Device_Library/Core/Src/usbd_core.o
                0x00000000080045fc                USBD_Start
 .text.USBD_SetClassConfig
                0x0000000008004600       0x10 Middlewares/ST/STM32_USB_Device_Library/Core/Src/usbd_core.o
                0x0000000008004600                USBD_SetClassConfig
 .text.USBD_ClrClassConfig
                0x0000000008004610       0x10 Middlewares/ST/STM32_USB_Device_Library/Core/Src/usbd_core.o
                0x0000000008004610                USBD_ClrClassConfig
 .text.USBD_LL_SetupStage
                0x0000000008004620       0x60 Middlewares/ST/STM32_USB_Device_Library/Core/Src/usbd_core.o
                0x0000000008004620                USBD_LL_SetupStage
 .text.USBD_LL_DataOutStage
                0x0000000008004680       0x6c Middlewares/ST/STM32_USB_Device_Library/Core/Src/usbd_core.o
                0x0000000008004680                USBD_LL_DataOutStage
 .text.USBD_LL_DataInStage
                0x00000000080046ec       0xc4 Middlewares/ST/STM32_USB_Device_Library/Core/Src/usbd_core.o
                0x00000000080046ec                USBD_LL_DataInStage
 .text.USBD_LL_Reset
                0x00000000080047b0       0x50 Middlewares/ST/STM32_USB_Device_Library/Core/Src/usbd_core.o
                0x00000000080047b0                USBD_LL_Reset
 .text.USBD_LL_SetSpeed
                0x0000000008004800        0x8 Middlewares/ST/STM32_USB_Device_Library/Core/Src/usbd_core.o
                0x0000000008004800                USBD_LL_SetSpeed
 .text.USBD_LL_Suspend
                0x0000000008004808       0x14 Middlewares/ST/STM32_USB_Device_Library/Core/Src/usbd_core.o
                0x0000000008004808                USBD_LL_Suspend
 .text.USBD_LL_Resume
                0x000000000800481c       0x14 Middlewares/ST/STM32_USB_Device_Library/Core/Src/usbd_core.o
                0x000000000800481c                USBD_LL_Resume
 .text.USBD_LL_SOF
                0x0000000008004830       0x1c Middlewares/ST/STM32_USB_Device_Library/Core/Src/usbd_core.o
                0x0000000008004830                USBD_LL_SOF
 .text.USBD_LL_IsoINIncomplete
                0x000000000800484c        0x4 Middlewares/ST/STM32_USB_Device_Library/Core/Src/usbd_core.o
                0x000000000800484c                USBD_LL_IsoINIncomplete
 .text.USBD_LL_IsoOUTIncomplete
                0x0000000008004850        0x4 Middlewares/ST/STM32_USB_Device_Library/Core/Src/usbd_core.o
                0x0000000008004850                USBD_LL_IsoOUTIncomplete
 .text.USBD_LL_DevConnected
                0x0000000008004854        0x4 Middlewares/ST/STM32_USB_Device_Library/Core/Src/usbd_core.o
                0x0000000008004854                USBD_LL_DevConnected
 .text.USBD_LL_DevDisconnected
                0x0000000008004858       0x1c Middlewares/ST/STM32_USB_Device_Library/Core/Src/usbd_core.o
                0x0000000008004858                USBD_LL_DevDisconnected
 .text.USBD_StdDevReq
                0x0000000008004874      0x344 Middlewares/ST/STM32_USB_Device_Library/Core/Src/usbd_ctlreq.o
                0x0000000008004874                USBD_StdDevReq
 .text.USBD_StdItfReq
                0x0000000008004bb8       0x5c Middlewares/ST/STM32_USB_Device_Library/Core/Src/usbd_ctlreq.o
                0x0000000008004bb8                USBD_StdItfReq
 .text.USBD_StdEPReq
                0x0000000008004c14      0x134 Middlewares/ST/STM32_USB_Device_Library/Core/Src/usbd_ctlreq.o
                0x0000000008004c14                USBD_StdEPReq
 .text.USBD_ParseSetupRequest
                0x0000000008004d48       0x28 Middlewares/ST/STM32_USB_Device_Library/Core/Src/usbd_ctlreq.o
                0x0000000008004d48                USBD_ParseSetupRequest
 .text.USBD_CtlError
                0x0000000008004d70       0x18 Middlewares/ST/STM32_USB_Device_Library/Core/Src/usbd_ctlreq.o
                0x0000000008004d70                USBD_CtlError
 .text.USBD_GetString
                0x0000000008004d88       0x4c Middlewares/ST/STM32_USB_Device_Library/Core/Src/usbd_ctlreq.o
                0x0000000008004d88                USBD_GetString
 .text.USBD_CtlSendData
                0x0000000008004dd4       0x1c Middlewares/ST/STM32_USB_Device_Library/Core/Src/usbd_ioreq.o
                0x0000000008004dd4                USBD_CtlSendData
 .text.USBD_CtlContinueSendData
                0x0000000008004df0       0x10 Middlewares/ST/STM32_USB_Device_Library/Core/Src/usbd_ioreq.o
                0x0000000008004df0                USBD_CtlContinueSendData
 .text.USBD_CtlPrepareRx
                0x0000000008004e00       0x20 Middlewares/ST/STM32_USB_Device_Library/Core/Src/usbd_ioreq.o
                0x0000000008004e00                USBD_CtlPrepareRx
 .text.USBD_CtlContinueRx
                0x0000000008004e20       0x10 Middlewares/ST/STM32_USB_Device_Library/Core/Src/usbd_ioreq.o
                0x0000000008004e20                USBD_CtlContinueRx
 .text.USBD_CtlSendStatus
                0x0000000008004e30       0x18 Middlewares/ST/STM32_USB_Device_Library/Core/Src/usbd_ioreq.o
                0x0000000008004e30                USBD_CtlSendStatus
 .text.USBD_CtlReceiveStatus
                0x0000000008004e48       0x18 Middlewares/ST/STM32_USB_Device_Library/Core/Src/usbd_ioreq.o
                0x0000000008004e48                USBD_CtlReceiveStatus
 .text.osKernelStart
                0x0000000008004e60        0xc Middlewares/Third_Party/FreeRTOS/Source/CMSIS_RTOS/cmsis_os.o
                0x0000000008004e60                osKernelStart
 .text.osThreadCreate
                0x0000000008004e6c       0x54 Middlewares/Third_Party/FreeRTOS/Source/CMSIS_RTOS/cmsis_os.o
                0x0000000008004e6c                osThreadCreate
 .text.osDelay  0x0000000008004ec0       0x10 Middlewares/Third_Party/FreeRTOS/Source/CMSIS_RTOS/cmsis_os.o
                0x0000000008004ec0                osDelay
 .text.vListInitialise
                0x0000000008004ed0       0x18 Middlewares/Third_Party/FreeRTOS/Source/list.o
                0x0000000008004ed0                vListInitialise
 .text.vListInitialiseItem
                0x0000000008004ee8        0x8 Middlewares/Third_Party/FreeRTOS/Source/list.o
                0x0000000008004ee8                vListInitialiseItem
 .text.vListInsertEnd
                0x0000000008004ef0       0x20 Middlewares/Third_Party/FreeRTOS/Source/list.o
                0x0000000008004ef0                vListInsertEnd
 .text.vListInsert
                0x0000000008004f10       0x34 Middlewares/Third_Party/FreeRTOS/Source/list.o
                0x0000000008004f10                vListInsert
 .text.uxListRemove
                0x0000000008004f44       0x28 Middlewares/Third_Party/FreeRTOS/Source/list.o
                0x0000000008004f44                uxListRemove
 .text.prvAddNewTaskToReadyList
                0x0000000008004f6c      0x118 Middlewares/Third_Party/FreeRTOS/Source/tasks.o
 .text.prvInitialiseNewTask.isra.2
                0x0000000008005084      0x118 Middlewares/Third_Party/FreeRTOS/Source/tasks.o
 .text.prvAddCurrentTaskToDelayedList
                0x000000000800519c       0x8c Middlewares/Third_Party/FreeRTOS/Source/tasks.o
 .text.prvIdleTask
                0x0000000008005228       0xa0 Middlewares/Third_Party/FreeRTOS/Source/tasks.o
 .text.xTaskCreateStatic
                0x00000000080052c8       0x70 Middlewares/Third_Party/FreeRTOS/Source/tasks.o
                0x00000000080052c8                xTaskCreateStatic
 .text.xTaskCreate
                0x0000000008005338      0x158 Middlewares/Third_Party/FreeRTOS/Source/tasks.o
                0x0000000008005338                xTaskCreate
 .text.vTaskStartScheduler
                0x0000000008005490       0xc4 Middlewares/Third_Party/FreeRTOS/Source/tasks.o
                0x0000000008005490                vTaskStartScheduler
 .text.vTaskSuspendAll
                0x0000000008005554       0x10 Middlewares/Third_Party/FreeRTOS/Source/tasks.o
                0x0000000008005554                vTaskSuspendAll
 .text.xTaskIncrementTick
                0x0000000008005564      0x158 Middlewares/Third_Party/FreeRTOS/Source/tasks.o
                0x0000000008005564                xTaskIncrementTick
 .text.xTaskResumeAll
                0x00000000080056bc      0x114 Middlewares/Third_Party/FreeRTOS/Source/tasks.o
                0x00000000080056bc                xTaskResumeAll
 .text.vTaskDelay
                0x00000000080057d0       0x48 Middlewares/Third_Party/FreeRTOS/Source/tasks.o
                0x00000000080057d0                vTaskDelay
 .text.vTaskSwitchContext
                0x0000000008005818       0x7c Middlewares/Third_Party/FreeRTOS/Source/tasks.o
                0x0000000008005818                vTaskSwitchContext
 .text.prvTaskExitError
                0x0000000008005894       0x40 Middlewares/Third_Party/FreeRTOS/Source/portable/GCC/ARM_CM4F/port.o
 .text.unlikely.prvPortStartFirstTask
                0x00000000080058d4       0x28 Middlewares/Third_Party/FreeRTOS/Source/portable/GCC/ARM_CM4F/port.o
 .text.unlikely.vPortEnableVFP
                0x00000000080058fc       0x14 Middlewares/Third_Party/FreeRTOS/Source/portable/GCC/ARM_CM4F/port.o
 .text.pxPortInitialiseStack
                0x0000000008005910       0x2c Middlewares/Third_Party/FreeRTOS/Source/portable/GCC/ARM_CM4F/port.o
                0x0000000008005910                pxPortInitialiseStack
 *fill*         0x000000000800593c        0x4 
 .text.SVC_Handler
                0x0000000008005940       0x24 Middlewares/Third_Party/FreeRTOS/Source/portable/GCC/ARM_CM4F/port.o
                0x0000000008005940                SVC_Handler
 .text.vPortEnterCritical
                0x0000000008005964       0x44 Middlewares/Third_Party/FreeRTOS/Source/portable/GCC/ARM_CM4F/port.o
                0x0000000008005964                vPortEnterCritical
 .text.vPortExitCritical
                0x00000000080059a8       0x28 Middlewares/Third_Party/FreeRTOS/Source/portable/GCC/ARM_CM4F/port.o
                0x00000000080059a8                vPortExitCritical
 .text.PendSV_Handler
                0x00000000080059d0       0x64 Middlewares/Third_Party/FreeRTOS/Source/portable/GCC/ARM_CM4F/port.o
                0x00000000080059d0                PendSV_Handler
 .text.SysTick_Handler
                0x0000000008005a34       0x2c Middlewares/Third_Party/FreeRTOS/Source/portable/GCC/ARM_CM4F/port.o
                0x0000000008005a34                SysTick_Handler
 .text.vPortSetupTimerInterrupt
                0x0000000008005a60       0x3c Middlewares/Third_Party/FreeRTOS/Source/portable/GCC/ARM_CM4F/port.o
                0x0000000008005a60                vPortSetupTimerInterrupt
 .text.xPortStartScheduler
                0x0000000008005a9c      0x110 Middlewares/Third_Party/FreeRTOS/Source/portable/GCC/ARM_CM4F/port.o
                0x0000000008005a9c                xPortStartScheduler
 .text.unlikely.prvInsertBlockIntoFreeList
                0x0000000008005bac       0x50 Middlewares/Third_Party/FreeRTOS/Source/portable/MemMang/heap_4.o
 .text.pvPortMalloc
                0x0000000008005bfc      0x118 Middlewares/Third_Party/FreeRTOS/Source/portable/MemMang/heap_4.o
                0x0000000008005bfc                pvPortMalloc
 .text.vPortFree
                0x0000000008005d14       0x70 Middlewares/Third_Party/FreeRTOS/Source/portable/MemMang/heap_4.o
                0x0000000008005d14                vPortFree
 .text.vApplicationGetIdleTaskMemory
                0x0000000008005d84       0x1c Src/freertos.o
                0x0000000008005d84                vApplicationGetIdleTaskMemory
 .text.StartDefaultTask
                0x0000000008005da0       0x1c Src/main.o
                0x0000000008005da0                StartDefaultTask
 .text.StartTask02
                0x0000000008005dbc       0x18 Src/main.o
                0x0000000008005dbc                StartTask02
 .text.StartTask03
                0x0000000008005dd4       0xac Src/main.o
                0x0000000008005dd4                StartTask03
 .text.StartTask04
                0x0000000008005e80       0x10 Src/main.o
                0x0000000008005e80                StartTask04
 .text.SystemClock_Config
                0x0000000008005e90       0x94 Src/main.o
                0x0000000008005e90                SystemClock_Config
 .text.startup.main
                0x0000000008005f24      0x228 Src/main.o
                0x0000000008005f24                main
 .text.HAL_CAN_RxFifo0MsgPendingCallback
                0x000000000800614c       0xb0 Src/main.o
                0x000000000800614c                HAL_CAN_RxFifo0MsgPendingCallback
 .text.HAL_TIM_PeriodElapsedCallback
                0x00000000080061fc       0x14 Src/main.o
                0x00000000080061fc                HAL_TIM_PeriodElapsedCallback
 .text.Error_Handler
                0x0000000008006210        0x4 Src/main.o
                0x0000000008006210                Error_Handler
 .text.sensor_ini
                0x0000000008006214      0x200 Src/mpu6050_usr.o
                0x0000000008006214                sensor_ini
 .text.MPU6050_init
                0x0000000008006414       0x54 Src/mpu6050_usr.o
                0x0000000008006414                MPU6050_init
 .text.MPU6050_getAllData
                0x0000000008006468      0x204 Src/mpu6050_usr.o
                0x0000000008006468                MPU6050_getAllData
 .text.HAL_MspInit
                0x000000000800666c       0x40 Src/stm32f4xx_hal_msp.o
                0x000000000800666c                HAL_MspInit
 .text.HAL_CAN_MspInit
                0x00000000080066ac       0x8c Src/stm32f4xx_hal_msp.o
                0x00000000080066ac                HAL_CAN_MspInit
 .text.HAL_I2C_MspInit
                0x0000000008006738       0x84 Src/stm32f4xx_hal_msp.o
                0x0000000008006738                HAL_I2C_MspInit
 .text.HAL_InitTick
                0x00000000080067bc       0x80 Src/stm32f4xx_hal_timebase_tim.o
                0x00000000080067bc                HAL_InitTick
 .text.NMI_Handler
                0x000000000800683c        0x4 Src/stm32f4xx_it.o
                0x000000000800683c                NMI_Handler
 .text.HardFault_Handler
                0x0000000008006840        0x4 Src/stm32f4xx_it.o
                0x0000000008006840                HardFault_Handler
 .text.MemManage_Handler
                0x0000000008006844        0x4 Src/stm32f4xx_it.o
                0x0000000008006844                MemManage_Handler
 .text.BusFault_Handler
                0x0000000008006848        0x4 Src/stm32f4xx_it.o
                0x0000000008006848                BusFault_Handler
 .text.UsageFault_Handler
                0x000000000800684c        0x4 Src/stm32f4xx_it.o
                0x000000000800684c                UsageFault_Handler
 .text.DebugMon_Handler
                0x0000000008006850        0x4 Src/stm32f4xx_it.o
                0x0000000008006850                DebugMon_Handler
 .text.CAN1_RX0_IRQHandler
                0x0000000008006854        0xc Src/stm32f4xx_it.o
                0x0000000008006854                CAN1_RX0_IRQHandler
 .text.CAN1_RX1_IRQHandler
                0x0000000008006860        0xc Src/stm32f4xx_it.o
                0x0000000008006860                CAN1_RX1_IRQHandler
 .text.TIM3_IRQHandler
                0x000000000800686c       0x1c Src/stm32f4xx_it.o
                0x000000000800686c                TIM3_IRQHandler
 .text.I2C1_EV_IRQHandler
                0x0000000008006888        0xc Src/stm32f4xx_it.o
                0x0000000008006888                I2C1_EV_IRQHandler
 .text.OTG_FS_IRQHandler
                0x0000000008006894        0xc Src/stm32f4xx_it.o
                0x0000000008006894                OTG_FS_IRQHandler
 .text._sbrk    0x00000000080068a0       0x3c Src/syscalls.o
                0x00000000080068a0                _sbrk
 .text.SystemInit
                0x00000000080068dc       0x1c Src/system_stm32f4xx.o
                0x00000000080068dc                SystemInit
 .text.MX_USB_DEVICE_Init
                0x00000000080068f8       0x58 Src/usb_device.o
                0x00000000080068f8                MX_USB_DEVICE_Init
 .text.CDC_DeInit_FS
                0x0000000008006950        0x4 Src/usbd_cdc_if.o
 .text.CDC_Control_FS
                0x0000000008006954        0x4 Src/usbd_cdc_if.o
 .text.CDC_TransmitCplt_FS
                0x0000000008006958        0x4 Src/usbd_cdc_if.o
 .text.CDC_Receive_FS
                0x000000000800695c       0x64 Src/usbd_cdc_if.o
 .text.CDC_Init_FS
                0x00000000080069c0       0x2c Src/usbd_cdc_if.o
 .text.CDC_Transmit_FS
                0x00000000080069ec       0x2c Src/usbd_cdc_if.o
                0x00000000080069ec                CDC_Transmit_FS
 .text.HAL_PCD_MspInit
                0x0000000008006a18       0x94 Src/usbd_conf.o
                0x0000000008006a18                HAL_PCD_MspInit
 .text.HAL_PCD_SetupStageCallback
                0x0000000008006aac        0xc Src/usbd_conf.o
                0x0000000008006aac                HAL_PCD_SetupStageCallback
 .text.HAL_PCD_DataOutStageCallback
                0x0000000008006ab8       0x14 Src/usbd_conf.o
                0x0000000008006ab8                HAL_PCD_DataOutStageCallback
 .text.HAL_PCD_DataInStageCallback
                0x0000000008006acc       0x14 Src/usbd_conf.o
                0x0000000008006acc                HAL_PCD_DataInStageCallback
 .text.HAL_PCD_SOFCallback
                0x0000000008006ae0        0x8 Src/usbd_conf.o
                0x0000000008006ae0                HAL_PCD_SOFCallback
 .text.HAL_PCD_ResetCallback
                0x0000000008006ae8       0x2c Src/usbd_conf.o
                0x0000000008006ae8                HAL_PCD_ResetCallback
 .text.HAL_PCD_SuspendCallback
                0x0000000008006b14       0x30 Src/usbd_conf.o
                0x0000000008006b14                HAL_PCD_SuspendCallback
 .text.HAL_PCD_ResumeCallback
                0x0000000008006b44        0x8 Src/usbd_conf.o
                0x0000000008006b44                HAL_PCD_ResumeCallback
 .text.HAL_PCD_ISOOUTIncompleteCallback
                0x0000000008006b4c        0x8 Src/usbd_conf.o
                0x0000000008006b4c                HAL_PCD_ISOOUTIncompleteCallback
 .text.HAL_PCD_ISOINIncompleteCallback
                0x0000000008006b54        0x8 Src/usbd_conf.o
                0x0000000008006b54                HAL_PCD_ISOINIncompleteCallback
 .text.HAL_PCD_ConnectCallback
                0x0000000008006b5c        0x8 Src/usbd_conf.o
                0x0000000008006b5c                HAL_PCD_ConnectCallback
 .text.HAL_PCD_DisconnectCallback
                0x0000000008006b64        0x8 Src/usbd_conf.o
                0x0000000008006b64                HAL_PCD_DisconnectCallback
 .text.USBD_LL_Init
                0x0000000008006b6c       0x64 Src/usbd_conf.o
                0x0000000008006b6c                USBD_LL_Init
 .text.USBD_LL_Start
                0x0000000008006bd0       0x1c Src/usbd_conf.o
                0x0000000008006bd0                USBD_LL_Start
 .text.USBD_LL_OpenEP
                0x0000000008006bec       0x20 Src/usbd_conf.o
                0x0000000008006bec                USBD_LL_OpenEP
 .text.USBD_LL_CloseEP
                0x0000000008006c0c       0x1c Src/usbd_conf.o
                0x0000000008006c0c                USBD_LL_CloseEP
 .text.USBD_LL_StallEP
                0x0000000008006c28       0x1c Src/usbd_conf.o
                0x0000000008006c28                USBD_LL_StallEP
 .text.USBD_LL_ClearStallEP
                0x0000000008006c44       0x1c Src/usbd_conf.o
                0x0000000008006c44                USBD_LL_ClearStallEP
 .text.USBD_LL_IsStallEP
                0x0000000008006c60       0x28 Src/usbd_conf.o
                0x0000000008006c60                USBD_LL_IsStallEP
 .text.USBD_LL_SetUSBAddress
                0x0000000008006c88       0x1c Src/usbd_conf.o
                0x0000000008006c88                USBD_LL_SetUSBAddress
 .text.USBD_LL_Transmit
                0x0000000008006ca4       0x1c Src/usbd_conf.o
                0x0000000008006ca4                USBD_LL_Transmit
 .text.USBD_LL_PrepareReceive
                0x0000000008006cc0       0x1c Src/usbd_conf.o
                0x0000000008006cc0                USBD_LL_PrepareReceive
 .text.USBD_LL_GetRxDataSize
                0x0000000008006cdc        0x8 Src/usbd_conf.o
                0x0000000008006cdc                USBD_LL_GetRxDataSize
 .text.USBD_FS_DeviceDescriptor
                0x0000000008006ce4        0xc Src/usbd_desc.o
                0x0000000008006ce4                USBD_FS_DeviceDescriptor
 .text.USBD_FS_LangIDStrDescriptor
                0x0000000008006cf0        0xc Src/usbd_desc.o
                0x0000000008006cf0                USBD_FS_LangIDStrDescriptor
 .text.USBD_FS_ManufacturerStrDescriptor
                0x0000000008006cfc       0x1c Src/usbd_desc.o
                0x0000000008006cfc                USBD_FS_ManufacturerStrDescriptor
 .text.USBD_FS_ProductStrDescriptor
                0x0000000008006d18       0x1c Src/usbd_desc.o
                0x0000000008006d18                USBD_FS_ProductStrDescriptor
 .text.USBD_FS_ConfigStrDescriptor
                0x0000000008006d34       0x1c Src/usbd_desc.o
                0x0000000008006d34                USBD_FS_ConfigStrDescriptor
 .text.USBD_FS_InterfaceStrDescriptor
                0x0000000008006d50       0x1c Src/usbd_desc.o
                0x0000000008006d50                USBD_FS_InterfaceStrDescriptor
 .text.USBD_FS_SerialStrDescriptor
                0x0000000008006d6c      0x124 Src/usbd_desc.o
                0x0000000008006d6c                USBD_FS_SerialStrDescriptor
 .text._ZN3ros16normalizeSecNSecERmS0_
                0x0000000008006e90       0x28 ros_lib/time.o
                0x0000000008006e90                ros::normalizeSecNSec(unsigned long&, unsigned long&)
 .text.Reset_Handler
                0x0000000008006eb8       0x50 startup/startup_stm32f405xx.o
                0x0000000008006eb8                Reset_Handler
 .text.Default_Handler
                0x0000000008006f08        0x2 startup/startup_stm32f405xx.o
                0x0000000008006f08                RTC_Alarm_IRQHandler
                0x0000000008006f08                HASH_RNG_IRQHandler
                0x0000000008006f08                EXTI2_IRQHandler
                0x0000000008006f08                TIM8_CC_IRQHandler
                0x0000000008006f08                TIM1_CC_IRQHandler
                0x0000000008006f08                DMA2_Stream5_IRQHandler
                0x0000000008006f08                DMA1_Stream5_IRQHandler
                0x0000000008006f08                PVD_IRQHandler
                0x0000000008006f08                SDIO_IRQHandler
                0x0000000008006f08                TAMP_STAMP_IRQHandler
                0x0000000008006f08                CAN2_RX1_IRQHandler
                0x0000000008006f08                EXTI3_IRQHandler
                0x0000000008006f08                TIM8_TRG_COM_TIM14_IRQHandler
                0x0000000008006f08                TIM1_UP_TIM10_IRQHandler
                0x0000000008006f08                TIM8_UP_TIM13_IRQHandler
                0x0000000008006f08                I2C3_ER_IRQHandler
                0x0000000008006f08                EXTI0_IRQHandler
                0x0000000008006f08                I2C2_EV_IRQHandler
                0x0000000008006f08                DMA1_Stream2_IRQHandler
                0x0000000008006f08                FPU_IRQHandler
                0x0000000008006f08                OTG_HS_WKUP_IRQHandler
                0x0000000008006f08                CAN2_SCE_IRQHandler
                0x0000000008006f08                DMA2_Stream2_IRQHandler
                0x0000000008006f08                SPI1_IRQHandler
                0x0000000008006f08                TIM6_DAC_IRQHandler
                0x0000000008006f08                TIM1_BRK_TIM9_IRQHandler
                0x0000000008006f08                CAN2_RX0_IRQHandler
                0x0000000008006f08                DMA2_Stream3_IRQHandler
                0x0000000008006f08                USART6_IRQHandler
                0x0000000008006f08                USART3_IRQHandler
                0x0000000008006f08                UART5_IRQHandler
                0x0000000008006f08                DMA2_Stream0_IRQHandler
                0x0000000008006f08                TIM4_IRQHandler
                0x0000000008006f08                DMA1_Stream6_IRQHandler
                0x0000000008006f08                DMA1_Stream1_IRQHandler
                0x0000000008006f08                UART4_IRQHandler
                0x0000000008006f08                RCC_IRQHandler
                0x0000000008006f08                TIM8_BRK_TIM12_IRQHandler
                0x0000000008006f08                Default_Handler
                0x0000000008006f08                EXTI15_10_IRQHandler
                0x0000000008006f08                ADC_IRQHandler
                0x0000000008006f08                DMA1_Stream7_IRQHandler
                0x0000000008006f08                TIM7_IRQHandler
                0x0000000008006f08                CAN2_TX_IRQHandler
                0x0000000008006f08                TIM5_IRQHandler
                0x0000000008006f08                DMA2_Stream7_IRQHandler
                0x0000000008006f08                I2C3_EV_IRQHandler
                0x0000000008006f08                EXTI9_5_IRQHandler
                0x0000000008006f08                RTC_WKUP_IRQHandler
                0x0000000008006f08                SPI2_IRQHandler
                0x0000000008006f08                OTG_HS_EP1_IN_IRQHandler
                0x0000000008006f08                DMA1_Stream0_IRQHandler
                0x0000000008006f08                CAN1_TX_IRQHandler
                0x0000000008006f08                EXTI4_IRQHandler
                0x0000000008006f08                FSMC_IRQHandler
                0x0000000008006f08                OTG_HS_EP1_OUT_IRQHandler
                0x0000000008006f08                WWDG_IRQHandler
                0x0000000008006f08                TIM2_IRQHandler
                0x0000000008006f08                OTG_FS_WKUP_IRQHandler
                0x0000000008006f08                TIM1_TRG_COM_TIM11_IRQHandler
                0x0000000008006f08                OTG_HS_IRQHandler
                0x0000000008006f08                EXTI1_IRQHandler
                0x0000000008006f08                USART2_IRQHandler
                0x0000000008006f08                I2C2_ER_IRQHandler
                0x0000000008006f08                DMA2_Stream1_IRQHandler
                0x0000000008006f08                CAN1_SCE_IRQHandler
                0x0000000008006f08                FLASH_IRQHandler
                0x0000000008006f08                DMA2_Stream4_IRQHandler
                0x0000000008006f08                USART1_IRQHandler
                0x0000000008006f08                SPI3_IRQHandler
                0x0000000008006f08                DMA1_Stream4_IRQHandler
                0x0000000008006f08                I2C1_ER_IRQHandler
                0x0000000008006f08                DMA2_Stream6_IRQHandler
                0x0000000008006f08                DMA1_Stream3_IRQHandler
 *fill*         0x0000000008006f0a        0x2 
 .text._ZNK8std_msgs4Time9serializeEPh
                0x0000000008006f0c       0x28 usr/cpp_main.o
                0x0000000008006f0c                std_msgs::Time::serialize(unsigned char*) const
 .text._ZN8std_msgs4Time11deserializeEPh
                0x0000000008006f34       0x3c usr/cpp_main.o
                0x0000000008006f34                std_msgs::Time::deserialize(unsigned char*)
 .text._ZN8std_msgs4Time7getTypeEv
                0x0000000008006f70        0x8 usr/cpp_main.o
                0x0000000008006f70                std_msgs::Time::getType()
 .text._ZN8std_msgs4Time6getMD5Ev
                0x0000000008006f78        0x8 usr/cpp_main.o
                0x0000000008006f78                std_msgs::Time::getMD5()
 .text._ZN14rosserial_msgs9TopicInfo11deserializeEPh
                0x0000000008006f80      0x100 usr/cpp_main.o
                0x0000000008006f80                rosserial_msgs::TopicInfo::deserialize(unsigned char*)
 .text._ZN14rosserial_msgs9TopicInfo7getTypeEv
                0x0000000008007080        0x8 usr/cpp_main.o
                0x0000000008007080                rosserial_msgs::TopicInfo::getType()
 .text._ZN14rosserial_msgs9TopicInfo6getMD5Ev
                0x0000000008007088        0x8 usr/cpp_main.o
                0x0000000008007088                rosserial_msgs::TopicInfo::getMD5()
 .text._ZN14rosserial_msgs3Log11deserializeEPh
                0x0000000008007090       0x40 usr/cpp_main.o
                0x0000000008007090                rosserial_msgs::Log::deserialize(unsigned char*)
 .text._ZN14rosserial_msgs3Log7getTypeEv
                0x00000000080070d0        0x8 usr/cpp_main.o
                0x00000000080070d0                rosserial_msgs::Log::getType()
 .text._ZN14rosserial_msgs3Log6getMD5Ev
                0x00000000080070d8        0x8 usr/cpp_main.o
                0x00000000080070d8                rosserial_msgs::Log::getMD5()
 .text._ZN14rosserial_msgs20RequestParamResponse7getTypeEv
                0x00000000080070e0        0x8 usr/cpp_main.o
                0x00000000080070e0                rosserial_msgs::RequestParamResponse::getType()
 .text._ZN14rosserial_msgs20RequestParamResponse6getMD5Ev
                0x00000000080070e8        0x8 usr/cpp_main.o
                0x00000000080070e8                rosserial_msgs::RequestParamResponse::getMD5()
 .text._ZNK8std_msgs4Int89serializeEPh
                0x00000000080070f0        0x8 usr/cpp_main.o
                0x00000000080070f0                std_msgs::Int8::serialize(unsigned char*) const
 .text._ZN8std_msgs4Int811deserializeEPh
                0x00000000080070f8        0x8 usr/cpp_main.o
                0x00000000080070f8                std_msgs::Int8::deserialize(unsigned char*)
 .text._ZN8std_msgs4Int87getTypeEv
                0x0000000008007100        0x8 usr/cpp_main.o
                0x0000000008007100                std_msgs::Int8::getType()
 .text._ZN8std_msgs4Int86getMD5Ev
                0x0000000008007108        0x8 usr/cpp_main.o
                0x0000000008007108                std_msgs::Int8::getMD5()
 .text._ZNK8std_msgs5UInt89serializeEPh
                0x0000000008007110        0x8 usr/cpp_main.o
                0x0000000008007110                std_msgs::UInt8::serialize(unsigned char*) const
 .text._ZN8std_msgs5UInt811deserializeEPh
                0x0000000008007118        0x8 usr/cpp_main.o
                0x0000000008007118                std_msgs::UInt8::deserialize(unsigned char*)
 .text._ZN8std_msgs5UInt87getTypeEv
                0x0000000008007120        0x8 usr/cpp_main.o
                0x0000000008007120                std_msgs::UInt8::getType()
 .text._ZN8std_msgs5UInt86getMD5Ev
                0x0000000008007128        0x8 usr/cpp_main.o
                0x0000000008007128                std_msgs::UInt8::getMD5()
 .text._ZN13geometry_msgs7Vector37getTypeEv
                0x0000000008007130        0x8 usr/cpp_main.o
                0x0000000008007130                geometry_msgs::Vector3::getType()
 .text._ZN13geometry_msgs7Vector36getMD5Ev
                0x0000000008007138        0x8 usr/cpp_main.o
                0x0000000008007138                geometry_msgs::Vector3::getMD5()
 .text._ZN8std_msgs6Header11deserializeEPh
                0x0000000008007140       0x94 usr/cpp_main.o
                0x0000000008007140                std_msgs::Header::deserialize(unsigned char*)
 .text._ZN8std_msgs6Header7getTypeEv
                0x00000000080071d4        0x8 usr/cpp_main.o
                0x00000000080071d4                std_msgs::Header::getType()
 .text._ZN8std_msgs6Header6getMD5Ev
                0x00000000080071dc        0x8 usr/cpp_main.o
                0x00000000080071dc                std_msgs::Header::getMD5()
 .text._ZN11sensor_msgs5Range7getTypeEv
                0x00000000080071e4        0x8 usr/cpp_main.o
                0x00000000080071e4                sensor_msgs::Range::getType()
 .text._ZN11sensor_msgs5Range6getMD5Ev
                0x00000000080071ec        0x8 usr/cpp_main.o
                0x00000000080071ec                sensor_msgs::Range::getMD5()
 .text.rpm_right_subCb
                0x00000000080071f4       0x38 usr/cpp_main.o
                0x00000000080071f4                rpm_right_subCb
 .text.rpm_left_subCb
                0x000000000800722c       0x38 usr/cpp_main.o
                0x000000000800722c                rpm_left_subCb
 .text._ZN3ros11NodeHandle_I13STM32HardwareLi25ELi25ELi512ELi512EE9connectedEv
                0x0000000008007264        0x8 usr/cpp_main.o
                0x0000000008007264                ros::NodeHandle_<STM32Hardware, 25, 25, 512, 512>::connected()
 .text._ZN3ros10SubscriberIN8std_msgs4Int8EvE8callbackEPh
                0x000000000800726c        0xc usr/cpp_main.o
                0x000000000800726c                ros::Subscriber<std_msgs::Int8, void>::callback(unsigned char*)
 .text._ZN3ros10SubscriberIN8std_msgs4Int8EvE15getEndpointTypeEv
                0x0000000008007278        0x4 usr/cpp_main.o
                0x0000000008007278                ros::Subscriber<std_msgs::Int8, void>::getEndpointType()
 .text._ZN3ros10SubscriberIN8std_msgs4Int8EvE10getMsgTypeEv
                0x000000000800727c        0x8 usr/cpp_main.o
                0x000000000800727c                ros::Subscriber<std_msgs::Int8, void>::getMsgType()
 .text._ZN3ros10SubscriberIN8std_msgs4Int8EvE9getMsgMD5Ev
                0x0000000008007284        0x8 usr/cpp_main.o
                0x0000000008007284                ros::Subscriber<std_msgs::Int8, void>::getMsgMD5()
 .text._ZNK8std_msgs6Header9serializeEPh
                0x000000000800728c       0x64 usr/cpp_main.o
                0x000000000800728c                std_msgs::Header::serialize(unsigned char*) const
 .text._ZNK14rosserial_msgs20RequestParamResponse9serializeEPh
                0x00000000080072f0      0x144 usr/cpp_main.o
                0x00000000080072f0                rosserial_msgs::RequestParamResponse::serialize(unsigned char*) const
 .text._ZNK14rosserial_msgs3Log9serializeEPh
                0x0000000008007434       0x3c usr/cpp_main.o
                0x0000000008007434                rosserial_msgs::Log::serialize(unsigned char*) const
 .text._ZNK14rosserial_msgs9TopicInfo9serializeEPh
                0x0000000008007470       0xac usr/cpp_main.o
                0x0000000008007470                rosserial_msgs::TopicInfo::serialize(unsigned char*) const
 .text._ZN14rosserial_msgs20RequestParamResponse11deserializeEPh
                0x000000000800751c      0x1c0 usr/cpp_main.o
                0x000000000800751c                rosserial_msgs::RequestParamResponse::deserialize(unsigned char*)
 .text._ZN3ros11NodeHandle_I13STM32HardwareLi25ELi25ELi512ELi512EE7publishEiPKNS_3MsgE
                0x00000000080076dc       0xb4 usr/cpp_main.o
                0x00000000080076dc                ros::NodeHandle_<STM32Hardware, 25, 25, 512, 512>::publish(int, ros::Msg const*)
 .text._ZN13geometry_msgs7Vector311deserializeEPh
                0x0000000008007790       0xe0 usr/cpp_main.o
                0x0000000008007790                geometry_msgs::Vector3::deserialize(unsigned char*)
 .text._ZNK11sensor_msgs5Range9serializeEPh
                0x0000000008007870       0xac usr/cpp_main.o
                0x0000000008007870                sensor_msgs::Range::serialize(unsigned char*) const
 .text._ZNK13geometry_msgs7Vector39serializeEPh
                0x000000000800791c       0xf0 usr/cpp_main.o
                0x000000000800791c                geometry_msgs::Vector3::serialize(unsigned char*) const
 .text._ZN11sensor_msgs5Range11deserializeEPh
                0x0000000008007a0c       0xf8 usr/cpp_main.o
                0x0000000008007a0c                sensor_msgs::Range::deserialize(unsigned char*)
 .text.cdc_receive_put
                0x0000000008007b04        0xc usr/cpp_main.o
                0x0000000008007b04                cdc_receive_put
 .text.init_ROS
                0x0000000008007b10      0x1f8 usr/cpp_main.o
                0x0000000008007b10                init_ROS
 .text.laser_sensor_handler_1
                0x0000000008007d08      0x28c usr/cpp_main.o
                0x0000000008007d08                laser_sensor_handler_1
 .text.rpm_right_handler
                0x0000000008007f94       0xc4 usr/cpp_main.o
                0x0000000008007f94                rpm_right_handler
 .text.rpm_left_handler
                0x0000000008008058       0xc4 usr/cpp_main.o
                0x0000000008008058                rpm_left_handler
 .text.gyro_handler
                0x000000000800811c      0x1cc usr/cpp_main.o
                0x000000000800811c                gyro_handler
 .text.accel_handler
                0x00000000080082e8      0x1cc usr/cpp_main.o
                0x00000000080082e8                accel_handler
 .text._ZN3ros11NodeHandle_I13STM32HardwareLi25ELi25ELi512ELi512EE15requestSyncTimeEv
                0x00000000080084b4       0x70 usr/cpp_main.o
                0x00000000080084b4                ros::NodeHandle_<STM32Hardware, 25, 25, 512, 512>::requestSyncTime()
 .text._ZN3ros11NodeHandle_I13STM32HardwareLi25ELi25ELi512ELi512EE15negotiateTopicsEv
                0x0000000008008524      0x4bc usr/cpp_main.o
                0x0000000008008524                ros::NodeHandle_<STM32Hardware, 25, 25, 512, 512>::negotiateTopics()
 .text._ZN3ros11NodeHandle_I13STM32HardwareLi25ELi25ELi512ELi512EE8spinOnceEv
                0x00000000080089e0      0x570 usr/cpp_main.o
                0x00000000080089e0                ros::NodeHandle_<STM32Hardware, 25, 25, 512, 512>::spinOnce()
 .text.spinOnce
                0x0000000008008f50      0x540 usr/cpp_main.o
                0x0000000008008f50                spinOnce
 .text.startup._GLOBAL__sub_I_rb
                0x0000000008009490      0x484 usr/cpp_main.o
 .text._Z8NBT_initP5nbt_tm
                0x0000000008009914       0x10 usr/nbt.o
                0x0000000008009914                NBT_init(nbt_t*, unsigned long)
 .text._Z11NBT_handlerP5nbt_t
                0x0000000008009924       0x24 usr/nbt.o
                0x0000000008009924                NBT_handler(nbt_t*)
 .text._Z18ringbuffer_putcharP10ringbufferh
                0x0000000008009948       0x80 usr/ringbuffer.o
                0x0000000008009948                ringbuffer_putchar(ringbuffer*, unsigned char)
 .text._Z18ringbuffer_getcharP10ringbufferPh
                0x00000000080099c8       0x84 usr/ringbuffer.o
                0x00000000080099c8                ringbuffer_getchar(ringbuffer*, unsigned char*)
 .text._Z15ringbuffer_initP10ringbufferPhs
                0x0000000008009a4c        0xc usr/ringbuffer.o
                0x0000000008009a4c                ringbuffer_init(ringbuffer*, unsigned char*, short)
 .text.__errno  0x0000000008009a58        0xc /home/igor/stm32cubeide/plugins/com.st.stm32cube.ide.mcu.externaltools.gnu-tools-for-stm32.7-2018-q2-update.linux64_1.0.0.201904181610/tools/bin/../lib/gcc/arm-none-eabi/7.3.1/../../../../arm-none-eabi/lib/thumb/v7e-m/fpv4-sp/hard/libc_nano.a(lib_a-errno.o)
                0x0000000008009a58                __errno
 .text.__libc_init_array
                0x0000000008009a64       0x48 /home/igor/stm32cubeide/plugins/com.st.stm32cube.ide.mcu.externaltools.gnu-tools-for-stm32.7-2018-q2-update.linux64_1.0.0.201904181610/tools/bin/../lib/gcc/arm-none-eabi/7.3.1/../../../../arm-none-eabi/lib/thumb/v7e-m/fpv4-sp/hard/libc_nano.a(lib_a-init.o)
                0x0000000008009a64                __libc_init_array
 .text.malloc   0x0000000008009aac       0x10 /home/igor/stm32cubeide/plugins/com.st.stm32cube.ide.mcu.externaltools.gnu-tools-for-stm32.7-2018-q2-update.linux64_1.0.0.201904181610/tools/bin/../lib/gcc/arm-none-eabi/7.3.1/../../../../arm-none-eabi/lib/thumb/v7e-m/fpv4-sp/hard/libc_nano.a(lib_a-malloc.o)
                0x0000000008009aac                malloc
 .text.free     0x0000000008009abc       0x10 /home/igor/stm32cubeide/plugins/com.st.stm32cube.ide.mcu.externaltools.gnu-tools-for-stm32.7-2018-q2-update.linux64_1.0.0.201904181610/tools/bin/../lib/gcc/arm-none-eabi/7.3.1/../../../../arm-none-eabi/lib/thumb/v7e-m/fpv4-sp/hard/libc_nano.a(lib_a-malloc.o)
                0x0000000008009abc                free
 .text.memcpy   0x0000000008009acc       0x16 /home/igor/stm32cubeide/plugins/com.st.stm32cube.ide.mcu.externaltools.gnu-tools-for-stm32.7-2018-q2-update.linux64_1.0.0.201904181610/tools/bin/../lib/gcc/arm-none-eabi/7.3.1/../../../../arm-none-eabi/lib/thumb/v7e-m/fpv4-sp/hard/libc_nano.a(lib_a-memcpy-stub.o)
                0x0000000008009acc                memcpy
 .text.memmove  0x0000000008009ae2       0x32 /home/igor/stm32cubeide/plugins/com.st.stm32cube.ide.mcu.externaltools.gnu-tools-for-stm32.7-2018-q2-update.linux64_1.0.0.201904181610/tools/bin/../lib/gcc/arm-none-eabi/7.3.1/../../../../arm-none-eabi/lib/thumb/v7e-m/fpv4-sp/hard/libc_nano.a(lib_a-memmove.o)
                0x0000000008009ae2                memmove
 .text.memset   0x0000000008009b14       0x10 /home/igor/stm32cubeide/plugins/com.st.stm32cube.ide.mcu.externaltools.gnu-tools-for-stm32.7-2018-q2-update.linux64_1.0.0.201904181610/tools/bin/../lib/gcc/arm-none-eabi/7.3.1/../../../../arm-none-eabi/lib/thumb/v7e-m/fpv4-sp/hard/libc_nano.a(lib_a-memset.o)
                0x0000000008009b14                memset
 .text._free_r  0x0000000008009b24       0x9c /home/igor/stm32cubeide/plugins/com.st.stm32cube.ide.mcu.externaltools.gnu-tools-for-stm32.7-2018-q2-update.linux64_1.0.0.201904181610/tools/bin/../lib/gcc/arm-none-eabi/7.3.1/../../../../arm-none-eabi/lib/thumb/v7e-m/fpv4-sp/hard/libc_nano.a(lib_a-nano-freer.o)
                0x0000000008009b24                _free_r
 .text._malloc_r
                0x0000000008009bc0       0xb4 /home/igor/stm32cubeide/plugins/com.st.stm32cube.ide.mcu.externaltools.gnu-tools-for-stm32.7-2018-q2-update.linux64_1.0.0.201904181610/tools/bin/../lib/gcc/arm-none-eabi/7.3.1/../../../../arm-none-eabi/lib/thumb/v7e-m/fpv4-sp/hard/libc_nano.a(lib_a-nano-mallocr.o)
                0x0000000008009bc0                _malloc_r
 .text.realloc  0x0000000008009c74       0x10 /home/igor/stm32cubeide/plugins/com.st.stm32cube.ide.mcu.externaltools.gnu-tools-for-stm32.7-2018-q2-update.linux64_1.0.0.201904181610/tools/bin/../lib/gcc/arm-none-eabi/7.3.1/../../../../arm-none-eabi/lib/thumb/v7e-m/fpv4-sp/hard/libc_nano.a(lib_a-realloc.o)
                0x0000000008009c74                realloc
 .text._sbrk_r  0x0000000008009c84       0x20 /home/igor/stm32cubeide/plugins/com.st.stm32cube.ide.mcu.externaltools.gnu-tools-for-stm32.7-2018-q2-update.linux64_1.0.0.201904181610/tools/bin/../lib/gcc/arm-none-eabi/7.3.1/../../../../arm-none-eabi/lib/thumb/v7e-m/fpv4-sp/hard/libc_nano.a(lib_a-sbrkr.o)
                0x0000000008009c84                _sbrk_r
 .text.__malloc_lock
                0x0000000008009ca4        0x2 /home/igor/stm32cubeide/plugins/com.st.stm32cube.ide.mcu.externaltools.gnu-tools-for-stm32.7-2018-q2-update.linux64_1.0.0.201904181610/tools/bin/../lib/gcc/arm-none-eabi/7.3.1/../../../../arm-none-eabi/lib/thumb/v7e-m/fpv4-sp/hard/libc_nano.a(lib_a-mlock.o)
                0x0000000008009ca4                __malloc_lock
 .text.__malloc_unlock
                0x0000000008009ca6        0x2 /home/igor/stm32cubeide/plugins/com.st.stm32cube.ide.mcu.externaltools.gnu-tools-for-stm32.7-2018-q2-update.linux64_1.0.0.201904181610/tools/bin/../lib/gcc/arm-none-eabi/7.3.1/../../../../arm-none-eabi/lib/thumb/v7e-m/fpv4-sp/hard/libc_nano.a(lib_a-mlock.o)
                0x0000000008009ca6                __malloc_unlock
 .text._realloc_r
                0x0000000008009ca8       0x4c /home/igor/stm32cubeide/plugins/com.st.stm32cube.ide.mcu.externaltools.gnu-tools-for-stm32.7-2018-q2-update.linux64_1.0.0.201904181610/tools/bin/../lib/gcc/arm-none-eabi/7.3.1/../../../../arm-none-eabi/lib/thumb/v7e-m/fpv4-sp/hard/libc_nano.a(lib_a-nano-reallocr.o)
                0x0000000008009ca8                _realloc_r
 .text._malloc_usable_size_r
                0x0000000008009cf4       0x10 /home/igor/stm32cubeide/plugins/com.st.stm32cube.ide.mcu.externaltools.gnu-tools-for-stm32.7-2018-q2-update.linux64_1.0.0.201904181610/tools/bin/../lib/gcc/arm-none-eabi/7.3.1/../../../../arm-none-eabi/lib/thumb/v7e-m/fpv4-sp/hard/libc_nano.a(lib_a-nano-msizer.o)
                0x0000000008009cf4                _malloc_usable_size_r
 *(.glue_7)
 .glue_7        0x0000000008009d04        0x0 linker stubs
 *(.glue_7t)
 .glue_7t       0x0000000008009d04        0x0 linker stubs
 *(.eh_frame)
 .eh_frame      0x0000000008009d04        0x0 /home/igor/stm32cubeide/plugins/com.st.stm32cube.ide.mcu.externaltools.gnu-tools-for-stm32.7-2018-q2-update.linux64_1.0.0.201904181610/tools/bin/../lib/gcc/arm-none-eabi/7.3.1/thumb/v7e-m/fpv4-sp/hard/crtbegin.o
 *(.init)
 .init          0x0000000008009d04        0x4 /home/igor/stm32cubeide/plugins/com.st.stm32cube.ide.mcu.externaltools.gnu-tools-for-stm32.7-2018-q2-update.linux64_1.0.0.201904181610/tools/bin/../lib/gcc/arm-none-eabi/7.3.1/thumb/v7e-m/fpv4-sp/hard/crti.o
                0x0000000008009d04                _init
 .init          0x0000000008009d08        0x8 /home/igor/stm32cubeide/plugins/com.st.stm32cube.ide.mcu.externaltools.gnu-tools-for-stm32.7-2018-q2-update.linux64_1.0.0.201904181610/tools/bin/../lib/gcc/arm-none-eabi/7.3.1/thumb/v7e-m/fpv4-sp/hard/crtn.o
 *(.fini)
 .fini          0x0000000008009d10        0x4 /home/igor/stm32cubeide/plugins/com.st.stm32cube.ide.mcu.externaltools.gnu-tools-for-stm32.7-2018-q2-update.linux64_1.0.0.201904181610/tools/bin/../lib/gcc/arm-none-eabi/7.3.1/thumb/v7e-m/fpv4-sp/hard/crti.o
                0x0000000008009d10                _fini
 .fini          0x0000000008009d14        0x8 /home/igor/stm32cubeide/plugins/com.st.stm32cube.ide.mcu.externaltools.gnu-tools-for-stm32.7-2018-q2-update.linux64_1.0.0.201904181610/tools/bin/../lib/gcc/arm-none-eabi/7.3.1/thumb/v7e-m/fpv4-sp/hard/crtn.o
                0x0000000008009d1c                . = ALIGN (0x4)
                0x0000000008009d1c                _etext = .

.vfp11_veneer   0x0000000008009d1c        0x0
 .vfp11_veneer  0x0000000008009d1c        0x0 linker stubs

.v4_bx          0x0000000008009d1c        0x0
 .v4_bx         0x0000000008009d1c        0x0 linker stubs

.iplt           0x0000000008009d1c        0x0
 .iplt          0x0000000008009d1c        0x0 /home/igor/stm32cubeide/plugins/com.st.stm32cube.ide.mcu.externaltools.gnu-tools-for-stm32.7-2018-q2-update.linux64_1.0.0.201904181610/tools/bin/../lib/gcc/arm-none-eabi/7.3.1/thumb/v7e-m/fpv4-sp/hard/crtbegin.o

.rodata         0x0000000008009d1c      0x5a4
                0x0000000008009d1c                . = ALIGN (0x4)
 *(.rodata)
 .rodata        0x0000000008009d1c       0x70 Src/main.o
 *(.rodata*)
 .rodata.vTaskStartScheduler.str1.4
                0x0000000008009d8c        0x5 Middlewares/Third_Party/FreeRTOS/Source/tasks.o
 *fill*         0x0000000008009d91        0x3 
 .rodata.str1.4
                0x0000000008009d94       0x30 Src/main.o
 .rodata.AHBPrescTable
                0x0000000008009dc4       0x10 Src/system_stm32f4xx.o
                0x0000000008009dc4                AHBPrescTable
 .rodata.APBPrescTable
                0x0000000008009dd4        0x8 Src/system_stm32f4xx.o
                0x0000000008009dd4                APBPrescTable
 .rodata.CSWTCH.21
                0x0000000008009ddc        0x4 Src/usbd_conf.o
 .rodata.USBD_FS_ConfigStrDescriptor.str1.4
                0x0000000008009de0        0xb Src/usbd_desc.o
 *fill*         0x0000000008009deb        0x1 
 .rodata.USBD_FS_InterfaceStrDescriptor.str1.4
                0x0000000008009dec        0xe Src/usbd_desc.o
 *fill*         0x0000000008009dfa        0x2 
 .rodata.USBD_FS_ManufacturerStrDescriptor.str1.4
                0x0000000008009dfc       0x13 Src/usbd_desc.o
 *fill*         0x0000000008009e0f        0x1 
 .rodata.USBD_FS_ProductStrDescriptor.str1.4
                0x0000000008009e10       0x16 Src/usbd_desc.o
 *fill*         0x0000000008009e26        0x2 
 .rodata._ZTVN8std_msgs4TimeE
                0x0000000008009e28       0x18 usr/cpp_main.o
                0x0000000008009e28                vtable for std_msgs::Time
 .rodata._ZTVN14rosserial_msgs9TopicInfoE
                0x0000000008009e40       0x18 usr/cpp_main.o
                0x0000000008009e40                vtable for rosserial_msgs::TopicInfo
 .rodata._ZTVN14rosserial_msgs3LogE
                0x0000000008009e58       0x18 usr/cpp_main.o
                0x0000000008009e58                vtable for rosserial_msgs::Log
 .rodata._ZTVN14rosserial_msgs20RequestParamResponseE
                0x0000000008009e70       0x18 usr/cpp_main.o
                0x0000000008009e70                vtable for rosserial_msgs::RequestParamResponse
 .rodata._ZTVN8std_msgs4Int8E
                0x0000000008009e88       0x18 usr/cpp_main.o
                0x0000000008009e88                vtable for std_msgs::Int8
 .rodata._ZTVN8std_msgs5UInt8E
                0x0000000008009ea0       0x18 usr/cpp_main.o
                0x0000000008009ea0                vtable for std_msgs::UInt8
 .rodata._ZTVN13geometry_msgs7Vector3E
                0x0000000008009eb8       0x18 usr/cpp_main.o
                0x0000000008009eb8                vtable for geometry_msgs::Vector3
 .rodata._ZTVN8std_msgs6HeaderE
                0x0000000008009ed0       0x18 usr/cpp_main.o
                0x0000000008009ed0                vtable for std_msgs::Header
 .rodata._ZTVN11sensor_msgs5RangeE
                0x0000000008009ee8       0x18 usr/cpp_main.o
                0x0000000008009ee8                vtable for sensor_msgs::Range
 .rodata._ZTVN3ros11NodeHandle_I13STM32HardwareLi25ELi25ELi512ELi512EEE
                0x0000000008009f00       0x14 usr/cpp_main.o
                0x0000000008009f00                vtable for ros::NodeHandle_<STM32Hardware, 25, 25, 512, 512>
 .rodata._ZTVN3ros10SubscriberIN8std_msgs4Int8EvEE
                0x0000000008009f14       0x18 usr/cpp_main.o
                0x0000000008009f14                vtable for ros::Subscriber<std_msgs::Int8, void>
 .rodata._GLOBAL__sub_I_rb.str1.4
                0x0000000008009f2c      0x148 usr/cpp_main.o
 .rodata._ZN11sensor_msgs5Range6getMD5Ev.str1.4
                0x000000000800a074       0x21 usr/cpp_main.o
 *fill*         0x000000000800a095        0x3 
 .rodata._ZN11sensor_msgs5Range7getTypeEv.str1.4
                0x000000000800a098       0x12 usr/cpp_main.o
 *fill*         0x000000000800a0aa        0x2 
 .rodata._ZN13geometry_msgs7Vector36getMD5Ev.str1.4
                0x000000000800a0ac       0x21 usr/cpp_main.o
 *fill*         0x000000000800a0cd        0x3 
 .rodata._ZN13geometry_msgs7Vector37getTypeEv.str1.4
                0x000000000800a0d0       0x16 usr/cpp_main.o
 *fill*         0x000000000800a0e6        0x2 
 .rodata._ZN14rosserial_msgs20RequestParamResponse6getMD5Ev.str1.4
                0x000000000800a0e8       0x21 usr/cpp_main.o
 *fill*         0x000000000800a109        0x3 
 .rodata._ZN14rosserial_msgs3Log6getMD5Ev.str1.4
                0x000000000800a10c       0x21 usr/cpp_main.o
 *fill*         0x000000000800a12d        0x3 
 .rodata._ZN14rosserial_msgs3Log7getTypeEv.str1.4
                0x000000000800a130       0x13 usr/cpp_main.o
 *fill*         0x000000000800a143        0x1 
 .rodata._ZN14rosserial_msgs9TopicInfo6getMD5Ev.str1.4
                0x000000000800a144       0x21 usr/cpp_main.o
 *fill*         0x000000000800a165        0x3 
 .rodata._ZN14rosserial_msgs9TopicInfo7getTypeEv.str1.4
                0x000000000800a168       0x19 usr/cpp_main.o
 *fill*         0x000000000800a181        0x3 
 .rodata._ZN14rosserial_msgsL12REQUESTPARAME
                0x000000000800a184       0x1c usr/cpp_main.o
 .rodata._ZN3ros11NodeHandle_I13STM32HardwareLi25ELi25ELi512ELi512EE15negotiateTopicsEv.str1.4
                0x000000000800a1a0       0x19 usr/cpp_main.o
                                          0x1 (size before relaxing)
 .rodata._ZN3ros11NodeHandle_I13STM32HardwareLi25ELi25ELi512ELi512EE7publishEiPKNS_3MsgE.str1.4
                0x000000000800a1a0       0x39 usr/cpp_main.o
 *fill*         0x000000000800a1d9        0x3 
 .rodata._ZN8std_msgs4Int86getMD5Ev.str1.4
                0x000000000800a1dc       0x21 usr/cpp_main.o
 *fill*         0x000000000800a1fd        0x3 
 .rodata._ZN8std_msgs4Int87getTypeEv.str1.4
                0x000000000800a200        0xe usr/cpp_main.o
 *fill*         0x000000000800a20e        0x2 
 .rodata._ZN8std_msgs4Time6getMD5Ev.str1.4
                0x000000000800a210       0x21 usr/cpp_main.o
 *fill*         0x000000000800a231        0x3 
 .rodata._ZN8std_msgs4Time7getTypeEv.str1.4
                0x000000000800a234        0xe usr/cpp_main.o
 *fill*         0x000000000800a242        0x2 
 .rodata._ZN8std_msgs5UInt86getMD5Ev.str1.4
                0x000000000800a244       0x21 usr/cpp_main.o
 *fill*         0x000000000800a265        0x3 
 .rodata._ZN8std_msgs5UInt87getTypeEv.str1.4
                0x000000000800a268        0xf usr/cpp_main.o
 *fill*         0x000000000800a277        0x1 
 .rodata._ZN8std_msgs6Header6getMD5Ev.str1.4
                0x000000000800a278       0x21 usr/cpp_main.o
 *fill*         0x000000000800a299        0x3 
 .rodata._ZN8std_msgs6Header7getTypeEv.str1.4
                0x000000000800a29c       0x10 usr/cpp_main.o
 .rodata.laser_sensor_handler_1.str1.4
                0x000000000800a2ac       0x14 usr/cpp_main.o
                                         0x12 (size before relaxing)
                0x000000000800a2c0                . = ALIGN (0x4)

.ARM.extab
 *(.ARM.extab* .gnu.linkonce.armextab.*)

.ARM            0x000000000800a2c0        0x8
                0x000000000800a2c0                __exidx_start = .
 *(.ARM.exidx*)
 .ARM.exidx     0x000000000800a2c0        0x8 /home/igor/stm32cubeide/plugins/com.st.stm32cube.ide.mcu.externaltools.gnu-tools-for-stm32.7-2018-q2-update.linux64_1.0.0.201904181610/tools/bin/../lib/gcc/arm-none-eabi/7.3.1/thumb/v7e-m/fpv4-sp/hard/libgcc.a(_udivmoddi4.o)
                0x000000000800a2c8                __exidx_end = .

.rel.dyn        0x000000000800a2c8        0x0
 .rel.iplt      0x000000000800a2c8        0x0 /home/igor/stm32cubeide/plugins/com.st.stm32cube.ide.mcu.externaltools.gnu-tools-for-stm32.7-2018-q2-update.linux64_1.0.0.201904181610/tools/bin/../lib/gcc/arm-none-eabi/7.3.1/thumb/v7e-m/fpv4-sp/hard/crtbegin.o

.preinit_array  0x000000000800a2c8        0x0
                0x000000000800a2c8                PROVIDE (__preinit_array_start = .)
 *(.preinit_array*)
                0x000000000800a2c8                PROVIDE (__preinit_array_end = .)

.init_array     0x000000000800a2c8        0x8
                0x000000000800a2c8                PROVIDE (__init_array_start = .)
 *(SORT_BY_NAME(.init_array.*))
 *(.init_array*)
 .init_array    0x000000000800a2c8        0x4 /home/igor/stm32cubeide/plugins/com.st.stm32cube.ide.mcu.externaltools.gnu-tools-for-stm32.7-2018-q2-update.linux64_1.0.0.201904181610/tools/bin/../lib/gcc/arm-none-eabi/7.3.1/thumb/v7e-m/fpv4-sp/hard/crtbegin.o
 .init_array    0x000000000800a2cc        0x4 usr/cpp_main.o
                0x000000000800a2d0                PROVIDE (__init_array_end = .)

.fini_array     0x000000000800a2d0        0x4
                [!provide]                        PROVIDE (__fini_array_start = .)
 *(SORT_BY_NAME(.fini_array.*))
 *(.fini_array*)
 .fini_array    0x000000000800a2d0        0x4 /home/igor/stm32cubeide/plugins/com.st.stm32cube.ide.mcu.externaltools.gnu-tools-for-stm32.7-2018-q2-update.linux64_1.0.0.201904181610/tools/bin/../lib/gcc/arm-none-eabi/7.3.1/thumb/v7e-m/fpv4-sp/hard/crtbegin.o
                [!provide]                        PROVIDE (__fini_array_end = .)
                0x000000000800a2d4                _sidata = LOADADDR (.data)

.data           0x0000000020000000      0x1e8 load address 0x000000000800a2d4
                0x0000000020000000                . = ALIGN (0x4)
                0x0000000020000000                _sdata = .
 *(.data)
 *(.data*)
 .data.uwTickFreq
                0x0000000020000000        0x1 Drivers/STM32F4xx_HAL_Driver/Src/stm32f4xx_hal.o
                0x0000000020000000                uwTickFreq
 *fill*         0x0000000020000001        0x3 
 .data.uwTickPrio
                0x0000000020000004        0x4 Drivers/STM32F4xx_HAL_Driver/Src/stm32f4xx_hal.o
                0x0000000020000004                uwTickPrio
 .data.USBD_CDC
                0x0000000020000008       0x38 Middlewares/ST/STM32_USB_Device_Library/Class/CDC/Src/usbd_cdc.o
                0x0000000020000008                USBD_CDC
 .data.USBD_CDC_CfgFSDesc
                0x0000000020000040       0x43 Middlewares/ST/STM32_USB_Device_Library/Class/CDC/Src/usbd_cdc.o
 *fill*         0x0000000020000083        0x1 
 .data.USBD_CDC_CfgHSDesc
                0x0000000020000084       0x43 Middlewares/ST/STM32_USB_Device_Library/Class/CDC/Src/usbd_cdc.o
 *fill*         0x00000000200000c7        0x1 
 .data.USBD_CDC_DeviceQualifierDesc
                0x00000000200000c8        0xa Middlewares/ST/STM32_USB_Device_Library/Class/CDC/Src/usbd_cdc.o
 *fill*         0x00000000200000d2        0x2 
 .data.USBD_CDC_OtherSpeedCfgDesc
                0x00000000200000d4       0x43 Middlewares/ST/STM32_USB_Device_Library/Class/CDC/Src/usbd_cdc.o
 *fill*         0x0000000020000117        0x1 
 .data.uxCriticalNesting
                0x0000000020000118        0x4 Middlewares/Third_Party/FreeRTOS/Source/portable/GCC/ARM_CM4F/port.o
 .data.SystemCoreClock
                0x000000002000011c        0x4 Src/system_stm32f4xx.o
                0x000000002000011c                SystemCoreClock
 .data.USBD_Interface_fops_FS
                0x0000000020000120       0x14 Src/usbd_cdc_if.o
                0x0000000020000120                USBD_Interface_fops_FS
 .data.FS_Desc  0x0000000020000134       0x1c Src/usbd_desc.o
                0x0000000020000134                FS_Desc
 .data.USBD_FS_DeviceDesc
                0x0000000020000150       0x12 Src/usbd_desc.o
                0x0000000020000150                USBD_FS_DeviceDesc
 *fill*         0x0000000020000162        0x2 
 .data.USBD_LangIDDesc
                0x0000000020000164        0x4 Src/usbd_desc.o
                0x0000000020000164                USBD_LangIDDesc
 .data.USBD_StringSerial
                0x0000000020000168       0x1a Src/usbd_desc.o
                0x0000000020000168                USBD_StringSerial
 *fill*         0x0000000020000182        0x2 
 .data._impure_ptr
                0x0000000020000184        0x4 /home/igor/stm32cubeide/plugins/com.st.stm32cube.ide.mcu.externaltools.gnu-tools-for-stm32.7-2018-q2-update.linux64_1.0.0.201904181610/tools/bin/../lib/gcc/arm-none-eabi/7.3.1/../../../../arm-none-eabi/lib/thumb/v7e-m/fpv4-sp/hard/libc_nano.a(lib_a-impure.o)
                0x0000000020000184                _impure_ptr
 .data.impure_data
                0x0000000020000188       0x60 /home/igor/stm32cubeide/plugins/com.st.stm32cube.ide.mcu.externaltools.gnu-tools-for-stm32.7-2018-q2-update.linux64_1.0.0.201904181610/tools/bin/../lib/gcc/arm-none-eabi/7.3.1/../../../../arm-none-eabi/lib/thumb/v7e-m/fpv4-sp/hard/libc_nano.a(lib_a-impure.o)
                0x00000000200001e8                . = ALIGN (0x4)
                0x00000000200001e8                _edata = .
                0x000000000800a4bc                _siccmram = LOADADDR (.ccmram)

.igot.plt       0x00000000200001e8        0x0 load address 0x000000000800a4bc
 .igot.plt      0x00000000200001e8        0x0 /home/igor/stm32cubeide/plugins/com.st.stm32cube.ide.mcu.externaltools.gnu-tools-for-stm32.7-2018-q2-update.linux64_1.0.0.201904181610/tools/bin/../lib/gcc/arm-none-eabi/7.3.1/thumb/v7e-m/fpv4-sp/hard/crtbegin.o

.ccmram         0x0000000010000000        0x0 load address 0x000000000800a4bc
                0x0000000010000000                . = ALIGN (0x4)
                0x0000000010000000                _sccmram = .
 *(.ccmram)
 *(.ccmram*)
                0x0000000010000000                . = ALIGN (0x4)
                0x0000000010000000                _eccmram = .
                0x0000000010000000                . = ALIGN (0x4)

.bss            0x00000000200001e8     0x640c
                0x00000000200001e8                _sbss = .
                0x00000000200001e8                __bss_start__ = _sbss
 *(.bss)
 .bss           0x00000000200001e8       0x1c /home/igor/stm32cubeide/plugins/com.st.stm32cube.ide.mcu.externaltools.gnu-tools-for-stm32.7-2018-q2-update.linux64_1.0.0.201904181610/tools/bin/../lib/gcc/arm-none-eabi/7.3.1/thumb/v7e-m/fpv4-sp/hard/crtbegin.o
 *(.bss*)
 .bss.cfgidx.10538
                0x0000000020000204        0x1 Middlewares/ST/STM32_USB_Device_Library/Core/Src/usbd_ctlreq.o
 *fill*         0x0000000020000205        0x3 
 .bss.pxCurrentTCB
                0x0000000020000208        0x4 Middlewares/Third_Party/FreeRTOS/Source/tasks.o
                0x0000000020000208                pxCurrentTCB
 .bss.pxDelayedTaskList
                0x000000002000020c        0x4 Middlewares/Third_Party/FreeRTOS/Source/tasks.o