Archive member included to satisfy reference by file (symbol)

/opt/Atollic_TrueSTUDIO_for_STM32_x86_64_9.3.0/ARMTools/bin/../lib/gcc/arm-atollic-eabi/6.3.1/../../../../arm-atollic-eabi/lib/armv7e-m/fpu/libstdc++_nano.a(si_class_type_info.o)
                              usr/cpp_main.o (vtable for __cxxabiv1::__si_class_type_info)
/opt/Atollic_TrueSTUDIO_for_STM32_x86_64_9.3.0/ARMTools/bin/../lib/gcc/arm-atollic-eabi/6.3.1/../../../../arm-atollic-eabi/lib/armv7e-m/fpu/libstdc++_nano.a(del_ops.o)
                              /opt/Atollic_TrueSTUDIO_for_STM32_x86_64_9.3.0/ARMTools/bin/../lib/gcc/arm-atollic-eabi/6.3.1/../../../../arm-atollic-eabi/lib/armv7e-m/fpu/libstdc++_nano.a(si_class_type_info.o) (operator delete(void*, unsigned int))
/opt/Atollic_TrueSTUDIO_for_STM32_x86_64_9.3.0/ARMTools/bin/../lib/gcc/arm-atollic-eabi/6.3.1/../../../../arm-atollic-eabi/lib/armv7e-m/fpu/libstdc++_nano.a(class_type_info.o)
                              /opt/Atollic_TrueSTUDIO_for_STM32_x86_64_9.3.0/ARMTools/bin/../lib/gcc/arm-atollic-eabi/6.3.1/../../../../arm-atollic-eabi/lib/armv7e-m/fpu/libstdc++_nano.a(si_class_type_info.o) (__cxxabiv1::__class_type_info::__do_upcast(__cxxabiv1::__class_type_info const*, void**) const)
/opt/Atollic_TrueSTUDIO_for_STM32_x86_64_9.3.0/ARMTools/bin/../lib/gcc/arm-atollic-eabi/6.3.1/../../../../arm-atollic-eabi/lib/armv7e-m/fpu/libstdc++_nano.a(tinfo.o)
                              /opt/Atollic_TrueSTUDIO_for_STM32_x86_64_9.3.0/ARMTools/bin/../lib/gcc/arm-atollic-eabi/6.3.1/../../../../arm-atollic-eabi/lib/armv7e-m/fpu/libstdc++_nano.a(class_type_info.o) (std::type_info::~type_info())
/opt/Atollic_TrueSTUDIO_for_STM32_x86_64_9.3.0/ARMTools/bin/../lib/gcc/arm-atollic-eabi/6.3.1/../../../../arm-atollic-eabi/lib/armv7e-m/fpu/libstdc++_nano.a(del_op.o)
                              /opt/Atollic_TrueSTUDIO_for_STM32_x86_64_9.3.0/ARMTools/bin/../lib/gcc/arm-atollic-eabi/6.3.1/../../../../arm-atollic-eabi/lib/armv7e-m/fpu/libstdc++_nano.a(del_ops.o) (operator delete(void*))
/opt/Atollic_TrueSTUDIO_for_STM32_x86_64_9.3.0/ARMTools/bin/../lib/gcc/arm-atollic-eabi/6.3.1/../../../../arm-atollic-eabi/lib/armv7e-m/fpu/libc_nano.a(lib_a-errno.o)
                              Src/syscalls.o (__errno)
/opt/Atollic_TrueSTUDIO_for_STM32_x86_64_9.3.0/ARMTools/bin/../lib/gcc/arm-atollic-eabi/6.3.1/../../../../arm-atollic-eabi/lib/armv7e-m/fpu/libc_nano.a(lib_a-impure.o)
                              /opt/Atollic_TrueSTUDIO_for_STM32_x86_64_9.3.0/ARMTools/bin/../lib/gcc/arm-atollic-eabi/6.3.1/../../../../arm-atollic-eabi/lib/armv7e-m/fpu/libc_nano.a(lib_a-errno.o) (_impure_ptr)
/opt/Atollic_TrueSTUDIO_for_STM32_x86_64_9.3.0/ARMTools/bin/../lib/gcc/arm-atollic-eabi/6.3.1/../../../../arm-atollic-eabi/lib/armv7e-m/fpu/libc_nano.a(lib_a-init.o)
                              startup/startup_stm32f405xx.o (__libc_init_array)
/opt/Atollic_TrueSTUDIO_for_STM32_x86_64_9.3.0/ARMTools/bin/../lib/gcc/arm-atollic-eabi/6.3.1/../../../../arm-atollic-eabi/lib/armv7e-m/fpu/libc_nano.a(lib_a-malloc.o)
                              Middlewares/ST/STM32_USB_Device_Library/Class/CDC/Src/usbd_cdc.o (malloc)
/opt/Atollic_TrueSTUDIO_for_STM32_x86_64_9.3.0/ARMTools/bin/../lib/gcc/arm-atollic-eabi/6.3.1/../../../../arm-atollic-eabi/lib/armv7e-m/fpu/libc_nano.a(lib_a-memcpy-stub.o)
                              Middlewares/Third_Party/FreeRTOS/Source/queue.o (memcpy)
/opt/Atollic_TrueSTUDIO_for_STM32_x86_64_9.3.0/ARMTools/bin/../lib/gcc/arm-atollic-eabi/6.3.1/../../../../arm-atollic-eabi/lib/armv7e-m/fpu/libc_nano.a(lib_a-memmove.o)
                              usr/cpp_main.o (memmove)
/opt/Atollic_TrueSTUDIO_for_STM32_x86_64_9.3.0/ARMTools/bin/../lib/gcc/arm-atollic-eabi/6.3.1/../../../../arm-atollic-eabi/lib/armv7e-m/fpu/libc_nano.a(lib_a-memset.o)
                              Middlewares/Third_Party/FreeRTOS/Source/stream_buffer.o (memset)
/opt/Atollic_TrueSTUDIO_for_STM32_x86_64_9.3.0/ARMTools/bin/../lib/gcc/arm-atollic-eabi/6.3.1/../../../../arm-atollic-eabi/lib/armv7e-m/fpu/libc_nano.a(lib_a-nano-freer.o)
                              /opt/Atollic_TrueSTUDIO_for_STM32_x86_64_9.3.0/ARMTools/bin/../lib/gcc/arm-atollic-eabi/6.3.1/../../../../arm-atollic-eabi/lib/armv7e-m/fpu/libc_nano.a(lib_a-malloc.o) (_free_r)
/opt/Atollic_TrueSTUDIO_for_STM32_x86_64_9.3.0/ARMTools/bin/../lib/gcc/arm-atollic-eabi/6.3.1/../../../../arm-atollic-eabi/lib/armv7e-m/fpu/libc_nano.a(lib_a-nano-mallocr.o)
                              /opt/Atollic_TrueSTUDIO_for_STM32_x86_64_9.3.0/ARMTools/bin/../lib/gcc/arm-atollic-eabi/6.3.1/../../../../arm-atollic-eabi/lib/armv7e-m/fpu/libc_nano.a(lib_a-malloc.o) (_malloc_r)
/opt/Atollic_TrueSTUDIO_for_STM32_x86_64_9.3.0/ARMTools/bin/../lib/gcc/arm-atollic-eabi/6.3.1/../../../../arm-atollic-eabi/lib/armv7e-m/fpu/libc_nano.a(lib_a-realloc.o)
                              usr/cpp_main.o (realloc)
[...]
Memory Configuration

Name             Origin             Length             Attributes
RAM              0x0000000020000000 0x0000000000020000 xrw
CCMRAM           0x0000000010000000 0x0000000000010000 rw
FLASH            0x0000000008000000 0x0000000000100000 xr
*default*        0x0000000000000000 0xffffffffffffffff

Linker script and memory map

LOAD /opt/Atollic_TrueSTUDIO_for_STM32_x86_64_9.3.0/ARMTools/bin/../lib/gcc/arm-atollic-eabi/6.3.1/armv7e-m/fpu/crti.o
LOAD /opt/Atollic_TrueSTUDIO_for_STM32_x86_64_9.3.0/ARMTools/bin/../lib/gcc/arm-atollic-eabi/6.3.1/armv7e-m/fpu/crtbegin.o
LOAD Drivers/STM32F4xx_HAL_Driver/Src/stm32f4xx_hal.o
LOAD Drivers/STM32F4xx_HAL_Driver/Src/stm32f4xx_hal_can.o
LOAD Drivers/STM32F4xx_HAL_Driver/Src/stm32f4xx_hal_cortex.o
LOAD Drivers/STM32F4xx_HAL_Driver/Src/stm32f4xx_hal_dma.o
LOAD Drivers/STM32F4xx_HAL_Driver/Src/stm32f4xx_hal_dma_ex.o
LOAD Drivers/STM32F4xx_HAL_Driver/Src/stm32f4xx_hal_exti.o
LOAD Drivers/STM32F4xx_HAL_Driver/Src/stm32f4xx_hal_flash.o
LOAD Drivers/STM32F4xx_HAL_Driver/Src/stm32f4xx_hal_flash_ex.o
LOAD Drivers/STM32F4xx_HAL_Driver/Src/stm32f4xx_hal_flash_ramfunc.o
LOAD Drivers/STM32F4xx_HAL_Driver/Src/stm32f4xx_hal_gpio.o
LOAD Drivers/STM32F4xx_HAL_Driver/Src/stm32f4xx_hal_i2c.o
LOAD Drivers/STM32F4xx_HAL_Driver/Src/stm32f4xx_hal_i2c_ex.o
LOAD Drivers/STM32F4xx_HAL_Driver/Src/stm32f4xx_hal_pcd.o
LOAD Drivers/STM32F4xx_HAL_Driver/Src/stm32f4xx_hal_pcd_ex.o
LOAD Drivers/STM32F4xx_HAL_Driver/Src/stm32f4xx_hal_pwr.o
LOAD Drivers/STM32F4xx_HAL_Driver/Src/stm32f4xx_hal_pwr_ex.o
LOAD Drivers/STM32F4xx_HAL_Driver/Src/stm32f4xx_hal_rcc.o
LOAD Drivers/STM32F4xx_HAL_Driver/Src/stm32f4xx_hal_rcc_ex.o
LOAD Drivers/STM32F4xx_HAL_Driver/Src/stm32f4xx_hal_tim.o
LOAD Drivers/STM32F4xx_HAL_Driver/Src/stm32f4xx_hal_tim_ex.o
LOAD Drivers/STM32F4xx_HAL_Driver/Src/stm32f4xx_ll_usb.o
LOAD Middlewares/ST/STM32_USB_Device_Library/Class/CDC/Src/usbd_cdc.o
LOAD Middlewares/ST/STM32_USB_Device_Library/Core/Src/usbd_core.o
LOAD Middlewares/ST/STM32_USB_Device_Library/Core/Src/usbd_ctlreq.o
LOAD Middlewares/ST/STM32_USB_Device_Library/Core/Src/usbd_ioreq.o
LOAD Middlewares/Third_Party/FreeRTOS/Source/CMSIS_RTOS/cmsis_os.o
LOAD Middlewares/Third_Party/FreeRTOS/Source/croutine.o
LOAD Middlewares/Third_Party/FreeRTOS/Source/event_groups.o
LOAD Middlewares/Third_Party/FreeRTOS/Source/list.o
LOAD Middlewares/Third_Party/FreeRTOS/Source/portable/GCC/ARM_CM4F/port.o
LOAD Middlewares/Third_Party/FreeRTOS/Source/portable/MemMang/heap_4.o
LOAD Middlewares/Third_Party/FreeRTOS/Source/queue.o
LOAD Middlewares/Third_Party/FreeRTOS/Source/stream_buffer.o
LOAD Middlewares/Third_Party/FreeRTOS/Source/tasks.o
LOAD Middlewares/Third_Party/FreeRTOS/Source/timers.o
LOAD Src/freertos.o
LOAD Src/main.o
LOAD Src/mpu6050_usr.o
LOAD Src/stm32f4xx_hal_msp.o
LOAD Src/stm32f4xx_hal_timebase_tim.o
LOAD Src/stm32f4xx_it.o
LOAD Src/syscalls.o
LOAD Src/system_stm32f4xx.o
LOAD Src/usb_device.o
LOAD Src/usbd_cdc_if.o
LOAD Src/usbd_conf.o
LOAD Src/usbd_desc.o
LOAD ros_lib/duration.o
LOAD ros_lib/time.o
LOAD startup/startup_stm32f405xx.o
LOAD usr/cpp_main.o
LOAD usr/ledStatus.o
LOAD usr/nbt.o
LOAD usr/ringbuffer.o
                0x0000000000001000                malloc_getpagesize_P = 0x1000
START GROUP
LOAD /opt/Atollic_TrueSTUDIO_for_STM32_x86_64_9.3.0/ARMTools/bin/../lib/gcc/arm-atollic-eabi/6.3.1/../../../../arm-atollic-eabi/lib/armv7e-m/fpu/libstdc++_nano.a
LOAD /opt/Atollic_TrueSTUDIO_for_STM32_x86_64_9.3.0/ARMTools/bin/../lib/gcc/arm-atollic-eabi/6.3.1/../../../../arm-atollic-eabi/lib/armv7e-m/fpu/libsupc++_nano.a
END GROUP
LOAD /opt/Atollic_TrueSTUDIO_for_STM32_x86_64_9.3.0/ARMTools/bin/../lib/gcc/arm-atollic-eabi/6.3.1/../../../../arm-atollic-eabi/lib/armv7e-m/fpu/libstdc++_nano.a
LOAD /opt/Atollic_TrueSTUDIO_for_STM32_x86_64_9.3.0/ARMTools/bin/../lib/gcc/arm-atollic-eabi/6.3.1/../../../../arm-atollic-eabi/lib/armv7e-m/fpu/libm.a
LOAD /opt/Atollic_TrueSTUDIO_for_STM32_x86_64_9.3.0/ARMTools/bin/../lib/gcc/arm-atollic-eabi/6.3.1/../../../../arm-atollic-eabi/lib/armv7e-m/fpu/libc_nano.a
START GROUP
LOAD /opt/Atollic_TrueSTUDIO_for_STM32_x86_64_9.3.0/ARMTools/bin/../lib/gcc/arm-atollic-eabi/6.3.1/armv7e-m/fpu/libgcc.a
LOAD /opt/Atollic_TrueSTUDIO_for_STM32_x86_64_9.3.0/ARMTools/bin/../lib/gcc/arm-atollic-eabi/6.3.1/../../../../arm-atollic-eabi/lib/armv7e-m/fpu/libc_nano.a
END GROUP
START GROUP
LOAD /opt/Atollic_TrueSTUDIO_for_STM32_x86_64_9.3.0/ARMTools/bin/../lib/gcc/arm-atollic-eabi/6.3.1/armv7e-m/fpu/libgcc.a
LOAD /opt/Atollic_TrueSTUDIO_for_STM32_x86_64_9.3.0/ARMTools/bin/../lib/gcc/arm-atollic-eabi/6.3.1/../../../../arm-atollic-eabi/lib/armv7e-m/fpu/libc_nano.a
LOAD /opt/Atollic_TrueSTUDIO_for_STM32_x86_64_9.3.0/ARMTools/bin/../lib/gcc/arm-atollic-eabi/6.3.1/../../../../arm-atollic-eabi/lib/armv7e-m/fpu/libnosys.a
END GROUP
START GROUP
LOAD /opt/Atollic_TrueSTUDIO_for_STM32_x86_64_9.3.0/ARMTools/bin/../lib/gcc/arm-atollic-eabi/6.3.1/armv7e-m/fpu/libgcc.a
LOAD /opt/Atollic_TrueSTUDIO_for_STM32_x86_64_9.3.0/ARMTools/bin/../lib/gcc/arm-atollic-eabi/6.3.1/../../../../arm-atollic-eabi/lib/armv7e-m/fpu/libc_nano.a
LOAD /opt/Atollic_TrueSTUDIO_for_STM32_x86_64_9.3.0/ARMTools/bin/../lib/gcc/arm-atollic-eabi/6.3.1/../../../../arm-atollic-eabi/lib/armv7e-m/fpu/libnosys.a
END GROUP
LOAD /opt/Atollic_TrueSTUDIO_for_STM32_x86_64_9.3.0/ARMTools/bin/../lib/gcc/arm-atollic-eabi/6.3.1/armv7e-m/fpu/crtend.o
LOAD /opt/Atollic_TrueSTUDIO_for_STM32_x86_64_9.3.0/ARMTools/bin/../lib/gcc/arm-atollic-eabi/6.3.1/armv7e-m/fpu/crtn.o
                0x0000000020020000                _estack = 0x20020000
                0x0000000000000200                _Min_Heap_Size = 0x200
                0x0000000000000400                _Min_Stack_Size = 0x400

.isr_vector     0x0000000008000000      0x188
                0x0000000008000000                . = ALIGN (0x4)
 *(.isr_vector)
 .isr_vector    0x0000000008000000      0x188 startup/startup_stm32f405xx.o
                0x0000000008000000                g_pfnVectors
                0x0000000008000188                . = ALIGN (0x4)

.text           0x0000000008000190     0xa778
                0x0000000008000190                . = ALIGN (0x4)
 *(.text)
 .text          0x0000000008000190       0x40 /opt/Atollic_TrueSTUDIO_for_STM32_x86_64_9.3.0/ARMTools/bin/../lib/gcc/arm-atollic-eabi/6.3.1/armv7e-m/fpu/crtbegin.o
 .text          0x00000000080001d0       0x14 /opt/Atollic_TrueSTUDIO_for_STM32_x86_64_9.3.0/ARMTools/bin/../lib/gcc/arm-atollic-eabi/6.3.1/../../../../arm-atollic-eabi/lib/armv7e-m/fpu/libc_nano.a(lib_a-strcmp.o)
                0x00000000080001d0                strcmp
 .text          0x00000000080001e4       0x10 /opt/Atollic_TrueSTUDIO_for_STM32_x86_64_9.3.0/ARMTools/bin/../lib/gcc/arm-atollic-eabi/6.3.1/../../../../arm-atollic-eabi/lib/armv7e-m/fpu/libc_nano.a(lib_a-strlen.o)
                0x00000000080001e4                strlen
 .text          0x00000000080001f4       0x30 /opt/Atollic_TrueSTUDIO_for_STM32_x86_64_9.3.0/ARMTools/bin/../lib/gcc/arm-atollic-eabi/6.3.1/armv7e-m/fpu/libgcc.a(_aeabi_uldivmod.o)
                0x00000000080001f4                __aeabi_uldivmod
 .text          0x0000000008000224      0x2dc /opt/Atollic_TrueSTUDIO_for_STM32_x86_64_9.3.0/ARMTools/bin/../lib/gcc/arm-atollic-eabi/6.3.1/armv7e-m/fpu/libgcc.a(_udivmoddi4.o)
                0x0000000008000224                __udivmoddi4
 .text          0x0000000008000500      0x9cc /opt/Atollic_TrueSTUDIO_for_STM32_x86_64_9.3.0/ARMTools/bin/../lib/gcc/arm-atollic-eabi/6.3.1/armv7e-m/fpu/libgcc.a(unwind-arm.o)
                0x00000000080007c0                _Unwind_GetCFA
                0x00000000080007c4                __gnu_Unwind_RaiseException
                0x0000000008000824                __gnu_Unwind_ForcedUnwind
                0x0000000008000838                __gnu_Unwind_Resume
                0x000000000800087c                __gnu_Unwind_Resume_or_Rethrow
                0x000000000800088c                _Unwind_Complete
                0x0000000008000890                _Unwind_DeleteException
                0x000000000800089c                _Unwind_VRS_Get
                0x00000000080008e8                _Unwind_VRS_Set
                0x0000000008000938                __gnu_Unwind_Backtrace
                0x0000000008000c78                __aeabi_unwind_cpp_pr0
                0x0000000008000c7c                __aeabi_unwind_cpp_pr1
                0x0000000008000c80                __aeabi_unwind_cpp_pr2
                0x0000000008000c84                _Unwind_VRS_Pop
 .text          0x0000000008000ecc      0x1ac /opt/Atollic_TrueSTUDIO_for_STM32_x86_64_9.3.0/ARMTools/bin/../lib/gcc/arm-atollic-eabi/6.3.1/armv7e-m/fpu/libgcc.a(libunwind.o)
                0x0000000008000ecc                __restore_core_regs
                0x0000000008000ecc                restore_core_regs
                0x0000000008000ee4                __gnu_Unwind_Restore_VFP
                0x0000000008000eec                __gnu_Unwind_Save_VFP
                0x0000000008000ef4                __gnu_Unwind_Restore_VFP_D
                0x0000000008000efc                __gnu_Unwind_Save_VFP_D
                0x0000000008000f04                __gnu_Unwind_Restore_VFP_D_16_to_31
                0x0000000008000f0c                __gnu_Unwind_Save_VFP_D_16_to_31
                0x0000000008000f14                __gnu_Unwind_Restore_WMMXD
                0x0000000008000f58                __gnu_Unwind_Save_WMMXD
                0x0000000008000f9c                __gnu_Unwind_Restore_WMMXC
                0x0000000008000fb0                __gnu_Unwind_Save_WMMXC
                0x0000000008000fc4                ___Unwind_RaiseException
                0x0000000008000fc4                _Unwind_RaiseException
                0x0000000008000fe8                ___Unwind_Resume
                0x0000000008000fe8                _Unwind_Resume
                0x000000000800100c                _Unwind_Resume_or_Rethrow
                0x000000000800100c                ___Unwind_Resume_or_Rethrow
                0x0000000008001030                ___Unwind_ForcedUnwind
                0x0000000008001030                _Unwind_ForcedUnwind
                0x0000000008001054                _Unwind_Backtrace
                0x0000000008001054                ___Unwind_Backtrace
 .text          0x0000000008001078      0x380 /opt/Atollic_TrueSTUDIO_for_STM32_x86_64_9.3.0/ARMTools/bin/../lib/gcc/arm-atollic-eabi/6.3.1/armv7e-m/fpu/libgcc.a(pr-support.o)
                0x00000000080010d0                __gnu_unwind_execute
                0x00000000080013a0                __gnu_unwind_frame
                0x00000000080013c8                _Unwind_GetRegionStart
                0x00000000080013d4                _Unwind_GetLanguageSpecificData
                0x00000000080013e8                _Unwind_GetTextRelBase
                0x00000000080013f0                _Unwind_GetDataRelBase
 .text          0x00000000080013f8        0x4 /opt/Atollic_TrueSTUDIO_for_STM32_x86_64_9.3.0/ARMTools/bin/../lib/gcc/arm-atollic-eabi/6.3.1/armv7e-m/fpu/libgcc.a(_dvmd_tls.o)
                0x00000000080013f8                __aeabi_ldiv0
                0x00000000080013f8                __aeabi_idiv0
 *(.text*)
 .text.HAL_Init
                0x00000000080013fc       0x34 Drivers/STM32F4xx_HAL_Driver/Src/stm32f4xx_hal.o
                0x00000000080013fc                HAL_Init
 .text.HAL_IncTick
                0x0000000008001430       0x18 Drivers/STM32F4xx_HAL_Driver/Src/stm32f4xx_hal.o
                0x0000000008001430                HAL_IncTick
 .text.HAL_GetTick
                0x0000000008001448        0xc Drivers/STM32F4xx_HAL_Driver/Src/stm32f4xx_hal.o
                0x0000000008001448                HAL_GetTick
 .text.HAL_Delay
                0x0000000008001454       0x24 Drivers/STM32F4xx_HAL_Driver/Src/stm32f4xx_hal.o
                0x0000000008001454                HAL_Delay
 .text.HAL_CAN_Init
                0x0000000008001478      0x104 Drivers/STM32F4xx_HAL_Driver/Src/stm32f4xx_hal_can.o
                0x0000000008001478                HAL_CAN_Init
 .text.HAL_CAN_ConfigFilter
                0x000000000800157c      0x10c Drivers/STM32F4xx_HAL_Driver/Src/stm32f4xx_hal_can.o
                0x000000000800157c                HAL_CAN_ConfigFilter
 .text.HAL_CAN_Start
                0x0000000008001688       0x5c Drivers/STM32F4xx_HAL_Driver/Src/stm32f4xx_hal_can.o
                0x0000000008001688                HAL_CAN_Start
 .text.HAL_CAN_AddTxMessage
                0x00000000080016e4       0xb0 Drivers/STM32F4xx_HAL_Driver/Src/stm32f4xx_hal_can.o
                0x00000000080016e4                HAL_CAN_AddTxMessage
 .text.HAL_CAN_GetRxMessage
                0x0000000008001794      0x104 Drivers/STM32F4xx_HAL_Driver/Src/stm32f4xx_hal_can.o
                0x0000000008001794                HAL_CAN_GetRxMessage
 .text.HAL_CAN_ActivateNotification
                0x0000000008001898       0x24 Drivers/STM32F4xx_HAL_Driver/Src/stm32f4xx_hal_can.o
                0x0000000008001898                HAL_CAN_ActivateNotification
 .text.HAL_CAN_TxMailbox0CompleteCallback
                0x00000000080018bc        0x4 Drivers/STM32F4xx_HAL_Driver/Src/stm32f4xx_hal_can.o
                0x00000000080018bc                HAL_CAN_TxMailbox0CompleteCallback
 .text.HAL_CAN_TxMailbox1CompleteCallback
                0x00000000080018c0        0x4 Drivers/STM32F4xx_HAL_Driver/Src/stm32f4xx_hal_can.o
                0x00000000080018c0                HAL_CAN_TxMailbox1CompleteCallback
 .text.HAL_CAN_TxMailbox2CompleteCallback
                0x00000000080018c4        0x4 Drivers/STM32F4xx_HAL_Driver/Src/stm32f4xx_hal_can.o
                0x00000000080018c4                HAL_CAN_TxMailbox2CompleteCallback
 .text.HAL_CAN_TxMailbox0AbortCallback
                0x00000000080018c8        0x4 Drivers/STM32F4xx_HAL_Driver/Src/stm32f4xx_hal_can.o
                0x00000000080018c8                HAL_CAN_TxMailbox0AbortCallback
 .text.HAL_CAN_TxMailbox1AbortCallback
                0x00000000080018cc        0x4 Drivers/STM32F4xx_HAL_Driver/Src/stm32f4xx_hal_can.o
                0x00000000080018cc                HAL_CAN_TxMailbox1AbortCallback
 .text.HAL_CAN_TxMailbox2AbortCallback
                0x00000000080018d0        0x4 Drivers/STM32F4xx_HAL_Driver/Src/stm32f4xx_hal_can.o
                0x00000000080018d0                HAL_CAN_TxMailbox2AbortCallback
 .text.HAL_CAN_RxFifo0FullCallback
                0x00000000080018d4        0x4 Drivers/STM32F4xx_HAL_Driver/Src/stm32f4xx_hal_can.o
                0x00000000080018d4                HAL_CAN_RxFifo0FullCallback
 .text.HAL_CAN_RxFifo1MsgPendingCallback
                0x00000000080018d8        0x4 Drivers/STM32F4xx_HAL_Driver/Src/stm32f4xx_hal_can.o
                0x00000000080018d8                HAL_CAN_RxFifo1MsgPendingCallback
 .text.HAL_CAN_RxFifo1FullCallback
                0x00000000080018dc        0x4 Drivers/STM32F4xx_HAL_Driver/Src/stm32f4xx_hal_can.o
                0x00000000080018dc                HAL_CAN_RxFifo1FullCallback
 .text.HAL_CAN_SleepCallback
                0x00000000080018e0        0x4 Drivers/STM32F4xx_HAL_Driver/Src/stm32f4xx_hal_can.o
                0x00000000080018e0                HAL_CAN_SleepCallback
 .text.HAL_CAN_WakeUpFromRxMsgCallback
                0x00000000080018e4        0x4 Drivers/STM32F4xx_HAL_Driver/Src/stm32f4xx_hal_can.o
                0x00000000080018e4                HAL_CAN_WakeUpFromRxMsgCallback
 .text.HAL_CAN_ErrorCallback
                0x00000000080018e8        0x4 Drivers/STM32F4xx_HAL_Driver/Src/stm32f4xx_hal_can.o
                0x00000000080018e8                HAL_CAN_ErrorCallback
 .text.HAL_CAN_IRQHandler
                0x00000000080018ec      0x254 Drivers/STM32F4xx_HAL_Driver/Src/stm32f4xx_hal_can.o
                0x00000000080018ec                HAL_CAN_IRQHandler
 .text.HAL_NVIC_SetPriorityGrouping
                0x0000000008001b40       0x24 Drivers/STM32F4xx_HAL_Driver/Src/stm32f4xx_hal_cortex.o
                0x0000000008001b40                HAL_NVIC_SetPriorityGrouping
 .text.HAL_NVIC_SetPriority
                0x0000000008001b64       0x6c Drivers/STM32F4xx_HAL_Driver/Src/stm32f4xx_hal_cortex.o
                0x0000000008001b64                HAL_NVIC_SetPriority
 .text.HAL_NVIC_EnableIRQ
                0x0000000008001bd0       0x1c Drivers/STM32F4xx_HAL_Driver/Src/stm32f4xx_hal_cortex.o
                0x0000000008001bd0                HAL_NVIC_EnableIRQ
 .text.HAL_DMA_Abort_IT
                0x0000000008001bec       0x24 Drivers/STM32F4xx_HAL_Driver/Src/stm32f4xx_hal_dma.o
                0x0000000008001bec                HAL_DMA_Abort_IT
 .text.HAL_DMA_GetState
                0x0000000008001c10        0x8 Drivers/STM32F4xx_HAL_Driver/Src/stm32f4xx_hal_dma.o
                0x0000000008001c10                HAL_DMA_GetState
 .text.HAL_GPIO_Init
                0x0000000008001c18      0x21c Drivers/STM32F4xx_HAL_Driver/Src/stm32f4xx_hal_gpio.o
                0x0000000008001c18                HAL_GPIO_Init
 .text.HAL_GPIO_WritePin
                0x0000000008001e34        0x8 Drivers/STM32F4xx_HAL_Driver/Src/stm32f4xx_hal_gpio.o
                0x0000000008001e34                HAL_GPIO_WritePin
 .text.HAL_GPIO_TogglePin
                0x0000000008001e3c       0x10 Drivers/STM32F4xx_HAL_Driver/Src/stm32f4xx_hal_gpio.o
                0x0000000008001e3c                HAL_GPIO_TogglePin
 .text.I2C_MemoryTransmit_TXE_BTF
                0x0000000008001e4c       0x78 Drivers/STM32F4xx_HAL_Driver/Src/stm32f4xx_hal_i2c.o
 .text.I2C_RequestMemoryRead
                0x0000000008001ec4      0x27c Drivers/STM32F4xx_HAL_Driver/Src/stm32f4xx_hal_i2c.o
 .text.HAL_I2C_Init
                0x0000000008002140      0x180 Drivers/STM32F4xx_HAL_Driver/Src/stm32f4xx_hal_i2c.o
                0x0000000008002140                HAL_I2C_Init
 .text.HAL_I2C_Master_Transmit
                0x00000000080022c0      0x314 Drivers/STM32F4xx_HAL_Driver/Src/stm32f4xx_hal_i2c.o
                0x00000000080022c0                HAL_I2C_Master_Transmit
 .text.HAL_I2C_Mem_Read
                0x00000000080025d4      0x2f0 Drivers/STM32F4xx_HAL_Driver/Src/stm32f4xx_hal_i2c.o
                0x00000000080025d4                HAL_I2C_Mem_Read
 .text.HAL_I2C_MasterTxCpltCallback
                0x00000000080028c4        0x4 Drivers/STM32F4xx_HAL_Driver/Src/stm32f4xx_hal_i2c.o
                0x00000000080028c4                HAL_I2C_MasterTxCpltCallback
 .text.HAL_I2C_MasterRxCpltCallback
                0x00000000080028c8        0x4 Drivers/STM32F4xx_HAL_Driver/Src/stm32f4xx_hal_i2c.o
                0x00000000080028c8                HAL_I2C_MasterRxCpltCallback
 .text.HAL_I2C_SlaveTxCpltCallback
                0x00000000080028cc        0x4 Drivers/STM32F4xx_HAL_Driver/Src/stm32f4xx_hal_i2c.o
                0x00000000080028cc                HAL_I2C_SlaveTxCpltCallback
 .text.HAL_I2C_SlaveRxCpltCallback
                0x00000000080028d0        0x4 Drivers/STM32F4xx_HAL_Driver/Src/stm32f4xx_hal_i2c.o
                0x00000000080028d0                HAL_I2C_SlaveRxCpltCallback
 .text.HAL_I2C_AddrCallback
                0x00000000080028d4        0x4 Drivers/STM32F4xx_HAL_Driver/Src/stm32f4xx_hal_i2c.o
                0x00000000080028d4                HAL_I2C_AddrCallback
 .text.HAL_I2C_ListenCpltCallback
                0x00000000080028d8        0x4 Drivers/STM32F4xx_HAL_Driver/Src/stm32f4xx_hal_i2c.o
                0x00000000080028d8                HAL_I2C_ListenCpltCallback
 .text.HAL_I2C_MemTxCpltCallback
                0x00000000080028dc        0x4 Drivers/STM32F4xx_HAL_Driver/Src/stm32f4xx_hal_i2c.o
                0x00000000080028dc                HAL_I2C_MemTxCpltCallback
 .text.HAL_I2C_MemRxCpltCallback
                0x00000000080028e0        0x4 Drivers/STM32F4xx_HAL_Driver/Src/stm32f4xx_hal_i2c.o
                0x00000000080028e0                HAL_I2C_MemRxCpltCallback
 .text.HAL_I2C_ErrorCallback
                0x00000000080028e4        0x4 Drivers/STM32F4xx_HAL_Driver/Src/stm32f4xx_hal_i2c.o
                0x00000000080028e4                HAL_I2C_ErrorCallback
 .text.HAL_I2C_AbortCpltCallback
                0x00000000080028e8        0x4 Drivers/STM32F4xx_HAL_Driver/Src/stm32f4xx_hal_i2c.o
                0x00000000080028e8                HAL_I2C_AbortCpltCallback
 .text.I2C_DMAAbort
                0x00000000080028ec       0xc0 Drivers/STM32F4xx_HAL_Driver/Src/stm32f4xx_hal_i2c.o
 .text.HAL_I2C_EV_IRQHandler
                0x00000000080029ac      0xa30 Drivers/STM32F4xx_HAL_Driver/Src/stm32f4xx_hal_i2c.o
                0x00000000080029ac                HAL_I2C_EV_IRQHandler
 .text.HAL_PCD_Init
                0x00000000080033dc      0x120 Drivers/STM32F4xx_HAL_Driver/Src/stm32f4xx_hal_pcd.o
                0x00000000080033dc                HAL_PCD_Init
 .text.HAL_PCD_Start
                0x00000000080034fc       0x44 Drivers/STM32F4xx_HAL_Driver/Src/stm32f4xx_hal_pcd.o
                0x00000000080034fc                HAL_PCD_Start
 .text.HAL_PCD_IRQHandler
                0x0000000008003540      0x698 Drivers/STM32F4xx_HAL_Driver/Src/stm32f4xx_hal_pcd.o
                0x0000000008003540                HAL_PCD_IRQHandler
 .text.HAL_PCD_SetAddress
                0x0000000008003bd8       0x28 Drivers/STM32F4xx_HAL_Driver/Src/stm32f4xx_hal_pcd.o
                0x0000000008003bd8                HAL_PCD_SetAddress
 .text.HAL_PCD_EP_Open
                0x0000000008003c00       0x6c Drivers/STM32F4xx_HAL_Driver/Src/stm32f4xx_hal_pcd.o
                0x0000000008003c00                HAL_PCD_EP_Open
 .text.HAL_PCD_EP_Close
                0x0000000008003c6c       0x58 Drivers/STM32F4xx_HAL_Driver/Src/stm32f4xx_hal_pcd.o
                0x0000000008003c6c                HAL_PCD_EP_Close
 .text.HAL_PCD_EP_Receive
                0x0000000008003cc4       0x50 Drivers/STM32F4xx_HAL_Driver/Src/stm32f4xx_hal_pcd.o
                0x0000000008003cc4                HAL_PCD_EP_Receive
 .text.HAL_PCD_EP_GetRxCount
                0x0000000008003d14       0x14 Drivers/STM32F4xx_HAL_Driver/Src/stm32f4xx_hal_pcd.o
                0x0000000008003d14                HAL_PCD_EP_GetRxCount
 .text.HAL_PCD_EP_Transmit
                0x0000000008003d28       0x48 Drivers/STM32F4xx_HAL_Driver/Src/stm32f4xx_hal_pcd.o
                0x0000000008003d28                HAL_PCD_EP_Transmit
 .text.HAL_PCD_EP_SetStall
                0x0000000008003d70       0x7c Drivers/STM32F4xx_HAL_Driver/Src/stm32f4xx_hal_pcd.o
                0x0000000008003d70                HAL_PCD_EP_SetStall
 .text.HAL_PCD_EP_ClrStall
                0x0000000008003dec       0x68 Drivers/STM32F4xx_HAL_Driver/Src/stm32f4xx_hal_pcd.o
                0x0000000008003dec                HAL_PCD_EP_ClrStall
 .text.HAL_PCDEx_SetTxFiFo
                0x0000000008003e54       0x48 Drivers/STM32F4xx_HAL_Driver/Src/stm32f4xx_hal_pcd_ex.o
                0x0000000008003e54                HAL_PCDEx_SetTxFiFo
 .text.HAL_PCDEx_SetRxFiFo
                0x0000000008003e9c        0x8 Drivers/STM32F4xx_HAL_Driver/Src/stm32f4xx_hal_pcd_ex.o
                0x0000000008003e9c                HAL_PCDEx_SetRxFiFo
 .text.HAL_PCDEx_LPM_Callback
                0x0000000008003ea4        0x4 Drivers/STM32F4xx_HAL_Driver/Src/stm32f4xx_hal_pcd_ex.o
                0x0000000008003ea4                HAL_PCDEx_LPM_Callback
 .text.HAL_RCC_OscConfig
                0x0000000008003ea8      0x3c0 Drivers/STM32F4xx_HAL_Driver/Src/stm32f4xx_hal_rcc.o
                0x0000000008003ea8                HAL_RCC_OscConfig
 .text.HAL_RCC_GetSysClockFreq
                0x0000000008004268       0x60 Drivers/STM32F4xx_HAL_Driver/Src/stm32f4xx_hal_rcc.o
                0x0000000008004268                HAL_RCC_GetSysClockFreq
 .text.HAL_RCC_ClockConfig
                0x00000000080042c8      0x13c Drivers/STM32F4xx_HAL_Driver/Src/stm32f4xx_hal_rcc.o
                0x00000000080042c8                HAL_RCC_ClockConfig
 .text.HAL_RCC_GetHCLKFreq
                0x0000000008004404        0xc Drivers/STM32F4xx_HAL_Driver/Src/stm32f4xx_hal_rcc.o
                0x0000000008004404                HAL_RCC_GetHCLKFreq
 .text.HAL_RCC_GetPCLK1Freq
                0x0000000008004410       0x20 Drivers/STM32F4xx_HAL_Driver/Src/stm32f4xx_hal_rcc.o
                0x0000000008004410                HAL_RCC_GetPCLK1Freq
 .text.HAL_RCC_GetClockConfig
                0x0000000008004430       0x44 Drivers/STM32F4xx_HAL_Driver/Src/stm32f4xx_hal_rcc.o
                0x0000000008004430                HAL_RCC_GetClockConfig
 .text.HAL_TIM_Base_MspInit
                0x0000000008004474        0x4 Drivers/STM32F4xx_HAL_Driver/Src/stm32f4xx_hal_tim.o
                0x0000000008004474                HAL_TIM_Base_MspInit
 .text.HAL_TIM_Base_Init
                0x0000000008004478      0x144 Drivers/STM32F4xx_HAL_Driver/Src/stm32f4xx_hal_tim.o
                0x0000000008004478                HAL_TIM_Base_Init
 .text.HAL_TIM_Base_Start_IT
                0x00000000080045bc       0x20 Drivers/STM32F4xx_HAL_Driver/Src/stm32f4xx_hal_tim.o
                0x00000000080045bc                HAL_TIM_Base_Start_IT
 .text.HAL_TIM_OC_DelayElapsedCallback
                0x00000000080045dc        0x4 Drivers/STM32F4xx_HAL_Driver/Src/stm32f4xx_hal_tim.o
                0x00000000080045dc                HAL_TIM_OC_DelayElapsedCallback
 .text.HAL_TIM_IC_CaptureCallback
                0x00000000080045e0        0x4 Drivers/STM32F4xx_HAL_Driver/Src/stm32f4xx_hal_tim.o
                0x00000000080045e0                HAL_TIM_IC_CaptureCallback
 .text.HAL_TIM_PWM_PulseFinishedCallback
                0x00000000080045e4        0x4 Drivers/STM32F4xx_HAL_Driver/Src/stm32f4xx_hal_tim.o
                0x00000000080045e4                HAL_TIM_PWM_PulseFinishedCallback
 .text.HAL_TIM_TriggerCallback
                0x00000000080045e8        0x4 Drivers/STM32F4xx_HAL_Driver/Src/stm32f4xx_hal_tim.o
                0x00000000080045e8                HAL_TIM_TriggerCallback
 .text.HAL_TIM_IRQHandler
                0x00000000080045ec      0x154 Drivers/STM32F4xx_HAL_Driver/Src/stm32f4xx_hal_tim.o
                0x00000000080045ec                HAL_TIM_IRQHandler
 .text.HAL_TIMEx_CommutCallback
                0x0000000008004740        0x4 Drivers/STM32F4xx_HAL_Driver/Src/stm32f4xx_hal_tim_ex.o
                0x0000000008004740                HAL_TIMEx_CommutCallback
 .text.HAL_TIMEx_BreakCallback
                0x0000000008004744        0x4 Drivers/STM32F4xx_HAL_Driver/Src/stm32f4xx_hal_tim_ex.o
                0x0000000008004744                HAL_TIMEx_BreakCallback
 .text.USB_CoreInit
                0x0000000008004748       0xd0 Drivers/STM32F4xx_HAL_Driver/Src/stm32f4xx_ll_usb.o
                0x0000000008004748                USB_CoreInit
 .text.USB_SetTurnaroundTime
                0x0000000008004818       0xf8 Drivers/STM32F4xx_HAL_Driver/Src/stm32f4xx_ll_usb.o
                0x0000000008004818                USB_SetTurnaroundTime
 .text.USB_EnableGlobalInt
                0x0000000008004910       0x10 Drivers/STM32F4xx_HAL_Driver/Src/stm32f4xx_ll_usb.o
                0x0000000008004910                USB_EnableGlobalInt
 .text.USB_DisableGlobalInt
                0x0000000008004920       0x10 Drivers/STM32F4xx_HAL_Driver/Src/stm32f4xx_ll_usb.o
                0x0000000008004920                USB_DisableGlobalInt
 .text.USB_SetCurrentMode
                0x0000000008004930       0x38 Drivers/STM32F4xx_HAL_Driver/Src/stm32f4xx_ll_usb.o
                0x0000000008004930                USB_SetCurrentMode
 .text.USB_DevInit
                0x0000000008004968      0x200 Drivers/STM32F4xx_HAL_Driver/Src/stm32f4xx_ll_usb.o
                0x0000000008004968                USB_DevInit
 .text.USB_FlushTxFifo
                0x0000000008004b68       0x24 Drivers/STM32F4xx_HAL_Driver/Src/stm32f4xx_ll_usb.o
                0x0000000008004b68                USB_FlushTxFifo
 .text.USB_GetDevSpeed
                0x0000000008004b8c       0x18 Drivers/STM32F4xx_HAL_Driver/Src/stm32f4xx_ll_usb.o
                0x0000000008004b8c                USB_GetDevSpeed
 .text.USB_ActivateEndpoint
                0x0000000008004ba4       0x98 Drivers/STM32F4xx_HAL_Driver/Src/stm32f4xx_ll_usb.o
                0x0000000008004ba4                USB_ActivateEndpoint
 .text.USB_DeactivateEndpoint
                0x0000000008004c3c       0x78 Drivers/STM32F4xx_HAL_Driver/Src/stm32f4xx_ll_usb.o
                0x0000000008004c3c                USB_DeactivateEndpoint
 .text.USB_EPStartXfer
                0x0000000008004cb4      0x214 Drivers/STM32F4xx_HAL_Driver/Src/stm32f4xx_ll_usb.o
                0x0000000008004cb4                USB_EPStartXfer
 .text.USB_EP0StartXfer
                0x0000000008004ec8      0x11c Drivers/STM32F4xx_HAL_Driver/Src/stm32f4xx_ll_usb.o
                0x0000000008004ec8                USB_EP0StartXfer
 .text.USB_WritePacket
                0x0000000008004fe4       0x2c Drivers/STM32F4xx_HAL_Driver/Src/stm32f4xx_ll_usb.o
                0x0000000008004fe4                USB_WritePacket
 .text.USB_ReadPacket
                0x0000000008005010       0x28 Drivers/STM32F4xx_HAL_Driver/Src/stm32f4xx_ll_usb.o
                0x0000000008005010                USB_ReadPacket
 .text.USB_EPSetStall
                0x0000000008005038       0x5c Drivers/STM32F4xx_HAL_Driver/Src/stm32f4xx_ll_usb.o
                0x0000000008005038                USB_EPSetStall
 .text.USB_EPClearStall
                0x0000000008005094       0x58 Drivers/STM32F4xx_HAL_Driver/Src/stm32f4xx_ll_usb.o
                0x0000000008005094                USB_EPClearStall
 .text.USB_SetDevAddress
                0x00000000080050ec       0x20 Drivers/STM32F4xx_HAL_Driver/Src/stm32f4xx_ll_usb.o
                0x00000000080050ec                USB_SetDevAddress
 .text.USB_DevConnect
                0x000000000800510c       0x18 Drivers/STM32F4xx_HAL_Driver/Src/stm32f4xx_ll_usb.o
                0x000000000800510c                USB_DevConnect
 .text.USB_DevDisconnect
                0x0000000008005124       0x18 Drivers/STM32F4xx_HAL_Driver/Src/stm32f4xx_ll_usb.o
                0x0000000008005124                USB_DevDisconnect
 .text.USB_ReadInterrupts
                0x000000000800513c        0x8 Drivers/STM32F4xx_HAL_Driver/Src/stm32f4xx_ll_usb.o
                0x000000000800513c                USB_ReadInterrupts
 .text.USB_ReadDevAllOutEpInterrupt
                0x0000000008005144       0x10 Drivers/STM32F4xx_HAL_Driver/Src/stm32f4xx_ll_usb.o
                0x0000000008005144                USB_ReadDevAllOutEpInterrupt
 .text.USB_ReadDevAllInEpInterrupt
                0x0000000008005154       0x10 Drivers/STM32F4xx_HAL_Driver/Src/stm32f4xx_ll_usb.o
                0x0000000008005154                USB_ReadDevAllInEpInterrupt
 .text.USB_ReadDevOutEPInterrupt
                0x0000000008005164       0x14 Drivers/STM32F4xx_HAL_Driver/Src/stm32f4xx_ll_usb.o
                0x0000000008005164                USB_ReadDevOutEPInterrupt
 .text.USB_ReadDevInEPInterrupt
                0x0000000008005178       0x28 Drivers/STM32F4xx_HAL_Driver/Src/stm32f4xx_ll_usb.o
                0x0000000008005178                USB_ReadDevInEPInterrupt
 .text.USB_GetMode
                0x00000000080051a0        0x8 Drivers/STM32F4xx_HAL_Driver/Src/stm32f4xx_ll_usb.o
                0x00000000080051a0                USB_GetMode
 .text.USB_ActivateSetup
                0x00000000080051a8       0x38 Drivers/STM32F4xx_HAL_Driver/Src/stm32f4xx_ll_usb.o
                0x00000000080051a8                USB_ActivateSetup
 .text.USB_EP0_OutStart
                0x00000000080051e0       0x54 Drivers/STM32F4xx_HAL_Driver/Src/stm32f4xx_ll_usb.o
                0x00000000080051e0                USB_EP0_OutStart
 .text.USBD_CDC_EP0_RxReady
                0x0000000008005234       0x28 Middlewares/ST/STM32_USB_Device_Library/Class/CDC/Src/usbd_cdc.o
 .text.USBD_CDC_GetFSCfgDesc
                0x000000000800525c        0xc Middlewares/ST/STM32_USB_Device_Library/Class/CDC/Src/usbd_cdc.o
 .text.USBD_CDC_GetHSCfgDesc
                0x0000000008005268        0xc Middlewares/ST/STM32_USB_Device_Library/Class/CDC/Src/usbd_cdc.o
 .text.USBD_CDC_GetOtherSpeedCfgDesc
                0x0000000008005274        0xc Middlewares/ST/STM32_USB_Device_Library/Class/CDC/Src/usbd_cdc.o
 .text.USBD_CDC_GetDeviceQualifierDescriptor
                0x0000000008005280        0xc Middlewares/ST/STM32_USB_Device_Library/Class/CDC/Src/usbd_cdc.o
                0x0000000008005280                USBD_CDC_GetDeviceQualifierDescriptor
 .text.USBD_CDC_DataOut
                0x000000000800528c       0x30 Middlewares/ST/STM32_USB_Device_Library/Class/CDC/Src/usbd_cdc.o
 .text.USBD_CDC_DataIn
                0x00000000080052bc       0x48 Middlewares/ST/STM32_USB_Device_Library/Class/CDC/Src/usbd_cdc.o
 .text.USBD_CDC_Setup
                0x0000000008005304       0xdc Middlewares/ST/STM32_USB_Device_Library/Class/CDC/Src/usbd_cdc.o
 .text.USBD_CDC_DeInit
                0x00000000080053e0       0x44 Middlewares/ST/STM32_USB_Device_Library/Class/CDC/Src/usbd_cdc.o
 .text.USBD_CDC_Init
                0x0000000008005424       0xb0 Middlewares/ST/STM32_USB_Device_Library/Class/CDC/Src/usbd_cdc.o
 .text.USBD_CDC_RegisterInterface
                0x00000000080054d4       0x10 Middlewares/ST/STM32_USB_Device_Library/Class/CDC/Src/usbd_cdc.o
                0x00000000080054d4                USBD_CDC_RegisterInterface
 .text.USBD_CDC_SetTxBuffer
                0x00000000080054e4       0x10 Middlewares/ST/STM32_USB_Device_Library/Class/CDC/Src/usbd_cdc.o
                0x00000000080054e4                USBD_CDC_SetTxBuffer
 .text.USBD_CDC_SetRxBuffer
                0x00000000080054f4        0xc Middlewares/ST/STM32_USB_Device_Library/Class/CDC/Src/usbd_cdc.o
                0x00000000080054f4                USBD_CDC_SetRxBuffer
 .text.USBD_CDC_TransmitPacket
                0x0000000008005500       0x34 Middlewares/ST/STM32_USB_Device_Library/Class/CDC/Src/usbd_cdc.o
                0x0000000008005500                USBD_CDC_TransmitPacket
 .text.USBD_CDC_ReceivePacket
                0x0000000008005534       0x30 Middlewares/ST/STM32_USB_Device_Library/Class/CDC/Src/usbd_cdc.o
                0x0000000008005534                USBD_CDC_ReceivePacket
 .text.USBD_Init
                0x0000000008005564       0x2c Middlewares/ST/STM32_USB_Device_Library/Core/Src/usbd_core.o
                0x0000000008005564                USBD_Init
 .text.USBD_RegisterClass
                0x0000000008005590       0x10 Middlewares/ST/STM32_USB_Device_Library/Core/Src/usbd_core.o
                0x0000000008005590                USBD_RegisterClass
 .text.USBD_Start
                0x00000000080055a0        0xc Middlewares/ST/STM32_USB_Device_Library/Core/Src/usbd_core.o
                0x00000000080055a0                USBD_Start
 .text.USBD_SetClassConfig
                0x00000000080055ac       0x14 Middlewares/ST/STM32_USB_Device_Library/Core/Src/usbd_core.o
                0x00000000080055ac                USBD_SetClassConfig
 .text.USBD_ClrClassConfig
                0x00000000080055c0       0x10 Middlewares/ST/STM32_USB_Device_Library/Core/Src/usbd_core.o
                0x00000000080055c0                USBD_ClrClassConfig
 .text.USBD_LL_SetupStage
                0x00000000080055d0       0x60 Middlewares/ST/STM32_USB_Device_Library/Core/Src/usbd_core.o
                0x00000000080055d0                USBD_LL_SetupStage
 .text.USBD_LL_DataOutStage
                0x0000000008005630       0x80 Middlewares/ST/STM32_USB_Device_Library/Core/Src/usbd_core.o
                0x0000000008005630                USBD_LL_DataOutStage
 .text.USBD_LL_DataInStage
                0x00000000080056b0       0xc4 Middlewares/ST/STM32_USB_Device_Library/Core/Src/usbd_core.o
                0x00000000080056b0                USBD_LL_DataInStage
 .text.USBD_LL_Reset
                0x0000000008005774       0x50 Middlewares/ST/STM32_USB_Device_Library/Core/Src/usbd_core.o
                0x0000000008005774                USBD_LL_Reset
 .text.USBD_LL_SetSpeed
                0x00000000080057c4        0x8 Middlewares/ST/STM32_USB_Device_Library/Core/Src/usbd_core.o
                0x00000000080057c4                USBD_LL_SetSpeed
 .text.USBD_LL_Suspend
                0x00000000080057cc       0x14 Middlewares/ST/STM32_USB_Device_Library/Core/Src/usbd_core.o
                0x00000000080057cc                USBD_LL_Suspend
 .text.USBD_LL_Resume
                0x00000000080057e0       0x10 Middlewares/ST/STM32_USB_Device_Library/Core/Src/usbd_core.o
                0x00000000080057e0                USBD_LL_Resume
 .text.USBD_LL_SOF
                0x00000000080057f0       0x1c Middlewares/ST/STM32_USB_Device_Library/Core/Src/usbd_core.o
                0x00000000080057f0                USBD_LL_SOF
 .text.USBD_LL_IsoINIncomplete
                0x000000000800580c        0x4 Middlewares/ST/STM32_USB_Device_Library/Core/Src/usbd_core.o
                0x000000000800580c                USBD_LL_IsoINIncomplete
 .text.USBD_LL_IsoOUTIncomplete
                0x0000000008005810        0x4 Middlewares/ST/STM32_USB_Device_Library/Core/Src/usbd_core.o
                0x0000000008005810                USBD_LL_IsoOUTIncomplete
 .text.USBD_LL_DevConnected
                0x0000000008005814        0x4 Middlewares/ST/STM32_USB_Device_Library/Core/Src/usbd_core.o
                0x0000000008005814                USBD_LL_DevConnected
 .text.USBD_LL_DevDisconnected
                0x0000000008005818       0x18 Middlewares/ST/STM32_USB_Device_Library/Core/Src/usbd_core.o
                0x0000000008005818                USBD_LL_DevDisconnected
 .text.USBD_StdDevReq
                0x0000000008005830      0x2dc Middlewares/ST/STM32_USB_Device_Library/Core/Src/usbd_ctlreq.o
                0x0000000008005830                USBD_StdDevReq
 .text.USBD_StdItfReq
                0x0000000008005b0c       0x6c Middlewares/ST/STM32_USB_Device_Library/Core/Src/usbd_ctlreq.o
                0x0000000008005b0c                USBD_StdItfReq
 .text.USBD_StdEPReq
                0x0000000008005b78      0x14c Middlewares/ST/STM32_USB_Device_Library/Core/Src/usbd_ctlreq.o
                0x0000000008005b78                USBD_StdEPReq
 .text.USBD_ParseSetupRequest
                0x0000000008005cc4       0x28 Middlewares/ST/STM32_USB_Device_Library/Core/Src/usbd_ctlreq.o
                0x0000000008005cc4                USBD_ParseSetupRequest
 .text.USBD_CtlError
                0x0000000008005cec       0x18 Middlewares/ST/STM32_USB_Device_Library/Core/Src/usbd_ctlreq.o
                0x0000000008005cec                USBD_CtlError
 .text.USBD_GetString
                0x0000000008005d04       0x48 Middlewares/ST/STM32_USB_Device_Library/Core/Src/usbd_ctlreq.o
                0x0000000008005d04                USBD_GetString
 .text.USBD_CtlSendData
                0x0000000008005d4c       0x1c Middlewares/ST/STM32_USB_Device_Library/Core/Src/usbd_ioreq.o
                0x0000000008005d4c                USBD_CtlSendData
 .text.USBD_CtlContinueSendData
                0x0000000008005d68       0x10 Middlewares/ST/STM32_USB_Device_Library/Core/Src/usbd_ioreq.o
                0x0000000008005d68                USBD_CtlContinueSendData
 .text.USBD_CtlPrepareRx
                0x0000000008005d78       0x20 Middlewares/ST/STM32_USB_Device_Library/Core/Src/usbd_ioreq.o
                0x0000000008005d78                USBD_CtlPrepareRx
 .text.USBD_CtlContinueRx
                0x0000000008005d98       0x10 Middlewares/ST/STM32_USB_Device_Library/Core/Src/usbd_ioreq.o
                0x0000000008005d98                USBD_CtlContinueRx
 .text.USBD_CtlSendStatus
                0x0000000008005da8       0x18 Middlewares/ST/STM32_USB_Device_Library/Core/Src/usbd_ioreq.o
                0x0000000008005da8                USBD_CtlSendStatus
 .text.USBD_CtlReceiveStatus
                0x0000000008005dc0       0x18 Middlewares/ST/STM32_USB_Device_Library/Core/Src/usbd_ioreq.o
                0x0000000008005dc0                USBD_CtlReceiveStatus
 .text.osKernelStart
                0x0000000008005dd8        0xc Middlewares/Third_Party/FreeRTOS/Source/CMSIS_RTOS/cmsis_os.o
                0x0000000008005dd8                osKernelStart
 .text.osThreadCreate
                0x0000000008005de4       0x58 Middlewares/Third_Party/FreeRTOS/Source/CMSIS_RTOS/cmsis_os.o
                0x0000000008005de4                osThreadCreate
 .text.osDelay  0x0000000008005e3c       0x10 Middlewares/Third_Party/FreeRTOS/Source/CMSIS_RTOS/cmsis_os.o
                0x0000000008005e3c                osDelay
 .text.vListInitialise
                0x0000000008005e4c       0x18 Middlewares/Third_Party/FreeRTOS/Source/list.o
                0x0000000008005e4c                vListInitialise
 .text.vListInitialiseItem
                0x0000000008005e64        0x8 Middlewares/Third_Party/FreeRTOS/Source/list.o
                0x0000000008005e64                vListInitialiseItem
 .text.vListInsertEnd
                0x0000000008005e6c       0x20 Middlewares/Third_Party/FreeRTOS/Source/list.o
                0x0000000008005e6c                vListInsertEnd
 .text.vListInsert
                0x0000000008005e8c       0x34 Middlewares/Third_Party/FreeRTOS/Source/list.o
                0x0000000008005e8c                vListInsert
 .text.uxListRemove
                0x0000000008005ec0       0x28 Middlewares/Third_Party/FreeRTOS/Source/list.o
                0x0000000008005ec0                uxListRemove
 .text.prvTaskExitError
                0x0000000008005ee8       0x40 Middlewares/Third_Party/FreeRTOS/Source/portable/GCC/ARM_CM4F/port.o
 .text.unlikely.prvPortStartFirstTask
                0x0000000008005f28       0x28 Middlewares/Third_Party/FreeRTOS/Source/portable/GCC/ARM_CM4F/port.o
 .text.unlikely.vPortEnableVFP
                0x0000000008005f50       0x14 Middlewares/Third_Party/FreeRTOS/Source/portable/GCC/ARM_CM4F/port.o
 .text.pxPortInitialiseStack
                0x0000000008005f64       0x2c Middlewares/Third_Party/FreeRTOS/Source/portable/GCC/ARM_CM4F/port.o
                0x0000000008005f64                pxPortInitialiseStack
 .text.SVC_Handler
                0x0000000008005f90       0x24 Middlewares/Third_Party/FreeRTOS/Source/portable/GCC/ARM_CM4F/port.o
                0x0000000008005f90                SVC_Handler
 .text.vPortEnterCritical
                0x0000000008005fb4       0x44 Middlewares/Third_Party/FreeRTOS/Source/portable/GCC/ARM_CM4F/port.o
                0x0000000008005fb4                vPortEnterCritical
 .text.vPortExitCritical
                0x0000000008005ff8       0x28 Middlewares/Third_Party/FreeRTOS/Source/portable/GCC/ARM_CM4F/port.o
                0x0000000008005ff8                vPortExitCritical
 .text.PendSV_Handler
                0x0000000008006020       0x64 Middlewares/Third_Party/FreeRTOS/Source/portable/GCC/ARM_CM4F/port.o
                0x0000000008006020                PendSV_Handler
 .text.SysTick_Handler
                0x0000000008006084       0x2c Middlewares/Third_Party/FreeRTOS/Source/portable/GCC/ARM_CM4F/port.o
                0x0000000008006084                SysTick_Handler
 .text.vPortSetupTimerInterrupt
                0x00000000080060b0       0x3c Middlewares/Third_Party/FreeRTOS/Source/portable/GCC/ARM_CM4F/port.o
                0x00000000080060b0                vPortSetupTimerInterrupt
 .text.xPortStartScheduler
                0x00000000080060ec      0x110 Middlewares/Third_Party/FreeRTOS/Source/portable/GCC/ARM_CM4F/port.o
                0x00000000080060ec                xPortStartScheduler
 .text.unlikely.prvInsertBlockIntoFreeList
                0x00000000080061fc       0x50 Middlewares/Third_Party/FreeRTOS/Source/portable/MemMang/heap_4.o
 .text.pvPortMalloc
                0x000000000800624c      0x124 Middlewares/Third_Party/FreeRTOS/Source/portable/MemMang/heap_4.o
                0x000000000800624c                pvPortMalloc
 .text.vPortFree
                0x0000000008006370       0x70 Middlewares/Third_Party/FreeRTOS/Source/portable/MemMang/heap_4.o
                0x0000000008006370                vPortFree
 .text.prvAddNewTaskToReadyList
                0x00000000080063e0      0x11c Middlewares/Third_Party/FreeRTOS/Source/tasks.o
 .text.prvInitialiseNewTask.isra.2
                0x00000000080064fc      0x108 Middlewares/Third_Party/FreeRTOS/Source/tasks.o
 .text.prvAddCurrentTaskToDelayedList
                0x0000000008006604       0x8c Middlewares/Third_Party/FreeRTOS/Source/tasks.o
 .text.prvIdleTask
                0x0000000008006690       0xa0 Middlewares/Third_Party/FreeRTOS/Source/tasks.o
 .text.xTaskCreateStatic
                0x0000000008006730       0x70 Middlewares/Third_Party/FreeRTOS/Source/tasks.o
                0x0000000008006730                xTaskCreateStatic
 .text.xTaskCreate
                0x00000000080067a0      0x144 Middlewares/Third_Party/FreeRTOS/Source/tasks.o
                0x00000000080067a0                xTaskCreate
 .text.vTaskStartScheduler
                0x00000000080068e4       0xc4 Middlewares/Third_Party/FreeRTOS/Source/tasks.o
                0x00000000080068e4                vTaskStartScheduler
 .text.vTaskSuspendAll
                0x00000000080069a8       0x10 Middlewares/Third_Party/FreeRTOS/Source/tasks.o
                0x00000000080069a8                vTaskSuspendAll
 .text.xTaskIncrementTick
                0x00000000080069b8      0x15c Middlewares/Third_Party/FreeRTOS/Source/tasks.o
                0x00000000080069b8                xTaskIncrementTick
 .text.xTaskResumeAll
                0x0000000008006b14      0x118 Middlewares/Third_Party/FreeRTOS/Source/tasks.o
                0x0000000008006b14                xTaskResumeAll
 .text.vTaskDelay
                0x0000000008006c2c       0x4c Middlewares/Third_Party/FreeRTOS/Source/tasks.o
                0x0000000008006c2c                vTaskDelay
 .text.vTaskSwitchContext
                0x0000000008006c78       0x70 Middlewares/Third_Party/FreeRTOS/Source/tasks.o
                0x0000000008006c78                vTaskSwitchContext
 .text.vApplicationGetIdleTaskMemory
                0x0000000008006ce8       0x1c Src/freertos.o
                0x0000000008006ce8                vApplicationGetIdleTaskMemory
 .text.StartDefaultTask
                0x0000000008006d04       0x1c Src/main.o
                0x0000000008006d04                StartDefaultTask
 .text.StartTask02
                0x0000000008006d20       0x18 Src/main.o
                0x0000000008006d20                StartTask02
 .text.StartTask03
                0x0000000008006d38       0xa0 Src/main.o
                0x0000000008006d38                StartTask03
 .text.SystemClock_Config
                0x0000000008006dd8       0x98 Src/main.o
                0x0000000008006dd8                SystemClock_Config
 .text.startup.main
                0x0000000008006e70      0x1dc Src/main.o
                0x0000000008006e70                main
 .text.HAL_CAN_RxFifo0MsgPendingCallback
                0x000000000800704c       0x6c Src/main.o
                0x000000000800704c                HAL_CAN_RxFifo0MsgPendingCallback
 .text.HAL_TIM_PeriodElapsedCallback
                0x00000000080070b8       0x14 Src/main.o
                0x00000000080070b8                HAL_TIM_PeriodElapsedCallback
 .text.Error_Handler
                0x00000000080070cc        0x4 Src/main.o
                0x00000000080070cc                Error_Handler
 .text.sensor_ini
                0x00000000080070d0      0x22c Src/mpu6050_usr.o
                0x00000000080070d0                sensor_ini
 .text.MPU6050_init
                0x00000000080072fc       0x60 Src/mpu6050_usr.o
                0x00000000080072fc                MPU6050_init
 .text.MPU6050_getAllData
                0x000000000800735c      0x204 Src/mpu6050_usr.o
                0x000000000800735c                MPU6050_getAllData
 .text.HAL_MspInit
                0x0000000008007560       0x44 Src/stm32f4xx_hal_msp.o
                0x0000000008007560                HAL_MspInit
 .text.HAL_CAN_MspInit
                0x00000000080075a4       0x8c Src/stm32f4xx_hal_msp.o
                0x00000000080075a4                HAL_CAN_MspInit
 .text.HAL_I2C_MspInit
                0x0000000008007630       0x84 Src/stm32f4xx_hal_msp.o
                0x0000000008007630                HAL_I2C_MspInit
 .text.HAL_InitTick
                0x00000000080076b4       0x7c Src/stm32f4xx_hal_timebase_tim.o
                0x00000000080076b4                HAL_InitTick
 .text.NMI_Handler
                0x0000000008007730        0x4 Src/stm32f4xx_it.o
                0x0000000008007730                NMI_Handler
 .text.HardFault_Handler
                0x0000000008007734        0x4 Src/stm32f4xx_it.o
                0x0000000008007734                HardFault_Handler
 .text.MemManage_Handler
                0x0000000008007738        0x4 Src/stm32f4xx_it.o
                0x0000000008007738                MemManage_Handler
 .text.BusFault_Handler
                0x000000000800773c        0x4 Src/stm32f4xx_it.o
                0x000000000800773c                BusFault_Handler
 .text.UsageFault_Handler
                0x0000000008007740        0x4 Src/stm32f4xx_it.o
                0x0000000008007740                UsageFault_Handler
 .text.DebugMon_Handler
                0x0000000008007744        0x4 Src/stm32f4xx_it.o
                0x0000000008007744                DebugMon_Handler
 .text.CAN1_RX0_IRQHandler
                0x0000000008007748        0xc Src/stm32f4xx_it.o
                0x0000000008007748                CAN1_RX0_IRQHandler
 .text.CAN1_RX1_IRQHandler
                0x0000000008007754        0xc Src/stm32f4xx_it.o
                0x0000000008007754                CAN1_RX1_IRQHandler
 .text.TIM3_IRQHandler
                0x0000000008007760        0xc Src/stm32f4xx_it.o
                0x0000000008007760                TIM3_IRQHandler
 .text.I2C1_EV_IRQHandler
                0x000000000800776c        0xc Src/stm32f4xx_it.o
                0x000000000800776c                I2C1_EV_IRQHandler
 .text.OTG_FS_IRQHandler
                0x0000000008007778        0xc Src/stm32f4xx_it.o
                0x0000000008007778                OTG_FS_IRQHandler
 .text._getpid  0x0000000008007784        0x4 Src/syscalls.o
                0x0000000008007784                _getpid
 .text._kill    0x0000000008007788       0x10 Src/syscalls.o
                0x0000000008007788                _kill
 .text._exit    0x0000000008007798        0xc Src/syscalls.o
                0x0000000008007798                _exit
 .text._sbrk    0x00000000080077a4       0x34 Src/syscalls.o
                0x00000000080077a4                _sbrk
 .text.SystemInit
                0x00000000080077d8       0x1c Src/system_stm32f4xx.o
                0x00000000080077d8                SystemInit
 .text.MX_USB_DEVICE_Init
                0x00000000080077f4       0x58 Src/usb_device.o
                0x00000000080077f4                MX_USB_DEVICE_Init
 .text.CDC_DeInit_FS
                0x000000000800784c        0x4 Src/usbd_cdc_if.o
 .text.CDC_Control_FS
                0x0000000008007850        0x4 Src/usbd_cdc_if.o
 .text.CDC_Receive_FS
                0x0000000008007854       0x64 Src/usbd_cdc_if.o
 .text.CDC_Init_FS
                0x00000000080078b8       0x2c Src/usbd_cdc_if.o
 .text.CDC_Transmit_FS
                0x00000000080078e4       0x2c Src/usbd_cdc_if.o
                0x00000000080078e4                CDC_Transmit_FS
 .text.HAL_PCD_MspInit
                0x0000000008007910       0x94 Src/usbd_conf.o
                0x0000000008007910                HAL_PCD_MspInit
 .text.HAL_PCD_SetupStageCallback
                0x00000000080079a4        0xc Src/usbd_conf.o
                0x00000000080079a4                HAL_PCD_SetupStageCallback
 .text.HAL_PCD_DataOutStageCallback
                0x00000000080079b0       0x14 Src/usbd_conf.o
                0x00000000080079b0                HAL_PCD_DataOutStageCallback
 .text.HAL_PCD_DataInStageCallback
                0x00000000080079c4       0x14 Src/usbd_conf.o
                0x00000000080079c4                HAL_PCD_DataInStageCallback
 .text.HAL_PCD_SOFCallback
                0x00000000080079d8        0x8 Src/usbd_conf.o
                0x00000000080079d8                HAL_PCD_SOFCallback
 .text.HAL_PCD_ResetCallback
                0x00000000080079e0       0x2c Src/usbd_conf.o
                0x00000000080079e0                HAL_PCD_ResetCallback
 .text.HAL_PCD_SuspendCallback
                0x0000000008007a0c       0x30 Src/usbd_conf.o
                0x0000000008007a0c                HAL_PCD_SuspendCallback
 .text.HAL_PCD_ResumeCallback
                0x0000000008007a3c        0x8 Src/usbd_conf.o
                0x0000000008007a3c                HAL_PCD_ResumeCallback
 .text.HAL_PCD_ISOOUTIncompleteCallback
                0x0000000008007a44        0x8 Src/usbd_conf.o
                0x0000000008007a44                HAL_PCD_ISOOUTIncompleteCallback
 .text.HAL_PCD_ISOINIncompleteCallback
                0x0000000008007a4c        0x8 Src/usbd_conf.o
                0x0000000008007a4c                HAL_PCD_ISOINIncompleteCallback
 .text.HAL_PCD_ConnectCallback
                0x0000000008007a54        0x8 Src/usbd_conf.o
                0x0000000008007a54                HAL_PCD_ConnectCallback
 .text.HAL_PCD_DisconnectCallback
                0x0000000008007a5c        0x8 Src/usbd_conf.o
                0x0000000008007a5c                HAL_PCD_DisconnectCallback
 .text.USBD_LL_Init
                0x0000000008007a64       0x64 Src/usbd_conf.o
                0x0000000008007a64                USBD_LL_Init
 .text.USBD_LL_Start
                0x0000000008007ac8       0x1c Src/usbd_conf.o
                0x0000000008007ac8                USBD_LL_Start
 .text.USBD_LL_OpenEP
                0x0000000008007ae4       0x20 Src/usbd_conf.o
                0x0000000008007ae4                USBD_LL_OpenEP
 .text.USBD_LL_CloseEP
                0x0000000008007b04       0x1c Src/usbd_conf.o
                0x0000000008007b04                USBD_LL_CloseEP
 .text.USBD_LL_StallEP
                0x0000000008007b20       0x1c Src/usbd_conf.o
                0x0000000008007b20                USBD_LL_StallEP
 .text.USBD_LL_ClearStallEP
                0x0000000008007b3c       0x1c Src/usbd_conf.o
                0x0000000008007b3c                USBD_LL_ClearStallEP
 .text.USBD_LL_IsStallEP
                0x0000000008007b58       0x28 Src/usbd_conf.o
                0x0000000008007b58                USBD_LL_IsStallEP
 .text.USBD_LL_SetUSBAddress
                0x0000000008007b80       0x1c Src/usbd_conf.o
                0x0000000008007b80                USBD_LL_SetUSBAddress
 .text.USBD_LL_Transmit
                0x0000000008007b9c       0x1c Src/usbd_conf.o
                0x0000000008007b9c                USBD_LL_Transmit
 .text.USBD_LL_PrepareReceive
                0x0000000008007bb8       0x1c Src/usbd_conf.o
                0x0000000008007bb8                USBD_LL_PrepareReceive
 .text.USBD_LL_GetRxDataSize
                0x0000000008007bd4        0x8 Src/usbd_conf.o
                0x0000000008007bd4                USBD_LL_GetRxDataSize
 .text.USBD_FS_DeviceDescriptor
                0x0000000008007bdc        0xc Src/usbd_desc.o
                0x0000000008007bdc                USBD_FS_DeviceDescriptor
 .text.USBD_FS_LangIDStrDescriptor
                0x0000000008007be8        0xc Src/usbd_desc.o
                0x0000000008007be8                USBD_FS_LangIDStrDescriptor
 .text.USBD_FS_ManufacturerStrDescriptor
                0x0000000008007bf4       0x1c Src/usbd_desc.o
                0x0000000008007bf4                USBD_FS_ManufacturerStrDescriptor
 .text.USBD_FS_ProductStrDescriptor
                0x0000000008007c10       0x1c Src/usbd_desc.o
                0x0000000008007c10                USBD_FS_ProductStrDescriptor
 .text.USBD_FS_ConfigStrDescriptor
                0x0000000008007c2c       0x1c Src/usbd_desc.o
                0x0000000008007c2c                USBD_FS_ConfigStrDescriptor
 .text.USBD_FS_InterfaceStrDescriptor
                0x0000000008007c48       0x1c Src/usbd_desc.o
                0x0000000008007c48                USBD_FS_InterfaceStrDescriptor
 .text.USBD_FS_SerialStrDescriptor
                0x0000000008007c64      0x114 Src/usbd_desc.o
                0x0000000008007c64                USBD_FS_SerialStrDescriptor
 .text._ZN3ros16normalizeSecNSecERmS0_
                0x0000000008007d78       0x28 ros_lib/time.o
                0x0000000008007d78                ros::normalizeSecNSec(unsigned long&, unsigned long&)
 .text.Reset_Handler
                0x0000000008007da0       0x50 startup/startup_stm32f405xx.o
                0x0000000008007da0                Reset_Handler
 .text.Default_Handler
                0x0000000008007df0        0x2 startup/startup_stm32f405xx.o
                0x0000000008007df0                RTC_Alarm_IRQHandler
                0x0000000008007df0                HASH_RNG_IRQHandler
                0x0000000008007df0                EXTI2_IRQHandler
                0x0000000008007df0                TIM8_CC_IRQHandler
                0x0000000008007df0                TIM1_CC_IRQHandler
                0x0000000008007df0                DMA2_Stream5_IRQHandler
                0x0000000008007df0                DMA1_Stream5_IRQHandler
                0x0000000008007df0                PVD_IRQHandler
                0x0000000008007df0                SDIO_IRQHandler
                0x0000000008007df0                TAMP_STAMP_IRQHandler
                0x0000000008007df0                CAN2_RX1_IRQHandler
                0x0000000008007df0                EXTI3_IRQHandler
                0x0000000008007df0                TIM8_TRG_COM_TIM14_IRQHandler
                0x0000000008007df0                TIM1_UP_TIM10_IRQHandler
                0x0000000008007df0                TIM8_UP_TIM13_IRQHandler
                0x0000000008007df0                I2C3_ER_IRQHandler
                0x0000000008007df0                EXTI0_IRQHandler
                0x0000000008007df0                I2C2_EV_IRQHandler
                0x0000000008007df0                DMA1_Stream2_IRQHandler
                0x0000000008007df0                FPU_IRQHandler
                0x0000000008007df0                OTG_HS_WKUP_IRQHandler
                0x0000000008007df0                CAN2_SCE_IRQHandler
                0x0000000008007df0                DMA2_Stream2_IRQHandler
                0x0000000008007df0                SPI1_IRQHandler
                0x0000000008007df0                TIM6_DAC_IRQHandler
                0x0000000008007df0                TIM1_BRK_TIM9_IRQHandler
                0x0000000008007df0                CAN2_RX0_IRQHandler
                0x0000000008007df0                DMA2_Stream3_IRQHandler
                0x0000000008007df0                USART6_IRQHandler
                0x0000000008007df0                USART3_IRQHandler
                0x0000000008007df0                UART5_IRQHandler
                0x0000000008007df0                DMA2_Stream0_IRQHandler
                0x0000000008007df0                TIM4_IRQHandler
                0x0000000008007df0                DMA1_Stream6_IRQHandler
                0x0000000008007df0                DMA1_Stream1_IRQHandler
                0x0000000008007df0                UART4_IRQHandler
                0x0000000008007df0                RCC_IRQHandler
                0x0000000008007df0                TIM8_BRK_TIM12_IRQHandler
                0x0000000008007df0                Default_Handler
                0x0000000008007df0                EXTI15_10_IRQHandler
                0x0000000008007df0                ADC_IRQHandler
                0x0000000008007df0                DMA1_Stream7_IRQHandler
                0x0000000008007df0                TIM7_IRQHandler
                0x0000000008007df0                CAN2_TX_IRQHandler
                0x0000000008007df0                TIM5_IRQHandler
                0x0000000008007df0                DMA2_Stream7_IRQHandler
                0x0000000008007df0                I2C3_EV_IRQHandler
                0x0000000008007df0                EXTI9_5_IRQHandler
                0x0000000008007df0                RTC_WKUP_IRQHandler
                0x0000000008007df0                SPI2_IRQHandler
                0x0000000008007df0                OTG_HS_EP1_IN_IRQHandler
                0x0000000008007df0                DMA1_Stream0_IRQHandler
                0x0000000008007df0                CAN1_TX_IRQHandler
                0x0000000008007df0                EXTI4_IRQHandler
                0x0000000008007df0                FSMC_IRQHandler
                0x0000000008007df0                OTG_HS_EP1_OUT_IRQHandler
                0x0000000008007df0                WWDG_IRQHandler
                0x0000000008007df0                TIM2_IRQHandler
                0x0000000008007df0                OTG_FS_WKUP_IRQHandler
                0x0000000008007df0                TIM1_TRG_COM_TIM11_IRQHandler
                0x0000000008007df0                OTG_HS_IRQHandler
                0x0000000008007df0                EXTI1_IRQHandler
                0x0000000008007df0                USART2_IRQHandler
                0x0000000008007df0                I2C2_ER_IRQHandler
                0x0000000008007df0                DMA2_Stream1_IRQHandler
                0x0000000008007df0                CAN1_SCE_IRQHandler
                0x0000000008007df0                FLASH_IRQHandler
                0x0000000008007df0                DMA2_Stream4_IRQHandler
                0x0000000008007df0                USART1_IRQHandler
                0x0000000008007df0                SPI3_IRQHandler
                0x0000000008007df0                DMA1_Stream4_IRQHandler
                0x0000000008007df0                I2C1_ER_IRQHandler
                0x0000000008007df0                DMA2_Stream6_IRQHandler
                0x0000000008007df0                DMA1_Stream3_IRQHandler
 *fill*         0x0000000008007df2        0x2 
 .text._ZNK8std_msgs4Time9serializeEPh
                0x0000000008007df4       0x28 usr/cpp_main.o
                0x0000000008007df4                std_msgs::Time::serialize(unsigned char*) const
 .text._ZN8std_msgs4Time11deserializeEPh
                0x0000000008007e1c       0x3c usr/cpp_main.o
                0x0000000008007e1c                std_msgs::Time::deserialize(unsigned char*)
 .text._ZN8std_msgs4Time7getTypeEv
                0x0000000008007e58        0x8 usr/cpp_main.o
                0x0000000008007e58                std_msgs::Time::getType()
 .text._ZN8std_msgs4Time6getMD5Ev
                0x0000000008007e60        0x8 usr/cpp_main.o
                0x0000000008007e60                std_msgs::Time::getMD5()
 .text._ZN14rosserial_msgs9TopicInfo11deserializeEPh
                0x0000000008007e68      0x100 usr/cpp_main.o
                0x0000000008007e68                rosserial_msgs::TopicInfo::deserialize(unsigned char*)
 .text._ZN14rosserial_msgs9TopicInfo7getTypeEv
                0x0000000008007f68        0x8 usr/cpp_main.o
                0x0000000008007f68                rosserial_msgs::TopicInfo::getType()
 .text._ZN14rosserial_msgs9TopicInfo6getMD5Ev
                0x0000000008007f70        0x8 usr/cpp_main.o
                0x0000000008007f70                rosserial_msgs::TopicInfo::getMD5()
 .text._ZN14rosserial_msgs3Log11deserializeEPh
                0x0000000008007f78       0x40 usr/cpp_main.o
                0x0000000008007f78                rosserial_msgs::Log::deserialize(unsigned char*)
 .text._ZN14rosserial_msgs3Log7getTypeEv
                0x0000000008007fb8        0x8 usr/cpp_main.o
                0x0000000008007fb8                rosserial_msgs::Log::getType()
 .text._ZN14rosserial_msgs3Log6getMD5Ev
                0x0000000008007fc0        0x8 usr/cpp_main.o
                0x0000000008007fc0                rosserial_msgs::Log::getMD5()
 .text._ZN14rosserial_msgs20RequestParamResponse7getTypeEv
                0x0000000008007fc8        0x8 usr/cpp_main.o
                0x0000000008007fc8                rosserial_msgs::RequestParamResponse::getType()
 .text._ZN14rosserial_msgs20RequestParamResponse6getMD5Ev
                0x0000000008007fd0        0x8 usr/cpp_main.o
                0x0000000008007fd0                rosserial_msgs::RequestParamResponse::getMD5()
 .text._ZNK8std_msgs4Byte9serializeEPh
                0x0000000008007fd8        0x8 usr/cpp_main.o
                0x0000000008007fd8                std_msgs::Byte::serialize(unsigned char*) const
 .text._ZN8std_msgs4Byte11deserializeEPh
                0x0000000008007fe0        0x8 usr/cpp_main.o
                0x0000000008007fe0                std_msgs::Byte::deserialize(unsigned char*)
 .text._ZN8std_msgs4Byte7getTypeEv
                0x0000000008007fe8        0x8 usr/cpp_main.o
                0x0000000008007fe8                std_msgs::Byte::getType()
 .text._ZN8std_msgs4Byte6getMD5Ev
                0x0000000008007ff0        0x8 usr/cpp_main.o
                0x0000000008007ff0                std_msgs::Byte::getMD5()
 .text._ZN8std_msgs6String11deserializeEPh
                0x0000000008007ff8       0x3c usr/cpp_main.o
                0x0000000008007ff8                std_msgs::String::deserialize(unsigned char*)
 .text._ZN8std_msgs6String7getTypeEv
                0x0000000008008034        0x8 usr/cpp_main.o
                0x0000000008008034                std_msgs::String::getType()
 .text._ZN8std_msgs6String6getMD5Ev
                0x000000000800803c        0x8 usr/cpp_main.o
                0x000000000800803c                std_msgs::String::getMD5()
 .text._ZNK8std_msgs4Int89serializeEPh
                0x0000000008008044        0x8 usr/cpp_main.o
                0x0000000008008044                std_msgs::Int8::serialize(unsigned char*) const
 .text._ZN8std_msgs4Int811deserializeEPh
                0x000000000800804c        0x8 usr/cpp_main.o
                0x000000000800804c                std_msgs::Int8::deserialize(unsigned char*)
 .text._ZN8std_msgs4Int87getTypeEv
                0x0000000008008054        0x8 usr/cpp_main.o
                0x0000000008008054                std_msgs::Int8::getType()
 .text._ZN8std_msgs4Int86getMD5Ev
                0x000000000800805c        0x8 usr/cpp_main.o
                0x000000000800805c                std_msgs::Int8::getMD5()
 .text._ZNK8std_msgs6UInt329serializeEPh
                0x0000000008008064       0x18 usr/cpp_main.o
                0x0000000008008064                std_msgs::UInt32::serialize(unsigned char*) const
 .text._ZN8std_msgs6UInt3211deserializeEPh
                0x000000000800807c       0x20 usr/cpp_main.o
                0x000000000800807c                std_msgs::UInt32::deserialize(unsigned char*)
 .text._ZN8std_msgs6UInt327getTypeEv
                0x000000000800809c        0x8 usr/cpp_main.o
                0x000000000800809c                std_msgs::UInt32::getType()
 .text._ZN8std_msgs6UInt326getMD5Ev
                0x00000000080080a4        0x8 usr/cpp_main.o
                0x00000000080080a4                std_msgs::UInt32::getMD5()
 .text._ZN13geometry_msgs7Vector37getTypeEv
                0x00000000080080ac        0x8 usr/cpp_main.o
                0x00000000080080ac                geometry_msgs::Vector3::getType()
 .text._ZN13geometry_msgs7Vector36getMD5Ev
                0x00000000080080b4        0x8 usr/cpp_main.o
                0x00000000080080b4                geometry_msgs::Vector3::getMD5()
 .text.rpm_right_subCb
                0x00000000080080bc       0x38 usr/cpp_main.o
                0x00000000080080bc                rpm_right_subCb
 .text.rpm_left_subCb
                0x00000000080080f4       0x38 usr/cpp_main.o
                0x00000000080080f4                rpm_left_subCb
 .text.messageSpeed
                0x000000000800812c        0x4 usr/cpp_main.o
                0x000000000800812c                messageSpeed
 .text._ZN3ros10SubscriberIN8std_msgs4Int8EvE8callbackEPh
                0x0000000008008130        0xc usr/cpp_main.o
                0x0000000008008130                ros::Subscriber<std_msgs::Int8, void>::callback(unsigned char*)
 .text._ZN3ros10SubscriberIN8std_msgs4Int8EvE15getEndpointTypeEv
                0x000000000800813c        0x4 usr/cpp_main.o
                0x000000000800813c                ros::Subscriber<std_msgs::Int8, void>::getEndpointType()
 .text._ZN3ros10SubscriberIN8std_msgs4Int8EvE10getMsgTypeEv
                0x0000000008008140        0x8 usr/cpp_main.o
                0x0000000008008140                ros::Subscriber<std_msgs::Int8, void>::getMsgType()
 .text._ZN3ros10SubscriberIN8std_msgs4Int8EvE9getMsgMD5Ev
                0x0000000008008148        0x8 usr/cpp_main.o
                0x0000000008008148                ros::Subscriber<std_msgs::Int8, void>::getMsgMD5()
 .text._ZN3ros10SubscriberIN8std_msgs4ByteEvE8callbackEPh
                0x0000000008008150        0xc usr/cpp_main.o
                0x0000000008008150                ros::Subscriber<std_msgs::Byte, void>::callback(unsigned char*)
 .text._ZN3ros10SubscriberIN8std_msgs4ByteEvE15getEndpointTypeEv
                0x000000000800815c        0x4 usr/cpp_main.o
                0x000000000800815c                ros::Subscriber<std_msgs::Byte, void>::getEndpointType()
 .text._ZN3ros10SubscriberIN8std_msgs4ByteEvE10getMsgTypeEv
                0x0000000008008160        0x8 usr/cpp_main.o
                0x0000000008008160                ros::Subscriber<std_msgs::Byte, void>::getMsgType()
 .text._ZN3ros10SubscriberIN8std_msgs4ByteEvE9getMsgMD5Ev
                0x0000000008008168        0x8 usr/cpp_main.o
                0x0000000008008168                ros::Subscriber<std_msgs::Byte, void>::getMsgMD5()
 .text._ZN3ros11NodeHandle_I13STM32HardwareLi25ELi25ELi512ELi512EE9connectedEv
                0x0000000008008170        0x8 usr/cpp_main.o
                0x0000000008008170                ros::NodeHandle_<STM32Hardware, 25, 25, 512, 512>::connected()
 .text._ZNK8std_msgs6String9serializeEPh
                0x0000000008008178       0x2c usr/cpp_main.o
                0x0000000008008178                std_msgs::String::serialize(unsigned char*) const
 .text._ZNK14rosserial_msgs20RequestParamResponse9serializeEPh
                0x00000000080081a4      0x148 usr/cpp_main.o
                0x00000000080081a4                rosserial_msgs::RequestParamResponse::serialize(unsigned char*) const
 .text._ZNK14rosserial_msgs3Log9serializeEPh
                0x00000000080082ec       0x3c usr/cpp_main.o
                0x00000000080082ec                rosserial_msgs::Log::serialize(unsigned char*) const
 .text._ZNK14rosserial_msgs9TopicInfo9serializeEPh
                0x0000000008008328       0xc0 usr/cpp_main.o
                0x0000000008008328                rosserial_msgs::TopicInfo::serialize(unsigned char*) const
 .text._ZN14rosserial_msgs20RequestParamResponse11deserializeEPh
                0x00000000080083e8      0x1c8 usr/cpp_main.o
                0x00000000080083e8                rosserial_msgs::RequestParamResponse::deserialize(unsigned char*)
 .text._ZN3ros11NodeHandle_I13STM32HardwareLi25ELi25ELi512ELi512EE7publishEiPKNS_3MsgE
                0x00000000080085b0       0xb4 usr/cpp_main.o
                0x00000000080085b0                ros::NodeHandle_<STM32Hardware, 25, 25, 512, 512>::publish(int, ros::Msg const*)
 .text.messageSide
                0x0000000008008664        0x4 usr/cpp_main.o
                0x0000000008008664                messageSide
 .text._ZN13geometry_msgs7Vector311deserializeEPh
                0x0000000008008668       0xe0 usr/cpp_main.o
                0x0000000008008668                geometry_msgs::Vector3::deserialize(unsigned char*)
 .text._ZNK13geometry_msgs7Vector39serializeEPh
                0x0000000008008748      0x104 usr/cpp_main.o
                0x0000000008008748                geometry_msgs::Vector3::serialize(unsigned char*) const
 .text.cdc_receive_put
                0x000000000800884c        0xc usr/cpp_main.o
                0x000000000800884c                cdc_receive_put
 .text.init_ROS
                0x0000000008008858      0x270 usr/cpp_main.o
                0x0000000008008858                init_ROS
 .text.rpm_right_handler
                0x0000000008008ac8       0xc8 usr/cpp_main.o
                0x0000000008008ac8                rpm_right_handler
 .text.rpm_left_handler
                0x0000000008008b90       0xc8 usr/cpp_main.o
                0x0000000008008b90                rpm_left_handler
 .text.gyro_handler
                0x0000000008008c58      0x1d4 usr/cpp_main.o
                0x0000000008008c58                gyro_handler
 .text.accel_handler
                0x0000000008008e2c      0x1d4 usr/cpp_main.o
                0x0000000008008e2c                accel_handler
 .text._ZN3ros11NodeHandle_I13STM32HardwareLi25ELi25ELi512ELi512EE15requestSyncTimeEv
                0x0000000008009000       0x74 usr/cpp_main.o
                0x0000000008009000                ros::NodeHandle_<STM32Hardware, 25, 25, 512, 512>::requestSyncTime()
 .text._ZN3ros11NodeHandle_I13STM32HardwareLi25ELi25ELi512ELi512EE15negotiateTopicsEv
                0x0000000008009074      0x4e4 usr/cpp_main.o
                0x0000000008009074                ros::NodeHandle_<STM32Hardware, 25, 25, 512, 512>::negotiateTopics()
 .text._ZN3ros11NodeHandle_I13STM32HardwareLi25ELi25ELi512ELi512EE8spinOnceEv
                0x0000000008009558      0x56c usr/cpp_main.o
                0x0000000008009558                ros::NodeHandle_<STM32Hardware, 25, 25, 512, 512>::spinOnce()
 .text.spinOnce
                0x0000000008009ac4      0x524 usr/cpp_main.o
                0x0000000008009ac4                spinOnce
 .text.startup._GLOBAL__sub_I_rb
                0x0000000008009fe8      0x22c usr/cpp_main.o
 .text._Z8NBT_initP5nbt_tm
                0x000000000800a214       0x10 usr/nbt.o
                0x000000000800a214                NBT_init(nbt_t*, unsigned long)
 .text._Z11NBT_handlerP5nbt_t
                0x000000000800a224       0x24 usr/nbt.o
                0x000000000800a224                NBT_handler(nbt_t*)
 .text._Z18ringbuffer_putcharP10ringbufferh
                0x000000000800a248       0x88 usr/ringbuffer.o
                0x000000000800a248                ringbuffer_putchar(ringbuffer*, unsigned char)
 .text._Z18ringbuffer_getcharP10ringbufferPh
                0x000000000800a2d0       0x80 usr/ringbuffer.o
                0x000000000800a2d0                ringbuffer_getchar(ringbuffer*, unsigned char*)
 .text._Z15ringbuffer_initP10ringbufferPhs
                0x000000000800a350       0x2c usr/ringbuffer.o
                0x000000000800a350                ringbuffer_init(ringbuffer*, unsigned char*, short)
 .text._ZN10__cxxabiv120__si_class_type_infoD2Ev
                0x000000000800a37c       0x14 /opt/Atollic_TrueSTUDIO_for_STM32_x86_64_9.3.0/ARMTools/bin/../lib/gcc/arm-atollic-eabi/6.3.1/../../../../arm-atollic-eabi/lib/armv7e-m/fpu/libstdc++_nano.a(si_class_type_info.o)
                0x000000000800a37c                __cxxabiv1::__si_class_type_info::~__si_class_type_info()
                0x000000000800a37c                __cxxabiv1::__si_class_type_info::~__si_class_type_info()
 .text._ZN10__cxxabiv120__si_class_type_infoD0Ev
                0x000000000800a390       0x14 /opt/Atollic_TrueSTUDIO_for_STM32_x86_64_9.3.0/ARMTools/bin/../lib/gcc/arm-atollic-eabi/6.3.1/../../../../arm-atollic-eabi/lib/armv7e-m/fpu/libstdc++_nano.a(si_class_type_info.o)
                0x000000000800a390                __cxxabiv1::__si_class_type_info::~__si_class_type_info()
 .text._ZNK10__cxxabiv120__si_class_type_info20__do_find_public_srcEiPKvPKNS_17__class_type_infoES2_
                0x000000000800a3a4       0x38 /opt/Atollic_TrueSTUDIO_for_STM32_x86_64_9.3.0/ARMTools/bin/../lib/gcc/arm-atollic-eabi/6.3.1/../../../../arm-atollic-eabi/lib/armv7e-m/fpu/libstdc++_nano.a(si_class_type_info.o)
                0x000000000800a3a4                __cxxabiv1::__si_class_type_info::__do_find_public_src(int, void const*, __cxxabiv1::__class_type_info const*, void const*) const
 .text._ZNK10__cxxabiv120__si_class_type_info12__do_dyncastEiNS_17__class_type_info10__sub_kindEPKS1_PKvS4_S6_RNS1_16__dyncast_resultE
                0x000000000800a3dc       0x7c /opt/Atollic_TrueSTUDIO_for_STM32_x86_64_9.3.0/ARMTools/bin/../lib/gcc/arm-atollic-eabi/6.3.1/../../../../arm-atollic-eabi/lib/armv7e-m/fpu/libstdc++_nano.a(si_class_type_info.o)
                0x000000000800a3dc                __cxxabiv1::__si_class_type_info::__do_dyncast(int, __cxxabiv1::__class_type_info::__sub_kind, __cxxabiv1::__class_type_info const*, void const*, __cxxabiv1::__class_type_info const*, void const*, __cxxabiv1::__class_type_info::__dyncast_result&) const
 .text._ZNK10__cxxabiv120__si_class_type_info11__do_upcastEPKNS_17__class_type_infoEPKvRNS1_15__upcast_resultE
                0x000000000800a458       0x2a /opt/Atollic_TrueSTUDIO_for_STM32_x86_64_9.3.0/ARMTools/bin/../lib/gcc/arm-atollic-eabi/6.3.1/../../../../arm-atollic-eabi/lib/armv7e-m/fpu/libstdc++_nano.a(si_class_type_info.o)
                0x000000000800a458                __cxxabiv1::__si_class_type_info::__do_upcast(__cxxabiv1::__class_type_info const*, void const*, __cxxabiv1::__class_type_info::__upcast_result&) const
 .text._ZdlPvj  0x000000000800a482        0x4 /opt/Atollic_TrueSTUDIO_for_STM32_x86_64_9.3.0/ARMTools/bin/../lib/gcc/arm-atollic-eabi/6.3.1/../../../../arm-atollic-eabi/lib/armv7e-m/fpu/libstdc++_nano.a(del_ops.o)
                0x000000000800a482                operator delete(void*, unsigned int)
 .text._ZNK10__cxxabiv117__class_type_info11__do_upcastEPKS0_PPv
                0x000000000800a486       0x34 /opt/Atollic_TrueSTUDIO_for_STM32_x86_64_9.3.0/ARMTools/bin/../lib/gcc/arm-atollic-eabi/6.3.1/../../../../arm-atollic-eabi/lib/armv7e-m/fpu/libstdc++_nano.a(class_type_info.o)
                0x000000000800a486                __cxxabiv1::__class_type_info::__do_upcast(__cxxabiv1::__class_type_info const*, void**) const
 .text._ZNK10__cxxabiv117__class_type_info20__do_find_public_srcEiPKvPKS0_S2_
                0x000000000800a4ba        0xc /opt/Atollic_TrueSTUDIO_for_STM32_x86_64_9.3.0/ARMTools/bin/../lib/gcc/arm-atollic-eabi/6.3.1/../../../../arm-atollic-eabi/lib/armv7e-m/fpu/libstdc++_nano.a(class_type_info.o)
                0x000000000800a4ba                __cxxabiv1::__class_type_info::__do_find_public_src(int, void const*, __cxxabiv1::__class_type_info const*, void const*) const
 *fill*         0x000000000800a4c6        0x2 
 .text._ZN10__cxxabiv117__class_type_infoD2Ev
                0x000000000800a4c8       0x14 /opt/Atollic_TrueSTUDIO_for_STM32_x86_64_9.3.0/ARMTools/bin/../lib/gcc/arm-atollic-eabi/6.3.1/../../../../arm-atollic-eabi/lib/armv7e-m/fpu/libstdc++_nano.a(class_type_info.o)
                0x000000000800a4c8                __cxxabiv1::__class_type_info::~__class_type_info()
                0x000000000800a4c8                __cxxabiv1::__class_type_info::~__class_type_info()
 .text._ZN10__cxxabiv117__class_type_infoD0Ev
                0x000000000800a4dc       0x14 /opt/Atollic_TrueSTUDIO_for_STM32_x86_64_9.3.0/ARMTools/bin/../lib/gcc/arm-atollic-eabi/6.3.1/../../../../arm-atollic-eabi/lib/armv7e-m/fpu/libstdc++_nano.a(class_type_info.o)
                0x000000000800a4dc                __cxxabiv1::__class_type_info::~__class_type_info()
 .text._ZNK10__cxxabiv117__class_type_info11__do_upcastEPKS0_PKvRNS0_15__upcast_resultE
                0x000000000800a4f0       0x18 /opt/Atollic_TrueSTUDIO_for_STM32_x86_64_9.3.0/ARMTools/bin/../lib/gcc/arm-atollic-eabi/6.3.1/../../../../arm-atollic-eabi/lib/armv7e-m/fpu/libstdc++_nano.a(class_type_info.o)
                0x000000000800a4f0                __cxxabiv1::__class_type_info::__do_upcast(__cxxabiv1::__class_type_info const*, void const*, __cxxabiv1::__class_type_info::__upcast_result&) const
 .text._ZNK10__cxxabiv117__class_type_info10__do_catchEPKSt9type_infoPPvj
                0x000000000800a508       0x2a /opt/Atollic_TrueSTUDIO_for_STM32_x86_64_9.3.0/ARMTools/bin/../lib/gcc/arm-atollic-eabi/6.3.1/../../../../arm-atollic-eabi/lib/armv7e-m/fpu/libstdc++_nano.a(class_type_info.o)
                0x000000000800a508                __cxxabiv1::__class_type_info::__do_catch(std::type_info const*, void**, unsigned int) const
 .text._ZNK10__cxxabiv117__class_type_info12__do_dyncastEiNS0_10__sub_kindEPKS0_PKvS3_S5_RNS0_16__dyncast_resultE
                0x000000000800a532       0x38 /opt/Atollic_TrueSTUDIO_for_STM32_x86_64_9.3.0/ARMTools/bin/../lib/gcc/arm-atollic-eabi/6.3.1/../../../../arm-atollic-eabi/lib/armv7e-m/fpu/libstdc++_nano.a(class_type_info.o)
                0x000000000800a532                __cxxabiv1::__class_type_info::__do_dyncast(int, __cxxabiv1::__class_type_info::__sub_kind, __cxxabiv1::__class_type_info const*, void const*, __cxxabiv1::__class_type_info const*, void const*, __cxxabiv1::__class_type_info::__dyncast_result&) const
 .text._ZNSt9type_infoD2Ev
                0x000000000800a56a        0x2 /opt/Atollic_TrueSTUDIO_for_STM32_x86_64_9.3.0/ARMTools/bin/../lib/gcc/arm-atollic-eabi/6.3.1/../../../../arm-atollic-eabi/lib/armv7e-m/fpu/libstdc++_nano.a(tinfo.o)
                0x000000000800a56a                std::type_info::~type_info()
                0x000000000800a56a                std::type_info::~type_info()
 .text._ZNKSt9type_info15__is_function_pEv
                0x000000000800a56c        0x4 /opt/Atollic_TrueSTUDIO_for_STM32_x86_64_9.3.0/ARMTools/bin/../lib/gcc/arm-atollic-eabi/6.3.1/../../../../arm-atollic-eabi/lib/armv7e-m/fpu/libstdc++_nano.a(tinfo.o)
                0x000000000800a56c                std::type_info::__is_function_p() const
                0x000000000800a56c                std::type_info::__is_pointer_p() const
 .text._ZNKSt9type_infoeqERKS_
                0x000000000800a570       0x2c /opt/Atollic_TrueSTUDIO_for_STM32_x86_64_9.3.0/ARMTools/bin/../lib/gcc/arm-atollic-eabi/6.3.1/../../../../arm-atollic-eabi/lib/armv7e-m/fpu/libstdc++_nano.a(tinfo.o)
                0x000000000800a570                std::type_info::operator==(std::type_info const&) const
 .text._ZdlPv   0x000000000800a59c        0x4 /opt/Atollic_TrueSTUDIO_for_STM32_x86_64_9.3.0/ARMTools/bin/../lib/gcc/arm-atollic-eabi/6.3.1/../../../../arm-atollic-eabi/lib/armv7e-m/fpu/libstdc++_nano.a(del_op.o)
                0x000000000800a59c                operator delete(void*)
 .text.__errno  0x000000000800a5a0        0xc /opt/Atollic_TrueSTUDIO_for_STM32_x86_64_9.3.0/ARMTools/bin/../lib/gcc/arm-atollic-eabi/6.3.1/../../../../arm-atollic-eabi/lib/armv7e-m/fpu/libc_nano.a(lib_a-errno.o)
                0x000000000800a5a0                __errno
 .text.__libc_init_array
                0x000000000800a5ac       0x48 /opt/Atollic_TrueSTUDIO_for_STM32_x86_64_9.3.0/ARMTools/bin/../lib/gcc/arm-atollic-eabi/6.3.1/../../../../arm-atollic-eabi/lib/armv7e-m/fpu/libc_nano.a(lib_a-init.o)
                0x000000000800a5ac                __libc_init_array
 .text.malloc   0x000000000800a5f4       0x10 /opt/Atollic_TrueSTUDIO_for_STM32_x86_64_9.3.0/ARMTools/bin/../lib/gcc/arm-atollic-eabi/6.3.1/../../../../arm-atollic-eabi/lib/armv7e-m/fpu/libc_nano.a(lib_a-malloc.o)
                0x000000000800a5f4                malloc
 .text.free     0x000000000800a604       0x10 /opt/Atollic_TrueSTUDIO_for_STM32_x86_64_9.3.0/ARMTools/bin/../lib/gcc/arm-atollic-eabi/6.3.1/../../../../arm-atollic-eabi/lib/armv7e-m/fpu/libc_nano.a(lib_a-malloc.o)
                0x000000000800a604                free
 .text.memcpy   0x000000000800a614       0x16 /opt/Atollic_TrueSTUDIO_for_STM32_x86_64_9.3.0/ARMTools/bin/../lib/gcc/arm-atollic-eabi/6.3.1/../../../../arm-atollic-eabi/lib/armv7e-m/fpu/libc_nano.a(lib_a-memcpy-stub.o)
                0x000000000800a614                memcpy
 .text.memmove  0x000000000800a62a       0x34 /opt/Atollic_TrueSTUDIO_for_STM32_x86_64_9.3.0/ARMTools/bin/../lib/gcc/arm-atollic-eabi/6.3.1/../../../../arm-atollic-eabi/lib/armv7e-m/fpu/libc_nano.a(lib_a-memmove.o)
                0x000000000800a62a                memmove
 .text.memset   0x000000000800a65e       0x10 /opt/Atollic_TrueSTUDIO_for_STM32_x86_64_9.3.0/ARMTools/bin/../lib/gcc/arm-atollic-eabi/6.3.1/../../../../arm-atollic-eabi/lib/armv7e-m/fpu/libc_nano.a(lib_a-memset.o)
                0x000000000800a65e                memset
 *fill*         0x000000000800a66e        0x2 
 .text._free_r  0x000000000800a670       0x9c /opt/Atollic_TrueSTUDIO_for_STM32_x86_64_9.3.0/ARMTools/bin/../lib/gcc/arm-atollic-eabi/6.3.1/../../../../arm-atollic-eabi/lib/armv7e-m/fpu/libc_nano.a(lib_a-nano-freer.o)
                0x000000000800a670                _free_r
 .text._malloc_r
                0x000000000800a70c       0xbc /opt/Atollic_TrueSTUDIO_for_STM32_x86_64_9.3.0/ARMTools/bin/../lib/gcc/arm-atollic-eabi/6.3.1/../../../../arm-atollic-eabi/lib/armv7e-m/fpu/libc_nano.a(lib_a-nano-mallocr.o)
                0x000000000800a70c                _malloc_r
 .text.realloc  0x000000000800a7c8       0x10 /opt/Atollic_TrueSTUDIO_for_STM32_x86_64_9.3.0/ARMTools/bin/../lib/gcc/arm-atollic-eabi/6.3.1/../../../../arm-atollic-eabi/lib/armv7e-m/fpu/libc_nano.a(lib_a-realloc.o)
                0x000000000800a7c8                realloc
 .text._sbrk_r  0x000000000800a7d8       0x20 /opt/Atollic_TrueSTUDIO_for_STM32_x86_64_9.3.0/ARMTools/bin/../lib/gcc/arm-atollic-eabi/6.3.1/../../../../arm-atollic-eabi/lib/armv7e-m/fpu/libc_nano.a(lib_a-sbrkr.o)
                0x000000000800a7d8                _sbrk_r
 .text.__malloc_lock
                0x000000000800a7f8        0x2 /opt/Atollic_TrueSTUDIO_for_STM32_x86_64_9.3.0/ARMTools/bin/../lib/gcc/arm-atollic-eabi/6.3.1/../../../../arm-atollic-eabi/lib/armv7e-m/fpu/libc_nano.a(lib_a-mlock.o)
                0x000000000800a7f8                __malloc_lock
 .text.__malloc_unlock
                0x000000000800a7fa        0x2 /opt/Atollic_TrueSTUDIO_for_STM32_x86_64_9.3.0/ARMTools/bin/../lib/gcc/arm-atollic-eabi/6.3.1/../../../../arm-atollic-eabi/lib/armv7e-m/fpu/libc_nano.a(lib_a-mlock.o)
                0x000000000800a7fa                __malloc_unlock
 .text._realloc_r
                0x000000000800a7fc       0x4c /opt/Atollic_TrueSTUDIO_for_STM32_x86_64_9.3.0/ARMTools/bin/../lib/gcc/arm-atollic-eabi/6.3.1/../../../../arm-atollic-eabi/lib/armv7e-m/fpu/libc_nano.a(lib_a-nano-reallocr.o)
                0x000000000800a7fc                _realloc_r
 .text._malloc_usable_size_r
                0x000000000800a848       0x12 /opt/Atollic_TrueSTUDIO_for_STM32_x86_64_9.3.0/ARMTools/bin/../lib/gcc/arm-atollic-eabi/6.3.1/../../../../arm-atollic-eabi/lib/armv7e-m/fpu/libc_nano.a(lib_a-nano-msizer.o)
                0x000000000800a848                _malloc_usable_size_r
 .text.abort    0x000000000800a85a        0xe /opt/Atollic_TrueSTUDIO_for_STM32_x86_64_9.3.0/ARMTools/bin/../lib/gcc/arm-atollic-eabi/6.3.1/../../../../arm-atollic-eabi/lib/armv7e-m/fpu/libc_nano.a(lib_a-abort.o)
                0x000000000800a85a                abort
 .text._raise_r
                0x000000000800a868       0x50 /opt/Atollic_TrueSTUDIO_for_STM32_x86_64_9.3.0/ARMTools/bin/../lib/gcc/arm-atollic-eabi/6.3.1/../../../../arm-atollic-eabi/lib/armv7e-m/fpu/libc_nano.a(lib_a-signal.o)
                0x000000000800a868                _raise_r
 .text.raise    0x000000000800a8b8       0x10 /opt/Atollic_TrueSTUDIO_for_STM32_x86_64_9.3.0/ARMTools/bin/../lib/gcc/arm-atollic-eabi/6.3.1/../../../../arm-atollic-eabi/lib/armv7e-m/fpu/libc_nano.a(lib_a-signal.o)
                0x000000000800a8b8                raise
 .text._kill_r  0x000000000800a8c8       0x24 /opt/Atollic_TrueSTUDIO_for_STM32_x86_64_9.3.0/ARMTools/bin/../lib/gcc/arm-atollic-eabi/6.3.1/../../../../arm-atollic-eabi/lib/armv7e-m/fpu/libc_nano.a(lib_a-signalr.o)
                0x000000000800a8c8                _kill_r
 .text._getpid_r
                0x000000000800a8ec        0x4 /opt/Atollic_TrueSTUDIO_for_STM32_x86_64_9.3.0/ARMTools/bin/../lib/gcc/arm-atollic-eabi/6.3.1/../../../../arm-atollic-eabi/lib/armv7e-m/fpu/libc_nano.a(lib_a-signalr.o)
                0x000000000800a8ec                _getpid_r
 *(.glue_7)
 .glue_7        0x000000000800a8f0        0x0 linker stubs
 *(.glue_7t)
 .glue_7t       0x000000000800a8f0        0x0 linker stubs
 *(.eh_frame)
 .eh_frame      0x000000000800a8f0        0x0 /opt/Atollic_TrueSTUDIO_for_STM32_x86_64_9.3.0/ARMTools/bin/../lib/gcc/arm-atollic-eabi/6.3.1/armv7e-m/fpu/crtbegin.o
 *(.init)
 .init          0x000000000800a8f0        0x4 /opt/Atollic_TrueSTUDIO_for_STM32_x86_64_9.3.0/ARMTools/bin/../lib/gcc/arm-atollic-eabi/6.3.1/armv7e-m/fpu/crti.o
                0x000000000800a8f0                _init
 .init          0x000000000800a8f4        0x8 /opt/Atollic_TrueSTUDIO_for_STM32_x86_64_9.3.0/ARMTools/bin/../lib/gcc/arm-atollic-eabi/6.3.1/armv7e-m/fpu/crtn.o
 *(.fini)
 .fini          0x000000000800a8fc        0x4 /opt/Atollic_TrueSTUDIO_for_STM32_x86_64_9.3.0/ARMTools/bin/../lib/gcc/arm-atollic-eabi/6.3.1/armv7e-m/fpu/crti.o
                0x000000000800a8fc                _fini
 .fini          0x000000000800a900        0x8 /opt/Atollic_TrueSTUDIO_for_STM32_x86_64_9.3.0/ARMTools/bin/../lib/gcc/arm-atollic-eabi/6.3.1/armv7e-m/fpu/crtn.o
                0x000000000800a908                . = ALIGN (0x4)
                0x000000000800a908                _etext = .

.vfp11_veneer   0x000000000800a908        0x0
 .vfp11_veneer  0x000000000800a908        0x0 linker stubs

.v4_bx          0x000000000800a908        0x0
 .v4_bx         0x000000000800a908        0x0 linker stubs

.iplt           0x000000000800a908        0x0
 .iplt          0x000000000800a908        0x0 /opt/Atollic_TrueSTUDIO_for_STM32_x86_64_9.3.0/ARMTools/bin/../lib/gcc/arm-atollic-eabi/6.3.1/armv7e-m/fpu/crtbegin.o

.rodata         0x000000000800a908      0x7d4
                0x000000000800a908                . = ALIGN (0x4)
 *(.rodata)
 .rodata        0x000000000800a908       0x54 Src/main.o
 .rodata        0x000000000800a95c       0x1c usr/cpp_main.o
 *(.rodata*)
 .rodata.vTaskStartScheduler.str1.4
                0x000000000800a978        0x5 Middlewares/Third_Party/FreeRTOS/Source/tasks.o
 *fill*         0x000000000800a97d        0x3 
 .rodata.str1.4
                0x000000000800a980       0x24 Src/main.o
 .rodata.AHBPrescTable
                0x000000000800a9a4       0x10 Src/system_stm32f4xx.o
                0x000000000800a9a4                AHBPrescTable
 .rodata.APBPrescTable
                0x000000000800a9b4        0x8 Src/system_stm32f4xx.o
                0x000000000800a9b4                APBPrescTable
 .rodata.CSWTCH.23
                0x000000000800a9bc        0x4 Src/usbd_conf.o
 .rodata.USBD_FS_ConfigStrDescriptor.str1.4
                0x000000000800a9c0        0xb Src/usbd_desc.o
 *fill*         0x000000000800a9cb        0x1 
 .rodata.USBD_FS_InterfaceStrDescriptor.str1.4
                0x000000000800a9cc        0xe Src/usbd_desc.o
 *fill*         0x000000000800a9da        0x2 
 .rodata.USBD_FS_ManufacturerStrDescriptor.str1.4
                0x000000000800a9dc       0x13 Src/usbd_desc.o
 *fill*         0x000000000800a9ef        0x1 
 .rodata.USBD_FS_ProductStrDescriptor.str1.4
                0x000000000800a9f0       0x16 Src/usbd_desc.o
 *fill*         0x000000000800aa06        0x2 
 .rodata._ZTSN3ros3MsgE
                0x000000000800aa08        0xb usr/cpp_main.o
                0x000000000800aa08                typeinfo name for ros::Msg
 *fill*         0x000000000800aa13        0x1 
 .rodata._ZTIN3ros3MsgE
                0x000000000800aa14        0x8 usr/cpp_main.o
                0x000000000800aa14                typeinfo for ros::Msg
 .rodata._ZTSN8std_msgs4TimeE
                0x000000000800aa1c       0x11 usr/cpp_main.o
                0x000000000800aa1c                typeinfo name for std_msgs::Time
 *fill*         0x000000000800aa2d        0x3 
 .rodata._ZTIN8std_msgs4TimeE
                0x000000000800aa30        0xc usr/cpp_main.o
                0x000000000800aa30                typeinfo for std_msgs::Time
 .rodata._ZTSN14rosserial_msgs9TopicInfoE
                0x000000000800aa3c       0x1d usr/cpp_main.o
                0x000000000800aa3c                typeinfo name for rosserial_msgs::TopicInfo
 *fill*         0x000000000800aa59        0x3 
 .rodata._ZTIN14rosserial_msgs9TopicInfoE
                0x000000000800aa5c        0xc usr/cpp_main.o
                0x000000000800aa5c                typeinfo for rosserial_msgs::TopicInfo
 .rodata._ZTSN14rosserial_msgs3LogE
                0x000000000800aa68       0x17 usr/cpp_main.o
                0x000000000800aa68                typeinfo name for rosserial_msgs::Log
 *fill*         0x000000000800aa7f        0x1 
 .rodata._ZTIN14rosserial_msgs3LogE
                0x000000000800aa80        0xc usr/cpp_main.o
                0x000000000800aa80                typeinfo for rosserial_msgs::Log
 .rodata._ZTSN14rosserial_msgs20RequestParamResponseE
                0x000000000800aa8c       0x29 usr/cpp_main.o
                0x000000000800aa8c                typeinfo name for rosserial_msgs::RequestParamResponse
 *fill*         0x000000000800aab5        0x3 
 .rodata._ZTIN14rosserial_msgs20RequestParamResponseE
                0x000000000800aab8        0xc usr/cpp_main.o
                0x000000000800aab8                typeinfo for rosserial_msgs::RequestParamResponse
 .rodata._ZTSN3ros15NodeHandleBase_E
                0x000000000800aac4       0x18 usr/cpp_main.o
                0x000000000800aac4                typeinfo name for ros::NodeHandleBase_
 .rodata._ZTIN3ros15NodeHandleBase_E
                0x000000000800aadc        0x8 usr/cpp_main.o
                0x000000000800aadc                typeinfo for ros::NodeHandleBase_
 .rodata._ZTSN3ros11Subscriber_E
                0x000000000800aae4       0x14 usr/cpp_main.o
                0x000000000800aae4                typeinfo name for ros::Subscriber_
 .rodata._ZTIN3ros11Subscriber_E
                0x000000000800aaf8        0x8 usr/cpp_main.o
                0x000000000800aaf8                typeinfo for ros::Subscriber_
 .rodata._ZTSN8std_msgs4ByteE
                0x000000000800ab00       0x11 usr/cpp_main.o
                0x000000000800ab00                typeinfo name for std_msgs::Byte
 *fill*         0x000000000800ab11        0x3 
 .rodata._ZTIN8std_msgs4ByteE