Archive member included to satisfy reference by file (symbol)

/home/igor/stm32cubeide/plugins/com.st.stm32cube.ide.mcu.externaltools.gnu-tools-for-stm32.7-2018-q2-update.linux64_1.4.0.202007081208/tools/bin/../lib/gcc/arm-none-eabi/7.3.1/../../../../arm-none-eabi/lib/thumb/v7e-m/fpv4-sp/hard/libc_nano.a(lib_a-errno.o)
                              Src/syscalls.o (__errno)
/home/igor/stm32cubeide/plugins/com.st.stm32cube.ide.mcu.externaltools.gnu-tools-for-stm32.7-2018-q2-update.linux64_1.4.0.202007081208/tools/bin/../lib/gcc/arm-none-eabi/7.3.1/../../../../arm-none-eabi/lib/thumb/v7e-m/fpv4-sp/hard/libc_nano.a(lib_a-exit.o)
                              /home/igor/stm32cubeide/plugins/com.st.stm32cube.ide.mcu.externaltools.gnu-tools-for-stm32.7-2018-q2-update.linux64_1.4.0.202007081208/tools/bin/../lib/gcc/arm-none-eabi/7.3.1/../../../../arm-none-eabi/lib/thumb/v7e-m/fpv4-sp/hard/crt0.o (exit)
/home/igor/stm32cubeide/plugins/com.st.stm32cube.ide.mcu.externaltools.gnu-tools-for-stm32.7-2018-q2-update.linux64_1.4.0.202007081208/tools/bin/../lib/gcc/arm-none-eabi/7.3.1/../../../../arm-none-eabi/lib/thumb/v7e-m/fpv4-sp/hard/libc_nano.a(lib_a-impure.o)
                              /home/igor/stm32cubeide/plugins/com.st.stm32cube.ide.mcu.externaltools.gnu-tools-for-stm32.7-2018-q2-update.linux64_1.4.0.202007081208/tools/bin/../lib/gcc/arm-none-eabi/7.3.1/../../../../arm-none-eabi/lib/thumb/v7e-m/fpv4-sp/hard/libc_nano.a(lib_a-exit.o) (_global_impure_ptr)
/home/igor/stm32cubeide/plugins/com.st.stm32cube.ide.mcu.externaltools.gnu-tools-for-stm32.7-2018-q2-update.linux64_1.4.0.202007081208/tools/bin/../lib/gcc/arm-none-eabi/7.3.1/../../../../arm-none-eabi/lib/thumb/v7e-m/fpv4-sp/hard/libc_nano.a(lib_a-init.o)
                              /home/igor/stm32cubeide/plugins/com.st.stm32cube.ide.mcu.externaltools.gnu-tools-for-stm32.7-2018-q2-update.linux64_1.4.0.202007081208/tools/bin/../lib/gcc/arm-none-eabi/7.3.1/../../../../arm-none-eabi/lib/thumb/v7e-m/fpv4-sp/hard/crt0.o (__libc_init_array)
/home/igor/stm32cubeide/plugins/com.st.stm32cube.ide.mcu.externaltools.gnu-tools-for-stm32.7-2018-q2-update.linux64_1.4.0.202007081208/tools/bin/../lib/gcc/arm-none-eabi/7.3.1/../../../../arm-none-eabi/lib/thumb/v7e-m/fpv4-sp/hard/libc_nano.a(lib_a-malloc.o)
                              Middlewares/ST/STM32_USB_Device_Library/Class/CDC/Src/usbd_cdc.o (malloc)
/home/igor/stm32cubeide/plugins/com.st.stm32cube.ide.mcu.externaltools.gnu-tools-for-stm32.7-2018-q2-update.linux64_1.4.0.202007081208/tools/bin/../lib/gcc/arm-none-eabi/7.3.1/../../../../arm-none-eabi/lib/thumb/v7e-m/fpv4-sp/hard/libc_nano.a(lib_a-memcpy-stub.o)
                              Middlewares/Third_Party/FreeRTOS/Source/queue.o (memcpy)
/home/igor/stm32cubeide/plugins/com.st.stm32cube.ide.mcu.externaltools.gnu-tools-for-stm32.7-2018-q2-update.linux64_1.4.0.202007081208/tools/bin/../lib/gcc/arm-none-eabi/7.3.1/../../../../arm-none-eabi/lib/thumb/v7e-m/fpv4-sp/hard/libc_nano.a(lib_a-memmove.o)
                              usr/cpp_main.o (memmove)
/home/igor/stm32cubeide/plugins/com.st.stm32cube.ide.mcu.externaltools.gnu-tools-for-stm32.7-2018-q2-update.linux64_1.4.0.202007081208/tools/bin/../lib/gcc/arm-none-eabi/7.3.1/../../../../arm-none-eabi/lib/thumb/v7e-m/fpv4-sp/hard/libc_nano.a(lib_a-memset.o)
                              /home/igor/stm32cubeide/plugins/com.st.stm32cube.ide.mcu.externaltools.gnu-tools-for-stm32.7-2018-q2-update.linux64_1.4.0.202007081208/tools/bin/../lib/gcc/arm-none-eabi/7.3.1/../../../../arm-none-eabi/lib/thumb/v7e-m/fpv4-sp/hard/crt0.o (memset)
/home/igor/stm32cubeide/plugins/com.st.stm32cube.ide.mcu.externaltools.gnu-tools-for-stm32.7-2018-q2-update.linux64_1.4.0.202007081208/tools/bin/../lib/gcc/arm-none-eabi/7.3.1/../../../../arm-none-eabi/lib/thumb/v7e-m/fpv4-sp/hard/libc_nano.a(lib_a-nano-freer.o)
                              /home/igor/stm32cubeide/plugins/com.st.stm32cube.ide.mcu.externaltools.gnu-tools-for-stm32.7-2018-q2-update.linux64_1.4.0.202007081208/tools/bin/../lib/gcc/arm-none-eabi/7.3.1/../../../../arm-none-eabi/lib/thumb/v7e-m/fpv4-sp/hard/libc_nano.a(lib_a-malloc.o) (_free_r)
/home/igor/stm32cubeide/plugins/com.st.stm32cube.ide.mcu.externaltools.gnu-tools-for-stm32.7-2018-q2-update.linux64_1.4.0.202007081208/tools/bin/../lib/gcc/arm-none-eabi/7.3.1/../../../../arm-none-eabi/lib/thumb/v7e-m/fpv4-sp/hard/libc_nano.a(lib_a-nano-mallocr.o)
                              /home/igor/stm32cubeide/plugins/com.st.stm32cube.ide.mcu.externaltools.gnu-tools-for-stm32.7-2018-q2-update.linux64_1.4.0.202007081208/tools/bin/../lib/gcc/arm-none-eabi/7.3.1/../../../../arm-none-eabi/lib/thumb/v7e-m/fpv4-sp/hard/libc_nano.a(lib_a-malloc.o) (_malloc_r)
/home/igor/stm32cubeide/plugins/com.st.stm32cube.ide.mcu.externaltools.gnu-tools-for-stm32.7-2018-q2-update.linux64_1.4.0.202007081208/tools/bin/../lib/gcc/arm-none-eabi/7.3.1/../../../../arm-none-eabi/lib/thumb/v7e-m/fpv4-sp/hard/libc_nano.a(lib_a-realloc.o)
[...]
Memory Configuration

Name             Origin             Length             Attributes
RAM              0x0000000020000000 0x0000000000020000 xrw
CCMRAM           0x0000000010000000 0x0000000000010000 rw
FLASH            0x0000000008000000 0x0000000000100000 xr
*default*        0x0000000000000000 0xffffffffffffffff

Linker script and memory map

LOAD /home/igor/stm32cubeide/plugins/com.st.stm32cube.ide.mcu.externaltools.gnu-tools-for-stm32.7-2018-q2-update.linux64_1.4.0.202007081208/tools/bin/../lib/gcc/arm-none-eabi/7.3.1/thumb/v7e-m/fpv4-sp/hard/crti.o
LOAD /home/igor/stm32cubeide/plugins/com.st.stm32cube.ide.mcu.externaltools.gnu-tools-for-stm32.7-2018-q2-update.linux64_1.4.0.202007081208/tools/bin/../lib/gcc/arm-none-eabi/7.3.1/thumb/v7e-m/fpv4-sp/hard/crtbegin.o
LOAD /home/igor/stm32cubeide/plugins/com.st.stm32cube.ide.mcu.externaltools.gnu-tools-for-stm32.7-2018-q2-update.linux64_1.4.0.202007081208/tools/bin/../lib/gcc/arm-none-eabi/7.3.1/../../../../arm-none-eabi/lib/thumb/v7e-m/fpv4-sp/hard/crt0.o
LOAD Drivers/STM32F4xx_HAL_Driver/Src/stm32f4xx_hal.o
LOAD Drivers/STM32F4xx_HAL_Driver/Src/stm32f4xx_hal_can.o
LOAD Drivers/STM32F4xx_HAL_Driver/Src/stm32f4xx_hal_cortex.o
LOAD Drivers/STM32F4xx_HAL_Driver/Src/stm32f4xx_hal_dma.o
LOAD Drivers/STM32F4xx_HAL_Driver/Src/stm32f4xx_hal_dma_ex.o
LOAD Drivers/STM32F4xx_HAL_Driver/Src/stm32f4xx_hal_exti.o
LOAD Drivers/STM32F4xx_HAL_Driver/Src/stm32f4xx_hal_flash.o
LOAD Drivers/STM32F4xx_HAL_Driver/Src/stm32f4xx_hal_flash_ex.o
LOAD Drivers/STM32F4xx_HAL_Driver/Src/stm32f4xx_hal_flash_ramfunc.o
LOAD Drivers/STM32F4xx_HAL_Driver/Src/stm32f4xx_hal_gpio.o
LOAD Drivers/STM32F4xx_HAL_Driver/Src/stm32f4xx_hal_i2c.o
LOAD Drivers/STM32F4xx_HAL_Driver/Src/stm32f4xx_hal_i2c_ex.o
LOAD Drivers/STM32F4xx_HAL_Driver/Src/stm32f4xx_hal_pcd.o
LOAD Drivers/STM32F4xx_HAL_Driver/Src/stm32f4xx_hal_pcd_ex.o
LOAD Drivers/STM32F4xx_HAL_Driver/Src/stm32f4xx_hal_pwr.o
LOAD Drivers/STM32F4xx_HAL_Driver/Src/stm32f4xx_hal_pwr_ex.o
LOAD Drivers/STM32F4xx_HAL_Driver/Src/stm32f4xx_hal_rcc.o
LOAD Drivers/STM32F4xx_HAL_Driver/Src/stm32f4xx_hal_rcc_ex.o
LOAD Drivers/STM32F4xx_HAL_Driver/Src/stm32f4xx_hal_tim.o
LOAD Drivers/STM32F4xx_HAL_Driver/Src/stm32f4xx_hal_tim_ex.o
LOAD Drivers/STM32F4xx_HAL_Driver/Src/stm32f4xx_ll_usb.o
LOAD Middlewares/ST/STM32_USB_Device_Library/Class/CDC/Src/usbd_cdc.o
LOAD Middlewares/ST/STM32_USB_Device_Library/Core/Src/usbd_core.o
LOAD Middlewares/ST/STM32_USB_Device_Library/Core/Src/usbd_ctlreq.o
LOAD Middlewares/ST/STM32_USB_Device_Library/Core/Src/usbd_ioreq.o
LOAD Middlewares/Third_Party/FreeRTOS/Source/CMSIS_RTOS/cmsis_os.o
LOAD Middlewares/Third_Party/FreeRTOS/Source/croutine.o
LOAD Middlewares/Third_Party/FreeRTOS/Source/event_groups.o
LOAD Middlewares/Third_Party/FreeRTOS/Source/list.o
LOAD Middlewares/Third_Party/FreeRTOS/Source/queue.o
LOAD Middlewares/Third_Party/FreeRTOS/Source/stream_buffer.o
LOAD Middlewares/Third_Party/FreeRTOS/Source/tasks.o
LOAD Middlewares/Third_Party/FreeRTOS/Source/timers.o
LOAD Middlewares/Third_Party/FreeRTOS/Source/portable/GCC/ARM_CM4F/port.o
LOAD Middlewares/Third_Party/FreeRTOS/Source/portable/MemMang/heap_4.o
LOAD Src/freertos.o
LOAD Src/main.o
LOAD Src/mpu9250_usr.o
LOAD Src/stm32f4xx_hal_msp.o
LOAD Src/stm32f4xx_hal_timebase_tim.o
LOAD Src/stm32f4xx_it.o
LOAD Src/syscalls.o
LOAD Src/system_stm32f4xx.o
LOAD Src/usb_device.o
LOAD Src/usbd_cdc_if.o
LOAD Src/usbd_conf.o
LOAD Src/usbd_desc.o
LOAD ros_lib/duration.o
LOAD ros_lib/time.o
LOAD startup/startup_stm32f405xx.o
LOAD usr/cpp_main.o
LOAD usr/ledStatus.o
LOAD usr/nbt.o
LOAD usr/ringbuffer.o
START GROUP
LOAD /home/igor/stm32cubeide/plugins/com.st.stm32cube.ide.mcu.externaltools.gnu-tools-for-stm32.7-2018-q2-update.linux64_1.4.0.202007081208/tools/bin/../lib/gcc/arm-none-eabi/7.3.1/../../../../arm-none-eabi/lib/thumb/v7e-m/fpv4-sp/hard/libstdc++_nano.a
LOAD /home/igor/stm32cubeide/plugins/com.st.stm32cube.ide.mcu.externaltools.gnu-tools-for-stm32.7-2018-q2-update.linux64_1.4.0.202007081208/tools/bin/../lib/gcc/arm-none-eabi/7.3.1/../../../../arm-none-eabi/lib/thumb/v7e-m/fpv4-sp/hard/libsupc++_nano.a
END GROUP
LOAD /home/igor/stm32cubeide/plugins/com.st.stm32cube.ide.mcu.externaltools.gnu-tools-for-stm32.7-2018-q2-update.linux64_1.4.0.202007081208/tools/bin/../lib/gcc/arm-none-eabi/7.3.1/../../../../arm-none-eabi/lib/thumb/v7e-m/fpv4-sp/hard/libstdc++_nano.a
LOAD /home/igor/stm32cubeide/plugins/com.st.stm32cube.ide.mcu.externaltools.gnu-tools-for-stm32.7-2018-q2-update.linux64_1.4.0.202007081208/tools/bin/../lib/gcc/arm-none-eabi/7.3.1/../../../../arm-none-eabi/lib/thumb/v7e-m/fpv4-sp/hard/libm.a
LOAD /home/igor/stm32cubeide/plugins/com.st.stm32cube.ide.mcu.externaltools.gnu-tools-for-stm32.7-2018-q2-update.linux64_1.4.0.202007081208/tools/bin/../lib/gcc/arm-none-eabi/7.3.1/../../../../arm-none-eabi/lib/thumb/v7e-m/fpv4-sp/hard/libc_nano.a
START GROUP
LOAD /home/igor/stm32cubeide/plugins/com.st.stm32cube.ide.mcu.externaltools.gnu-tools-for-stm32.7-2018-q2-update.linux64_1.4.0.202007081208/tools/bin/../lib/gcc/arm-none-eabi/7.3.1/thumb/v7e-m/fpv4-sp/hard/libgcc.a
LOAD /home/igor/stm32cubeide/plugins/com.st.stm32cube.ide.mcu.externaltools.gnu-tools-for-stm32.7-2018-q2-update.linux64_1.4.0.202007081208/tools/bin/../lib/gcc/arm-none-eabi/7.3.1/../../../../arm-none-eabi/lib/thumb/v7e-m/fpv4-sp/hard/libc_nano.a
END GROUP
START GROUP
LOAD /home/igor/stm32cubeide/plugins/com.st.stm32cube.ide.mcu.externaltools.gnu-tools-for-stm32.7-2018-q2-update.linux64_1.4.0.202007081208/tools/bin/../lib/gcc/arm-none-eabi/7.3.1/thumb/v7e-m/fpv4-sp/hard/libgcc.a
LOAD /home/igor/stm32cubeide/plugins/com.st.stm32cube.ide.mcu.externaltools.gnu-tools-for-stm32.7-2018-q2-update.linux64_1.4.0.202007081208/tools/bin/../lib/gcc/arm-none-eabi/7.3.1/../../../../arm-none-eabi/lib/thumb/v7e-m/fpv4-sp/hard/libc_nano.a
LOAD /home/igor/stm32cubeide/plugins/com.st.stm32cube.ide.mcu.externaltools.gnu-tools-for-stm32.7-2018-q2-update.linux64_1.4.0.202007081208/tools/bin/../lib/gcc/arm-none-eabi/7.3.1/../../../../arm-none-eabi/lib/thumb/v7e-m/fpv4-sp/hard/libnosys.a
END GROUP
START GROUP
LOAD /home/igor/stm32cubeide/plugins/com.st.stm32cube.ide.mcu.externaltools.gnu-tools-for-stm32.7-2018-q2-update.linux64_1.4.0.202007081208/tools/bin/../lib/gcc/arm-none-eabi/7.3.1/thumb/v7e-m/fpv4-sp/hard/libgcc.a
LOAD /home/igor/stm32cubeide/plugins/com.st.stm32cube.ide.mcu.externaltools.gnu-tools-for-stm32.7-2018-q2-update.linux64_1.4.0.202007081208/tools/bin/../lib/gcc/arm-none-eabi/7.3.1/../../../../arm-none-eabi/lib/thumb/v7e-m/fpv4-sp/hard/libc_nano.a
LOAD /home/igor/stm32cubeide/plugins/com.st.stm32cube.ide.mcu.externaltools.gnu-tools-for-stm32.7-2018-q2-update.linux64_1.4.0.202007081208/tools/bin/../lib/gcc/arm-none-eabi/7.3.1/../../../../arm-none-eabi/lib/thumb/v7e-m/fpv4-sp/hard/libnosys.a
END GROUP
LOAD /home/igor/stm32cubeide/plugins/com.st.stm32cube.ide.mcu.externaltools.gnu-tools-for-stm32.7-2018-q2-update.linux64_1.4.0.202007081208/tools/bin/../lib/gcc/arm-none-eabi/7.3.1/thumb/v7e-m/fpv4-sp/hard/crtend.o
LOAD /home/igor/stm32cubeide/plugins/com.st.stm32cube.ide.mcu.externaltools.gnu-tools-for-stm32.7-2018-q2-update.linux64_1.4.0.202007081208/tools/bin/../lib/gcc/arm-none-eabi/7.3.1/thumb/v7e-m/fpv4-sp/hard/crtn.o
                0x0000000020020000                _estack = 0x20020000
                0x0000000000000200                _Min_Heap_Size = 0x200
                0x0000000000000400                _Min_Stack_Size = 0x400

.isr_vector     0x0000000008000000      0x188
                0x0000000008000000                . = ALIGN (0x4)
 *(.isr_vector)
 .isr_vector    0x0000000008000000      0x188 startup/startup_stm32f405xx.o
                0x0000000008000000                g_pfnVectors
                0x0000000008000188                . = ALIGN (0x4)

.text           0x0000000008000190     0xa9e0
                0x0000000008000190                . = ALIGN (0x4)
 *(.text)
 .text          0x0000000008000190       0x40 /home/igor/stm32cubeide/plugins/com.st.stm32cube.ide.mcu.externaltools.gnu-tools-for-stm32.7-2018-q2-update.linux64_1.4.0.202007081208/tools/bin/../lib/gcc/arm-none-eabi/7.3.1/thumb/v7e-m/fpv4-sp/hard/crtbegin.o
 .text          0x00000000080001d0       0x10 /home/igor/stm32cubeide/plugins/com.st.stm32cube.ide.mcu.externaltools.gnu-tools-for-stm32.7-2018-q2-update.linux64_1.4.0.202007081208/tools/bin/../lib/gcc/arm-none-eabi/7.3.1/../../../../arm-none-eabi/lib/thumb/v7e-m/fpv4-sp/hard/libc_nano.a(lib_a-strlen.o)
                0x00000000080001d0                strlen
 .text          0x00000000080001e0       0x30 /home/igor/stm32cubeide/plugins/com.st.stm32cube.ide.mcu.externaltools.gnu-tools-for-stm32.7-2018-q2-update.linux64_1.4.0.202007081208/tools/bin/../lib/gcc/arm-none-eabi/7.3.1/thumb/v7e-m/fpv4-sp/hard/libgcc.a(_aeabi_uldivmod.o)
                0x00000000080001e0                __aeabi_uldivmod
 .text          0x0000000008000210      0x2cc /home/igor/stm32cubeide/plugins/com.st.stm32cube.ide.mcu.externaltools.gnu-tools-for-stm32.7-2018-q2-update.linux64_1.4.0.202007081208/tools/bin/../lib/gcc/arm-none-eabi/7.3.1/thumb/v7e-m/fpv4-sp/hard/libgcc.a(_udivmoddi4.o)
                0x0000000008000210                __udivmoddi4
 .text          0x00000000080004dc        0x4 /home/igor/stm32cubeide/plugins/com.st.stm32cube.ide.mcu.externaltools.gnu-tools-for-stm32.7-2018-q2-update.linux64_1.4.0.202007081208/tools/bin/../lib/gcc/arm-none-eabi/7.3.1/thumb/v7e-m/fpv4-sp/hard/libgcc.a(_dvmd_tls.o)
                0x00000000080004dc                __aeabi_ldiv0
                0x00000000080004dc                __aeabi_idiv0
 *(.text*)
 .text.HAL_Init
                0x00000000080004e0       0x34 Drivers/STM32F4xx_HAL_Driver/Src/stm32f4xx_hal.o
                0x00000000080004e0                HAL_Init
 .text.HAL_IncTick
                0x0000000008000514       0x18 Drivers/STM32F4xx_HAL_Driver/Src/stm32f4xx_hal.o
                0x0000000008000514                HAL_IncTick
 .text.HAL_GetTick
                0x000000000800052c        0xc Drivers/STM32F4xx_HAL_Driver/Src/stm32f4xx_hal.o
                0x000000000800052c                HAL_GetTick
 .text.HAL_Delay
                0x0000000008000538       0x24 Drivers/STM32F4xx_HAL_Driver/Src/stm32f4xx_hal.o
                0x0000000008000538                HAL_Delay
 .text.HAL_CAN_Init
                0x000000000800055c      0x104 Drivers/STM32F4xx_HAL_Driver/Src/stm32f4xx_hal_can.o
                0x000000000800055c                HAL_CAN_Init
 .text.HAL_CAN_ConfigFilter
                0x0000000008000660      0x10c Drivers/STM32F4xx_HAL_Driver/Src/stm32f4xx_hal_can.o
                0x0000000008000660                HAL_CAN_ConfigFilter
 .text.HAL_CAN_Start
                0x000000000800076c       0x5c Drivers/STM32F4xx_HAL_Driver/Src/stm32f4xx_hal_can.o
                0x000000000800076c                HAL_CAN_Start
 .text.HAL_CAN_AddTxMessage
                0x00000000080007c8       0xb0 Drivers/STM32F4xx_HAL_Driver/Src/stm32f4xx_hal_can.o
                0x00000000080007c8                HAL_CAN_AddTxMessage
 .text.HAL_CAN_GetRxMessage
                0x0000000008000878      0x100 Drivers/STM32F4xx_HAL_Driver/Src/stm32f4xx_hal_can.o
                0x0000000008000878                HAL_CAN_GetRxMessage
 .text.HAL_CAN_ActivateNotification
                0x0000000008000978       0x24 Drivers/STM32F4xx_HAL_Driver/Src/stm32f4xx_hal_can.o
                0x0000000008000978                HAL_CAN_ActivateNotification
 .text.HAL_CAN_TxMailbox0CompleteCallback
                0x000000000800099c        0x4 Drivers/STM32F4xx_HAL_Driver/Src/stm32f4xx_hal_can.o
                0x000000000800099c                HAL_CAN_TxMailbox0CompleteCallback
 .text.HAL_CAN_TxMailbox1CompleteCallback
                0x00000000080009a0        0x4 Drivers/STM32F4xx_HAL_Driver/Src/stm32f4xx_hal_can.o
                0x00000000080009a0                HAL_CAN_TxMailbox1CompleteCallback
 .text.HAL_CAN_TxMailbox2CompleteCallback
                0x00000000080009a4        0x4 Drivers/STM32F4xx_HAL_Driver/Src/stm32f4xx_hal_can.o
                0x00000000080009a4                HAL_CAN_TxMailbox2CompleteCallback
 .text.HAL_CAN_TxMailbox0AbortCallback
                0x00000000080009a8        0x4 Drivers/STM32F4xx_HAL_Driver/Src/stm32f4xx_hal_can.o
                0x00000000080009a8                HAL_CAN_TxMailbox0AbortCallback
 .text.HAL_CAN_TxMailbox1AbortCallback
                0x00000000080009ac        0x4 Drivers/STM32F4xx_HAL_Driver/Src/stm32f4xx_hal_can.o
                0x00000000080009ac                HAL_CAN_TxMailbox1AbortCallback
 .text.HAL_CAN_TxMailbox2AbortCallback
                0x00000000080009b0        0x4 Drivers/STM32F4xx_HAL_Driver/Src/stm32f4xx_hal_can.o
                0x00000000080009b0                HAL_CAN_TxMailbox2AbortCallback
 .text.HAL_CAN_RxFifo0FullCallback
                0x00000000080009b4        0x4 Drivers/STM32F4xx_HAL_Driver/Src/stm32f4xx_hal_can.o
                0x00000000080009b4                HAL_CAN_RxFifo0FullCallback
 .text.HAL_CAN_RxFifo1MsgPendingCallback
                0x00000000080009b8        0x4 Drivers/STM32F4xx_HAL_Driver/Src/stm32f4xx_hal_can.o
                0x00000000080009b8                HAL_CAN_RxFifo1MsgPendingCallback
 .text.HAL_CAN_RxFifo1FullCallback
                0x00000000080009bc        0x4 Drivers/STM32F4xx_HAL_Driver/Src/stm32f4xx_hal_can.o
                0x00000000080009bc                HAL_CAN_RxFifo1FullCallback
 .text.HAL_CAN_SleepCallback
                0x00000000080009c0        0x4 Drivers/STM32F4xx_HAL_Driver/Src/stm32f4xx_hal_can.o
                0x00000000080009c0                HAL_CAN_SleepCallback
 .text.HAL_CAN_WakeUpFromRxMsgCallback
                0x00000000080009c4        0x4 Drivers/STM32F4xx_HAL_Driver/Src/stm32f4xx_hal_can.o
                0x00000000080009c4                HAL_CAN_WakeUpFromRxMsgCallback
 .text.HAL_CAN_ErrorCallback
                0x00000000080009c8        0x4 Drivers/STM32F4xx_HAL_Driver/Src/stm32f4xx_hal_can.o
                0x00000000080009c8                HAL_CAN_ErrorCallback
 .text.HAL_CAN_IRQHandler
                0x00000000080009cc      0x250 Drivers/STM32F4xx_HAL_Driver/Src/stm32f4xx_hal_can.o
                0x00000000080009cc                HAL_CAN_IRQHandler
 .text.HAL_NVIC_SetPriorityGrouping
                0x0000000008000c1c       0x24 Drivers/STM32F4xx_HAL_Driver/Src/stm32f4xx_hal_cortex.o
                0x0000000008000c1c                HAL_NVIC_SetPriorityGrouping
 .text.HAL_NVIC_SetPriority
                0x0000000008000c40       0x6c Drivers/STM32F4xx_HAL_Driver/Src/stm32f4xx_hal_cortex.o
                0x0000000008000c40                HAL_NVIC_SetPriority
 .text.HAL_NVIC_EnableIRQ
                0x0000000008000cac       0x1c Drivers/STM32F4xx_HAL_Driver/Src/stm32f4xx_hal_cortex.o
                0x0000000008000cac                HAL_NVIC_EnableIRQ
 .text.HAL_DMA_Abort_IT
                0x0000000008000cc8       0x24 Drivers/STM32F4xx_HAL_Driver/Src/stm32f4xx_hal_dma.o
                0x0000000008000cc8                HAL_DMA_Abort_IT
 .text.HAL_DMA_GetState
                0x0000000008000cec        0x8 Drivers/STM32F4xx_HAL_Driver/Src/stm32f4xx_hal_dma.o
                0x0000000008000cec                HAL_DMA_GetState
 .text.HAL_GPIO_Init
                0x0000000008000cf4      0x208 Drivers/STM32F4xx_HAL_Driver/Src/stm32f4xx_hal_gpio.o
                0x0000000008000cf4                HAL_GPIO_Init
 .text.HAL_GPIO_WritePin
                0x0000000008000efc        0x8 Drivers/STM32F4xx_HAL_Driver/Src/stm32f4xx_hal_gpio.o
                0x0000000008000efc                HAL_GPIO_WritePin
 .text.I2C_MemoryTransmit_TXE_BTF
                0x0000000008000f04       0x78 Drivers/STM32F4xx_HAL_Driver/Src/stm32f4xx_hal_i2c.o
 .text.I2C_RequestMemoryRead
                0x0000000008000f7c      0x288 Drivers/STM32F4xx_HAL_Driver/Src/stm32f4xx_hal_i2c.o
 .text.HAL_I2C_Init
                0x0000000008001204      0x180 Drivers/STM32F4xx_HAL_Driver/Src/stm32f4xx_hal_i2c.o
                0x0000000008001204                HAL_I2C_Init
 .text.HAL_I2C_Master_Transmit
                0x0000000008001384      0x300 Drivers/STM32F4xx_HAL_Driver/Src/stm32f4xx_hal_i2c.o
                0x0000000008001384                HAL_I2C_Master_Transmit
 .text.HAL_I2C_Mem_Read
                0x0000000008001684      0x310 Drivers/STM32F4xx_HAL_Driver/Src/stm32f4xx_hal_i2c.o
                0x0000000008001684                HAL_I2C_Mem_Read
 .text.HAL_I2C_MasterTxCpltCallback
                0x0000000008001994        0x4 Drivers/STM32F4xx_HAL_Driver/Src/stm32f4xx_hal_i2c.o
                0x0000000008001994                HAL_I2C_MasterTxCpltCallback
 .text.HAL_I2C_MasterRxCpltCallback
                0x0000000008001998        0x4 Drivers/STM32F4xx_HAL_Driver/Src/stm32f4xx_hal_i2c.o
                0x0000000008001998                HAL_I2C_MasterRxCpltCallback
 .text.HAL_I2C_SlaveTxCpltCallback
                0x000000000800199c        0x4 Drivers/STM32F4xx_HAL_Driver/Src/stm32f4xx_hal_i2c.o
                0x000000000800199c                HAL_I2C_SlaveTxCpltCallback
 .text.HAL_I2C_SlaveRxCpltCallback
                0x00000000080019a0        0x4 Drivers/STM32F4xx_HAL_Driver/Src/stm32f4xx_hal_i2c.o
                0x00000000080019a0                HAL_I2C_SlaveRxCpltCallback
 .text.HAL_I2C_AddrCallback
                0x00000000080019a4        0x4 Drivers/STM32F4xx_HAL_Driver/Src/stm32f4xx_hal_i2c.o
                0x00000000080019a4                HAL_I2C_AddrCallback
 .text.HAL_I2C_ListenCpltCallback
                0x00000000080019a8        0x4 Drivers/STM32F4xx_HAL_Driver/Src/stm32f4xx_hal_i2c.o
                0x00000000080019a8                HAL_I2C_ListenCpltCallback
 .text.HAL_I2C_MemTxCpltCallback
                0x00000000080019ac        0x4 Drivers/STM32F4xx_HAL_Driver/Src/stm32f4xx_hal_i2c.o
                0x00000000080019ac                HAL_I2C_MemTxCpltCallback
 .text.HAL_I2C_MemRxCpltCallback
                0x00000000080019b0        0x4 Drivers/STM32F4xx_HAL_Driver/Src/stm32f4xx_hal_i2c.o
                0x00000000080019b0                HAL_I2C_MemRxCpltCallback
 .text.HAL_I2C_ErrorCallback
                0x00000000080019b4        0x4 Drivers/STM32F4xx_HAL_Driver/Src/stm32f4xx_hal_i2c.o
                0x00000000080019b4                HAL_I2C_ErrorCallback
 .text.HAL_I2C_AbortCpltCallback
                0x00000000080019b8        0x4 Drivers/STM32F4xx_HAL_Driver/Src/stm32f4xx_hal_i2c.o
                0x00000000080019b8                HAL_I2C_AbortCpltCallback
 .text.I2C_DMAAbort
                0x00000000080019bc       0xb0 Drivers/STM32F4xx_HAL_Driver/Src/stm32f4xx_hal_i2c.o
 .text.HAL_I2C_EV_IRQHandler
                0x0000000008001a6c      0xa28 Drivers/STM32F4xx_HAL_Driver/Src/stm32f4xx_hal_i2c.o
                0x0000000008001a6c                HAL_I2C_EV_IRQHandler
 .text.HAL_PCD_Init
                0x0000000008002494      0x118 Drivers/STM32F4xx_HAL_Driver/Src/stm32f4xx_hal_pcd.o
                0x0000000008002494                HAL_PCD_Init
 .text.HAL_PCD_Start
                0x00000000080025ac       0x44 Drivers/STM32F4xx_HAL_Driver/Src/stm32f4xx_hal_pcd.o
                0x00000000080025ac                HAL_PCD_Start
 .text.HAL_PCD_IRQHandler
                0x00000000080025f0      0x614 Drivers/STM32F4xx_HAL_Driver/Src/stm32f4xx_hal_pcd.o
                0x00000000080025f0                HAL_PCD_IRQHandler
 .text.HAL_PCD_SetAddress
                0x0000000008002c04       0x28 Drivers/STM32F4xx_HAL_Driver/Src/stm32f4xx_hal_pcd.o
                0x0000000008002c04                HAL_PCD_SetAddress
 .text.HAL_PCD_EP_Open
                0x0000000008002c2c       0x68 Drivers/STM32F4xx_HAL_Driver/Src/stm32f4xx_hal_pcd.o
                0x0000000008002c2c                HAL_PCD_EP_Open
 .text.HAL_PCD_EP_Close
                0x0000000008002c94       0x60 Drivers/STM32F4xx_HAL_Driver/Src/stm32f4xx_hal_pcd.o
                0x0000000008002c94                HAL_PCD_EP_Close
 .text.HAL_PCD_EP_Receive
                0x0000000008002cf4       0x50 Drivers/STM32F4xx_HAL_Driver/Src/stm32f4xx_hal_pcd.o
                0x0000000008002cf4                HAL_PCD_EP_Receive
 .text.HAL_PCD_EP_GetRxCount
                0x0000000008002d44       0x14 Drivers/STM32F4xx_HAL_Driver/Src/stm32f4xx_hal_pcd.o
                0x0000000008002d44                HAL_PCD_EP_GetRxCount
 .text.HAL_PCD_EP_Transmit
                0x0000000008002d58       0x48 Drivers/STM32F4xx_HAL_Driver/Src/stm32f4xx_hal_pcd.o
                0x0000000008002d58                HAL_PCD_EP_Transmit
 .text.HAL_PCD_EP_SetStall
                0x0000000008002da0       0x88 Drivers/STM32F4xx_HAL_Driver/Src/stm32f4xx_hal_pcd.o
                0x0000000008002da0                HAL_PCD_EP_SetStall
 .text.HAL_PCD_EP_ClrStall
                0x0000000008002e28       0x70 Drivers/STM32F4xx_HAL_Driver/Src/stm32f4xx_hal_pcd.o
                0x0000000008002e28                HAL_PCD_EP_ClrStall
 .text.HAL_PCDEx_SetTxFiFo
                0x0000000008002e98       0x48 Drivers/STM32F4xx_HAL_Driver/Src/stm32f4xx_hal_pcd_ex.o
                0x0000000008002e98                HAL_PCDEx_SetTxFiFo
 .text.HAL_PCDEx_SetRxFiFo
                0x0000000008002ee0        0x8 Drivers/STM32F4xx_HAL_Driver/Src/stm32f4xx_hal_pcd_ex.o
                0x0000000008002ee0                HAL_PCDEx_SetRxFiFo
 .text.HAL_PCDEx_LPM_Callback
                0x0000000008002ee8        0x4 Drivers/STM32F4xx_HAL_Driver/Src/stm32f4xx_hal_pcd_ex.o
                0x0000000008002ee8                HAL_PCDEx_LPM_Callback
 .text.HAL_RCC_OscConfig
                0x0000000008002eec      0x3bc Drivers/STM32F4xx_HAL_Driver/Src/stm32f4xx_hal_rcc.o
                0x0000000008002eec                HAL_RCC_OscConfig
 .text.HAL_RCC_GetSysClockFreq
                0x00000000080032a8       0x60 Drivers/STM32F4xx_HAL_Driver/Src/stm32f4xx_hal_rcc.o
                0x00000000080032a8                HAL_RCC_GetSysClockFreq
 .text.HAL_RCC_ClockConfig
                0x0000000008003308      0x13c Drivers/STM32F4xx_HAL_Driver/Src/stm32f4xx_hal_rcc.o
                0x0000000008003308                HAL_RCC_ClockConfig
 .text.HAL_RCC_GetHCLKFreq
                0x0000000008003444        0xc Drivers/STM32F4xx_HAL_Driver/Src/stm32f4xx_hal_rcc.o
                0x0000000008003444                HAL_RCC_GetHCLKFreq
 .text.HAL_RCC_GetPCLK1Freq
                0x0000000008003450       0x20 Drivers/STM32F4xx_HAL_Driver/Src/stm32f4xx_hal_rcc.o
                0x0000000008003450                HAL_RCC_GetPCLK1Freq
 .text.HAL_RCC_GetClockConfig
                0x0000000008003470       0x44 Drivers/STM32F4xx_HAL_Driver/Src/stm32f4xx_hal_rcc.o
                0x0000000008003470                HAL_RCC_GetClockConfig
 .text.HAL_TIM_Base_MspInit
                0x00000000080034b4        0x4 Drivers/STM32F4xx_HAL_Driver/Src/stm32f4xx_hal_tim.o
                0x00000000080034b4                HAL_TIM_Base_MspInit
 .text.HAL_TIM_Base_Init
                0x00000000080034b8      0x108 Drivers/STM32F4xx_HAL_Driver/Src/stm32f4xx_hal_tim.o
                0x00000000080034b8                HAL_TIM_Base_Init
 .text.HAL_TIM_Base_Start_IT
                0x00000000080035c0       0x20 Drivers/STM32F4xx_HAL_Driver/Src/stm32f4xx_hal_tim.o
                0x00000000080035c0                HAL_TIM_Base_Start_IT
 .text.HAL_TIM_OC_DelayElapsedCallback
                0x00000000080035e0        0x4 Drivers/STM32F4xx_HAL_Driver/Src/stm32f4xx_hal_tim.o
                0x00000000080035e0                HAL_TIM_OC_DelayElapsedCallback
 .text.HAL_TIM_IC_CaptureCallback
                0x00000000080035e4        0x4 Drivers/STM32F4xx_HAL_Driver/Src/stm32f4xx_hal_tim.o
                0x00000000080035e4                HAL_TIM_IC_CaptureCallback
 .text.HAL_TIM_PWM_PulseFinishedCallback
                0x00000000080035e8        0x4 Drivers/STM32F4xx_HAL_Driver/Src/stm32f4xx_hal_tim.o
                0x00000000080035e8                HAL_TIM_PWM_PulseFinishedCallback
 .text.HAL_TIM_TriggerCallback
                0x00000000080035ec        0x4 Drivers/STM32F4xx_HAL_Driver/Src/stm32f4xx_hal_tim.o
                0x00000000080035ec                HAL_TIM_TriggerCallback
 .text.HAL_TIM_IRQHandler
                0x00000000080035f0      0x154 Drivers/STM32F4xx_HAL_Driver/Src/stm32f4xx_hal_tim.o
                0x00000000080035f0                HAL_TIM_IRQHandler
 .text.HAL_TIMEx_CommutCallback
                0x0000000008003744        0x4 Drivers/STM32F4xx_HAL_Driver/Src/stm32f4xx_hal_tim_ex.o
                0x0000000008003744                HAL_TIMEx_CommutCallback
 .text.HAL_TIMEx_BreakCallback
                0x0000000008003748        0x4 Drivers/STM32F4xx_HAL_Driver/Src/stm32f4xx_hal_tim_ex.o
                0x0000000008003748                HAL_TIMEx_BreakCallback
 .text.USB_CoreInit
                0x000000000800374c       0xd4 Drivers/STM32F4xx_HAL_Driver/Src/stm32f4xx_ll_usb.o
                0x000000000800374c                USB_CoreInit
 .text.USB_SetTurnaroundTime
                0x0000000008003820       0xf8 Drivers/STM32F4xx_HAL_Driver/Src/stm32f4xx_ll_usb.o
                0x0000000008003820                USB_SetTurnaroundTime
 .text.USB_EnableGlobalInt
                0x0000000008003918       0x10 Drivers/STM32F4xx_HAL_Driver/Src/stm32f4xx_ll_usb.o
                0x0000000008003918                USB_EnableGlobalInt
 .text.USB_DisableGlobalInt
                0x0000000008003928       0x10 Drivers/STM32F4xx_HAL_Driver/Src/stm32f4xx_ll_usb.o
                0x0000000008003928                USB_DisableGlobalInt
 .text.USB_SetCurrentMode
                0x0000000008003938       0x30 Drivers/STM32F4xx_HAL_Driver/Src/stm32f4xx_ll_usb.o
                0x0000000008003938                USB_SetCurrentMode
 .text.USB_DevInit
                0x0000000008003968      0x1d8 Drivers/STM32F4xx_HAL_Driver/Src/stm32f4xx_ll_usb.o
                0x0000000008003968                USB_DevInit
 .text.USB_FlushTxFifo
                0x0000000008003b40       0x24 Drivers/STM32F4xx_HAL_Driver/Src/stm32f4xx_ll_usb.o
                0x0000000008003b40                USB_FlushTxFifo
 .text.USB_GetDevSpeed
                0x0000000008003b64       0x18 Drivers/STM32F4xx_HAL_Driver/Src/stm32f4xx_ll_usb.o
                0x0000000008003b64                USB_GetDevSpeed
 .text.USB_ActivateEndpoint
                0x0000000008003b7c       0x88 Drivers/STM32F4xx_HAL_Driver/Src/stm32f4xx_ll_usb.o
                0x0000000008003b7c                USB_ActivateEndpoint
 .text.USB_DeactivateEndpoint
                0x0000000008003c04       0xc0 Drivers/STM32F4xx_HAL_Driver/Src/stm32f4xx_ll_usb.o
                0x0000000008003c04                USB_DeactivateEndpoint
 .text.USB_EPStartXfer
                0x0000000008003cc4      0x224 Drivers/STM32F4xx_HAL_Driver/Src/stm32f4xx_ll_usb.o
                0x0000000008003cc4                USB_EPStartXfer
 .text.USB_EP0StartXfer
                0x0000000008003ee8      0x10c Drivers/STM32F4xx_HAL_Driver/Src/stm32f4xx_ll_usb.o
                0x0000000008003ee8                USB_EP0StartXfer
 .text.USB_WritePacket
                0x0000000008003ff4       0x2c Drivers/STM32F4xx_HAL_Driver/Src/stm32f4xx_ll_usb.o
                0x0000000008003ff4                USB_WritePacket
 .text.USB_ReadPacket
                0x0000000008004020       0x28 Drivers/STM32F4xx_HAL_Driver/Src/stm32f4xx_ll_usb.o
                0x0000000008004020                USB_ReadPacket
 .text.USB_EPSetStall
                0x0000000008004048       0x58 Drivers/STM32F4xx_HAL_Driver/Src/stm32f4xx_ll_usb.o
                0x0000000008004048                USB_EPSetStall
 .text.USB_EPClearStall
                0x00000000080040a0       0x58 Drivers/STM32F4xx_HAL_Driver/Src/stm32f4xx_ll_usb.o
                0x00000000080040a0                USB_EPClearStall
 .text.USB_SetDevAddress
                0x00000000080040f8       0x20 Drivers/STM32F4xx_HAL_Driver/Src/stm32f4xx_ll_usb.o
                0x00000000080040f8                USB_SetDevAddress
 .text.USB_DevConnect
                0x0000000008004118       0x18 Drivers/STM32F4xx_HAL_Driver/Src/stm32f4xx_ll_usb.o
                0x0000000008004118                USB_DevConnect
 .text.USB_DevDisconnect
                0x0000000008004130       0x18 Drivers/STM32F4xx_HAL_Driver/Src/stm32f4xx_ll_usb.o
                0x0000000008004130                USB_DevDisconnect
 .text.USB_ReadInterrupts
                0x0000000008004148        0x8 Drivers/STM32F4xx_HAL_Driver/Src/stm32f4xx_ll_usb.o
                0x0000000008004148                USB_ReadInterrupts
 .text.USB_ReadDevAllOutEpInterrupt
                0x0000000008004150       0x10 Drivers/STM32F4xx_HAL_Driver/Src/stm32f4xx_ll_usb.o
                0x0000000008004150                USB_ReadDevAllOutEpInterrupt
 .text.USB_ReadDevAllInEpInterrupt
                0x0000000008004160       0x10 Drivers/STM32F4xx_HAL_Driver/Src/stm32f4xx_ll_usb.o
                0x0000000008004160                USB_ReadDevAllInEpInterrupt
 .text.USB_ReadDevOutEPInterrupt
                0x0000000008004170       0x14 Drivers/STM32F4xx_HAL_Driver/Src/stm32f4xx_ll_usb.o
                0x0000000008004170                USB_ReadDevOutEPInterrupt
 .text.USB_ReadDevInEPInterrupt
                0x0000000008004184       0x28 Drivers/STM32F4xx_HAL_Driver/Src/stm32f4xx_ll_usb.o
                0x0000000008004184                USB_ReadDevInEPInterrupt
 .text.USB_GetMode
                0x00000000080041ac        0x8 Drivers/STM32F4xx_HAL_Driver/Src/stm32f4xx_ll_usb.o
                0x00000000080041ac                USB_GetMode
 .text.USB_ActivateSetup
                0x00000000080041b4       0x20 Drivers/STM32F4xx_HAL_Driver/Src/stm32f4xx_ll_usb.o
                0x00000000080041b4                USB_ActivateSetup
 .text.USB_EP0_OutStart
                0x00000000080041d4       0x50 Drivers/STM32F4xx_HAL_Driver/Src/stm32f4xx_ll_usb.o
                0x00000000080041d4                USB_EP0_OutStart
 .text.USBD_CDC_EP0_RxReady
                0x0000000008004224       0x2c Middlewares/ST/STM32_USB_Device_Library/Class/CDC/Src/usbd_cdc.o
 .text.USBD_CDC_GetFSCfgDesc
                0x0000000008004250        0xc Middlewares/ST/STM32_USB_Device_Library/Class/CDC/Src/usbd_cdc.o
 .text.USBD_CDC_GetHSCfgDesc
                0x000000000800425c        0xc Middlewares/ST/STM32_USB_Device_Library/Class/CDC/Src/usbd_cdc.o
 .text.USBD_CDC_GetOtherSpeedCfgDesc
                0x0000000008004268        0xc Middlewares/ST/STM32_USB_Device_Library/Class/CDC/Src/usbd_cdc.o
 .text.USBD_CDC_GetDeviceQualifierDescriptor
                0x0000000008004274        0xc Middlewares/ST/STM32_USB_Device_Library/Class/CDC/Src/usbd_cdc.o
                0x0000000008004274                USBD_CDC_GetDeviceQualifierDescriptor
 .text.USBD_CDC_DataOut
                0x0000000008004280       0x2c Middlewares/ST/STM32_USB_Device_Library/Class/CDC/Src/usbd_cdc.o
 .text.USBD_CDC_DataIn
                0x00000000080042ac       0x60 Middlewares/ST/STM32_USB_Device_Library/Class/CDC/Src/usbd_cdc.o
 .text.USBD_CDC_Setup
                0x000000000800430c      0x100 Middlewares/ST/STM32_USB_Device_Library/Class/CDC/Src/usbd_cdc.o
 .text.USBD_CDC_DeInit
                0x000000000800440c       0x44 Middlewares/ST/STM32_USB_Device_Library/Class/CDC/Src/usbd_cdc.o
 .text.USBD_CDC_Init
                0x0000000008004450       0xb8 Middlewares/ST/STM32_USB_Device_Library/Class/CDC/Src/usbd_cdc.o
 .text.USBD_CDC_RegisterInterface
                0x0000000008004508       0x10 Middlewares/ST/STM32_USB_Device_Library/Class/CDC/Src/usbd_cdc.o
                0x0000000008004508                USBD_CDC_RegisterInterface
 .text.USBD_CDC_SetTxBuffer
                0x0000000008004518       0x10 Middlewares/ST/STM32_USB_Device_Library/Class/CDC/Src/usbd_cdc.o
                0x0000000008004518                USBD_CDC_SetTxBuffer
 .text.USBD_CDC_SetRxBuffer
                0x0000000008004528        0xc Middlewares/ST/STM32_USB_Device_Library/Class/CDC/Src/usbd_cdc.o
                0x0000000008004528                USBD_CDC_SetRxBuffer
 .text.USBD_CDC_TransmitPacket
                0x0000000008004534       0x30 Middlewares/ST/STM32_USB_Device_Library/Class/CDC/Src/usbd_cdc.o
                0x0000000008004534                USBD_CDC_TransmitPacket
 .text.USBD_CDC_ReceivePacket
                0x0000000008004564       0x30 Middlewares/ST/STM32_USB_Device_Library/Class/CDC/Src/usbd_cdc.o
                0x0000000008004564                USBD_CDC_ReceivePacket
 .text.USBD_Init
                0x0000000008004594       0x30 Middlewares/ST/STM32_USB_Device_Library/Core/Src/usbd_core.o
                0x0000000008004594                USBD_Init
 .text.USBD_RegisterClass
                0x00000000080045c4       0x28 Middlewares/ST/STM32_USB_Device_Library/Core/Src/usbd_core.o
                0x00000000080045c4                USBD_RegisterClass
 .text.USBD_Start
                0x00000000080045ec        0x4 Middlewares/ST/STM32_USB_Device_Library/Core/Src/usbd_core.o
                0x00000000080045ec                USBD_Start
 .text.USBD_SetClassConfig
                0x00000000080045f0       0x10 Middlewares/ST/STM32_USB_Device_Library/Core/Src/usbd_core.o
                0x00000000080045f0                USBD_SetClassConfig
 .text.USBD_ClrClassConfig
                0x0000000008004600       0x10 Middlewares/ST/STM32_USB_Device_Library/Core/Src/usbd_core.o
                0x0000000008004600                USBD_ClrClassConfig
 .text.USBD_LL_SetupStage
                0x0000000008004610       0x60 Middlewares/ST/STM32_USB_Device_Library/Core/Src/usbd_core.o
                0x0000000008004610                USBD_LL_SetupStage
 .text.USBD_LL_DataOutStage
                0x0000000008004670       0x6c Middlewares/ST/STM32_USB_Device_Library/Core/Src/usbd_core.o
                0x0000000008004670                USBD_LL_DataOutStage
 .text.USBD_LL_DataInStage
                0x00000000080046dc       0xc4 Middlewares/ST/STM32_USB_Device_Library/Core/Src/usbd_core.o
                0x00000000080046dc                USBD_LL_DataInStage
 .text.USBD_LL_Reset
                0x00000000080047a0       0x50 Middlewares/ST/STM32_USB_Device_Library/Core/Src/usbd_core.o
                0x00000000080047a0                USBD_LL_Reset
 .text.USBD_LL_SetSpeed
                0x00000000080047f0        0x8 Middlewares/ST/STM32_USB_Device_Library/Core/Src/usbd_core.o
                0x00000000080047f0                USBD_LL_SetSpeed
 .text.USBD_LL_Suspend
                0x00000000080047f8       0x14 Middlewares/ST/STM32_USB_Device_Library/Core/Src/usbd_core.o
                0x00000000080047f8                USBD_LL_Suspend
 .text.USBD_LL_Resume
                0x000000000800480c       0x14 Middlewares/ST/STM32_USB_Device_Library/Core/Src/usbd_core.o
                0x000000000800480c                USBD_LL_Resume
 .text.USBD_LL_SOF
                0x0000000008004820       0x1c Middlewares/ST/STM32_USB_Device_Library/Core/Src/usbd_core.o
                0x0000000008004820                USBD_LL_SOF
 .text.USBD_LL_IsoINIncomplete
                0x000000000800483c        0x4 Middlewares/ST/STM32_USB_Device_Library/Core/Src/usbd_core.o
                0x000000000800483c                USBD_LL_IsoINIncomplete
 .text.USBD_LL_IsoOUTIncomplete
                0x0000000008004840        0x4 Middlewares/ST/STM32_USB_Device_Library/Core/Src/usbd_core.o
                0x0000000008004840                USBD_LL_IsoOUTIncomplete
 .text.USBD_LL_DevConnected
                0x0000000008004844        0x4 Middlewares/ST/STM32_USB_Device_Library/Core/Src/usbd_core.o
                0x0000000008004844                USBD_LL_DevConnected
 .text.USBD_LL_DevDisconnected
                0x0000000008004848       0x1c Middlewares/ST/STM32_USB_Device_Library/Core/Src/usbd_core.o
                0x0000000008004848                USBD_LL_DevDisconnected
 .text.USBD_StdDevReq
                0x0000000008004864      0x344 Middlewares/ST/STM32_USB_Device_Library/Core/Src/usbd_ctlreq.o
                0x0000000008004864                USBD_StdDevReq
 .text.USBD_StdItfReq
                0x0000000008004ba8       0x5c Middlewares/ST/STM32_USB_Device_Library/Core/Src/usbd_ctlreq.o
                0x0000000008004ba8                USBD_StdItfReq
 .text.USBD_StdEPReq
                0x0000000008004c04      0x134 Middlewares/ST/STM32_USB_Device_Library/Core/Src/usbd_ctlreq.o
                0x0000000008004c04                USBD_StdEPReq
 .text.USBD_ParseSetupRequest
                0x0000000008004d38       0x28 Middlewares/ST/STM32_USB_Device_Library/Core/Src/usbd_ctlreq.o
                0x0000000008004d38                USBD_ParseSetupRequest
 .text.USBD_CtlError
                0x0000000008004d60       0x18 Middlewares/ST/STM32_USB_Device_Library/Core/Src/usbd_ctlreq.o
                0x0000000008004d60                USBD_CtlError
 .text.USBD_GetString
                0x0000000008004d78       0x4c Middlewares/ST/STM32_USB_Device_Library/Core/Src/usbd_ctlreq.o
                0x0000000008004d78                USBD_GetString
 .text.USBD_CtlSendData
                0x0000000008004dc4       0x1c Middlewares/ST/STM32_USB_Device_Library/Core/Src/usbd_ioreq.o
                0x0000000008004dc4                USBD_CtlSendData
 .text.USBD_CtlContinueSendData
                0x0000000008004de0       0x10 Middlewares/ST/STM32_USB_Device_Library/Core/Src/usbd_ioreq.o
                0x0000000008004de0                USBD_CtlContinueSendData
 .text.USBD_CtlPrepareRx
                0x0000000008004df0       0x20 Middlewares/ST/STM32_USB_Device_Library/Core/Src/usbd_ioreq.o
                0x0000000008004df0                USBD_CtlPrepareRx
 .text.USBD_CtlContinueRx
                0x0000000008004e10       0x10 Middlewares/ST/STM32_USB_Device_Library/Core/Src/usbd_ioreq.o
                0x0000000008004e10                USBD_CtlContinueRx
 .text.USBD_CtlSendStatus
                0x0000000008004e20       0x18 Middlewares/ST/STM32_USB_Device_Library/Core/Src/usbd_ioreq.o
                0x0000000008004e20                USBD_CtlSendStatus
 .text.USBD_CtlReceiveStatus
                0x0000000008004e38       0x18 Middlewares/ST/STM32_USB_Device_Library/Core/Src/usbd_ioreq.o
                0x0000000008004e38                USBD_CtlReceiveStatus
 .text.osKernelStart
                0x0000000008004e50        0xc Middlewares/Third_Party/FreeRTOS/Source/CMSIS_RTOS/cmsis_os.o
                0x0000000008004e50                osKernelStart
 .text.osThreadCreate
                0x0000000008004e5c       0x54 Middlewares/Third_Party/FreeRTOS/Source/CMSIS_RTOS/cmsis_os.o
                0x0000000008004e5c                osThreadCreate
 .text.osDelay  0x0000000008004eb0       0x10 Middlewares/Third_Party/FreeRTOS/Source/CMSIS_RTOS/cmsis_os.o
                0x0000000008004eb0                osDelay
 .text.vListInitialise
                0x0000000008004ec0       0x18 Middlewares/Third_Party/FreeRTOS/Source/list.o
                0x0000000008004ec0                vListInitialise
 .text.vListInitialiseItem
                0x0000000008004ed8        0x8 Middlewares/Third_Party/FreeRTOS/Source/list.o
                0x0000000008004ed8                vListInitialiseItem
 .text.vListInsertEnd
                0x0000000008004ee0       0x20 Middlewares/Third_Party/FreeRTOS/Source/list.o
                0x0000000008004ee0                vListInsertEnd
 .text.vListInsert
                0x0000000008004f00       0x34 Middlewares/Third_Party/FreeRTOS/Source/list.o
                0x0000000008004f00                vListInsert
 .text.uxListRemove
                0x0000000008004f34       0x28 Middlewares/Third_Party/FreeRTOS/Source/list.o
                0x0000000008004f34                uxListRemove
 .text.prvAddNewTaskToReadyList
                0x0000000008004f5c      0x118 Middlewares/Third_Party/FreeRTOS/Source/tasks.o
 .text.prvInitialiseNewTask.isra.2
                0x0000000008005074      0x118 Middlewares/Third_Party/FreeRTOS/Source/tasks.o
 .text.prvAddCurrentTaskToDelayedList
                0x000000000800518c       0x8c Middlewares/Third_Party/FreeRTOS/Source/tasks.o
 .text.prvIdleTask
                0x0000000008005218       0xa0 Middlewares/Third_Party/FreeRTOS/Source/tasks.o
 .text.xTaskCreateStatic
                0x00000000080052b8       0x70 Middlewares/Third_Party/FreeRTOS/Source/tasks.o
                0x00000000080052b8                xTaskCreateStatic
 .text.xTaskCreate
                0x0000000008005328      0x158 Middlewares/Third_Party/FreeRTOS/Source/tasks.o
                0x0000000008005328                xTaskCreate
 .text.vTaskStartScheduler
                0x0000000008005480       0xc4 Middlewares/Third_Party/FreeRTOS/Source/tasks.o
                0x0000000008005480                vTaskStartScheduler
 .text.vTaskSuspendAll
                0x0000000008005544       0x10 Middlewares/Third_Party/FreeRTOS/Source/tasks.o
                0x0000000008005544                vTaskSuspendAll
 .text.xTaskIncrementTick
                0x0000000008005554      0x158 Middlewares/Third_Party/FreeRTOS/Source/tasks.o
                0x0000000008005554                xTaskIncrementTick
 .text.xTaskResumeAll
                0x00000000080056ac      0x114 Middlewares/Third_Party/FreeRTOS/Source/tasks.o
                0x00000000080056ac                xTaskResumeAll
 .text.vTaskDelay
                0x00000000080057c0       0x48 Middlewares/Third_Party/FreeRTOS/Source/tasks.o
                0x00000000080057c0                vTaskDelay
 .text.vTaskSwitchContext
                0x0000000008005808       0x7c Middlewares/Third_Party/FreeRTOS/Source/tasks.o
                0x0000000008005808                vTaskSwitchContext
 .text.prvTaskExitError
                0x0000000008005884       0x40 Middlewares/Third_Party/FreeRTOS/Source/portable/GCC/ARM_CM4F/port.o
 .text.unlikely.prvPortStartFirstTask
                0x00000000080058c4       0x28 Middlewares/Third_Party/FreeRTOS/Source/portable/GCC/ARM_CM4F/port.o
 .text.unlikely.vPortEnableVFP
                0x00000000080058ec       0x14 Middlewares/Third_Party/FreeRTOS/Source/portable/GCC/ARM_CM4F/port.o
 .text.pxPortInitialiseStack
                0x0000000008005900       0x2c Middlewares/Third_Party/FreeRTOS/Source/portable/GCC/ARM_CM4F/port.o
                0x0000000008005900                pxPortInitialiseStack
 *fill*         0x000000000800592c        0x4 
 .text.SVC_Handler
                0x0000000008005930       0x24 Middlewares/Third_Party/FreeRTOS/Source/portable/GCC/ARM_CM4F/port.o
                0x0000000008005930                SVC_Handler
 .text.vPortEnterCritical
                0x0000000008005954       0x44 Middlewares/Third_Party/FreeRTOS/Source/portable/GCC/ARM_CM4F/port.o
                0x0000000008005954                vPortEnterCritical
 .text.vPortExitCritical
                0x0000000008005998       0x28 Middlewares/Third_Party/FreeRTOS/Source/portable/GCC/ARM_CM4F/port.o
                0x0000000008005998                vPortExitCritical
 .text.PendSV_Handler
                0x00000000080059c0       0x64 Middlewares/Third_Party/FreeRTOS/Source/portable/GCC/ARM_CM4F/port.o
                0x00000000080059c0                PendSV_Handler
 .text.SysTick_Handler
                0x0000000008005a24       0x2c Middlewares/Third_Party/FreeRTOS/Source/portable/GCC/ARM_CM4F/port.o
                0x0000000008005a24                SysTick_Handler
 .text.vPortSetupTimerInterrupt
                0x0000000008005a50       0x3c Middlewares/Third_Party/FreeRTOS/Source/portable/GCC/ARM_CM4F/port.o
                0x0000000008005a50                vPortSetupTimerInterrupt
 .text.xPortStartScheduler
                0x0000000008005a8c      0x110 Middlewares/Third_Party/FreeRTOS/Source/portable/GCC/ARM_CM4F/port.o
                0x0000000008005a8c                xPortStartScheduler
 .text.unlikely.prvInsertBlockIntoFreeList
                0x0000000008005b9c       0x50 Middlewares/Third_Party/FreeRTOS/Source/portable/MemMang/heap_4.o
 .text.pvPortMalloc
                0x0000000008005bec      0x118 Middlewares/Third_Party/FreeRTOS/Source/portable/MemMang/heap_4.o
                0x0000000008005bec                pvPortMalloc
 .text.vPortFree
                0x0000000008005d04       0x70 Middlewares/Third_Party/FreeRTOS/Source/portable/MemMang/heap_4.o
                0x0000000008005d04                vPortFree
 .text.vApplicationGetIdleTaskMemory
                0x0000000008005d74       0x1c Src/freertos.o
                0x0000000008005d74                vApplicationGetIdleTaskMemory
 .text.StartTask06
                0x0000000008005d90        0xc Src/main.o
                0x0000000008005d90                StartTask06
 .text.StartDefaultTask
                0x0000000008005d9c       0x1c Src/main.o
                0x0000000008005d9c                StartDefaultTask
 .text.StartTask02
                0x0000000008005db8       0x24 Src/main.o
                0x0000000008005db8                StartTask02
 .text.StartTask03
                0x0000000008005ddc      0x118 Src/main.o
                0x0000000008005ddc                StartTask03
 .text.StartTask04
                0x0000000008005ef4       0x10 Src/main.o
                0x0000000008005ef4                StartTask04
 .text.StartTask05
                0x0000000008005f04       0x10 Src/main.o
                0x0000000008005f04                StartTask05
 .text.SystemClock_Config
                0x0000000008005f14       0x94 Src/main.o
                0x0000000008005f14                SystemClock_Config
 .text.startup.main
                0x0000000008005fa8      0x274 Src/main.o
                0x0000000008005fa8                main
 .text.HAL_CAN_RxFifo0MsgPendingCallback
                0x000000000800621c      0x164 Src/main.o
                0x000000000800621c                HAL_CAN_RxFifo0MsgPendingCallback
 .text.HAL_TIM_PeriodElapsedCallback
                0x0000000008006380       0x24 Src/main.o
                0x0000000008006380                HAL_TIM_PeriodElapsedCallback
 .text.Error_Handler
                0x00000000080063a4        0x4 Src/main.o
                0x00000000080063a4                Error_Handler
 .text.MPU9250_init
                0x00000000080063a8       0xa8 Src/mpu9250_usr.o
                0x00000000080063a8                MPU9250_init
 .text.MPU9250_calibrate
                0x0000000008006450      0x4a4 Src/mpu9250_usr.o
                0x0000000008006450                MPU9250_calibrate
 .text.MPU9250_getAllData
                0x00000000080068f4      0x2ec Src/mpu9250_usr.o
                0x00000000080068f4                MPU9250_getAllData
 .text.HAL_MspInit
                0x0000000008006be0       0x58 Src/stm32f4xx_hal_msp.o
                0x0000000008006be0                HAL_MspInit
 .text.HAL_CAN_MspInit
                0x0000000008006c38       0x8c Src/stm32f4xx_hal_msp.o
                0x0000000008006c38                HAL_CAN_MspInit
 .text.HAL_I2C_MspInit
                0x0000000008006cc4       0x84 Src/stm32f4xx_hal_msp.o
                0x0000000008006cc4                HAL_I2C_MspInit
 .text.HAL_InitTick
                0x0000000008006d48       0x80 Src/stm32f4xx_hal_timebase_tim.o
                0x0000000008006d48                HAL_InitTick
 .text.NMI_Handler
                0x0000000008006dc8        0x4 Src/stm32f4xx_it.o
                0x0000000008006dc8                NMI_Handler
 .text.HardFault_Handler
                0x0000000008006dcc        0x4 Src/stm32f4xx_it.o
                0x0000000008006dcc                HardFault_Handler
 .text.MemManage_Handler
                0x0000000008006dd0        0x4 Src/stm32f4xx_it.o
                0x0000000008006dd0                MemManage_Handler
 .text.BusFault_Handler
                0x0000000008006dd4        0x4 Src/stm32f4xx_it.o
                0x0000000008006dd4                BusFault_Handler
 .text.UsageFault_Handler
                0x0000000008006dd8        0x4 Src/stm32f4xx_it.o
                0x0000000008006dd8                UsageFault_Handler
 .text.DebugMon_Handler
                0x0000000008006ddc        0x4 Src/stm32f4xx_it.o
                0x0000000008006ddc                DebugMon_Handler
 .text.RCC_IRQHandler
                0x0000000008006de0        0x4 Src/stm32f4xx_it.o
                0x0000000008006de0                RCC_IRQHandler
 .text.CAN1_RX0_IRQHandler
                0x0000000008006de4        0xc Src/stm32f4xx_it.o
                0x0000000008006de4                CAN1_RX0_IRQHandler
 .text.CAN1_RX1_IRQHandler
                0x0000000008006df0        0xc Src/stm32f4xx_it.o
                0x0000000008006df0                CAN1_RX1_IRQHandler
 .text.TIM3_IRQHandler
                0x0000000008006dfc       0x1c Src/stm32f4xx_it.o
                0x0000000008006dfc                TIM3_IRQHandler
 .text.I2C1_EV_IRQHandler
                0x0000000008006e18        0xc Src/stm32f4xx_it.o
                0x0000000008006e18                I2C1_EV_IRQHandler
 .text.OTG_FS_IRQHandler
                0x0000000008006e24        0xc Src/stm32f4xx_it.o
                0x0000000008006e24                OTG_FS_IRQHandler
 .text._sbrk    0x0000000008006e30       0x3c Src/syscalls.o
                0x0000000008006e30                _sbrk
 .text.SystemInit
                0x0000000008006e6c       0x1c Src/system_stm32f4xx.o
                0x0000000008006e6c                SystemInit
 .text.MX_USB_DEVICE_Init
                0x0000000008006e88       0x58 Src/usb_device.o
                0x0000000008006e88                MX_USB_DEVICE_Init
 .text.CDC_DeInit_FS
                0x0000000008006ee0        0x4 Src/usbd_cdc_if.o
 .text.CDC_Control_FS
                0x0000000008006ee4        0x4 Src/usbd_cdc_if.o
 .text.CDC_TransmitCplt_FS
                0x0000000008006ee8        0x4 Src/usbd_cdc_if.o
 .text.CDC_Receive_FS
                0x0000000008006eec       0x64 Src/usbd_cdc_if.o
 .text.CDC_Init_FS
                0x0000000008006f50       0x2c Src/usbd_cdc_if.o
 .text.CDC_Transmit_FS
                0x0000000008006f7c       0x2c Src/usbd_cdc_if.o
                0x0000000008006f7c                CDC_Transmit_FS
 .text.HAL_PCD_MspInit
                0x0000000008006fa8       0x84 Src/usbd_conf.o
                0x0000000008006fa8                HAL_PCD_MspInit
 .text.HAL_PCD_SetupStageCallback
                0x000000000800702c        0xc Src/usbd_conf.o
                0x000000000800702c                HAL_PCD_SetupStageCallback
 .text.HAL_PCD_DataOutStageCallback
                0x0000000008007038       0x14 Src/usbd_conf.o
                0x0000000008007038                HAL_PCD_DataOutStageCallback
 .text.HAL_PCD_DataInStageCallback
                0x000000000800704c       0x14 Src/usbd_conf.o
                0x000000000800704c                HAL_PCD_DataInStageCallback
 .text.HAL_PCD_SOFCallback
                0x0000000008007060        0x8 Src/usbd_conf.o
                0x0000000008007060                HAL_PCD_SOFCallback
 .text.HAL_PCD_ResetCallback
                0x0000000008007068       0x2c Src/usbd_conf.o
                0x0000000008007068                HAL_PCD_ResetCallback
 .text.HAL_PCD_SuspendCallback
                0x0000000008007094       0x30 Src/usbd_conf.o
                0x0000000008007094                HAL_PCD_SuspendCallback
 .text.HAL_PCD_ResumeCallback
                0x00000000080070c4        0x8 Src/usbd_conf.o
                0x00000000080070c4                HAL_PCD_ResumeCallback
 .text.HAL_PCD_ISOOUTIncompleteCallback
                0x00000000080070cc        0x8 Src/usbd_conf.o
                0x00000000080070cc                HAL_PCD_ISOOUTIncompleteCallback
 .text.HAL_PCD_ISOINIncompleteCallback
                0x00000000080070d4        0x8 Src/usbd_conf.o
                0x00000000080070d4                HAL_PCD_ISOINIncompleteCallback
 .text.HAL_PCD_ConnectCallback
                0x00000000080070dc        0x8 Src/usbd_conf.o
                0x00000000080070dc                HAL_PCD_ConnectCallback
 .text.HAL_PCD_DisconnectCallback
                0x00000000080070e4        0x8 Src/usbd_conf.o
                0x00000000080070e4                HAL_PCD_DisconnectCallback
 .text.USBD_LL_Init
                0x00000000080070ec       0x64 Src/usbd_conf.o
                0x00000000080070ec                USBD_LL_Init
 .text.USBD_LL_Start
                0x0000000008007150       0x1c Src/usbd_conf.o
                0x0000000008007150                USBD_LL_Start
 .text.USBD_LL_OpenEP
                0x000000000800716c       0x20 Src/usbd_conf.o
                0x000000000800716c                USBD_LL_OpenEP
 .text.USBD_LL_CloseEP
                0x000000000800718c       0x1c Src/usbd_conf.o
                0x000000000800718c                USBD_LL_CloseEP
 .text.USBD_LL_StallEP
                0x00000000080071a8       0x1c Src/usbd_conf.o
                0x00000000080071a8                USBD_LL_StallEP
 .text.USBD_LL_ClearStallEP
                0x00000000080071c4       0x1c Src/usbd_conf.o
                0x00000000080071c4                USBD_LL_ClearStallEP
 .text.USBD_LL_IsStallEP
                0x00000000080071e0       0x28 Src/usbd_conf.o
                0x00000000080071e0                USBD_LL_IsStallEP
 .text.USBD_LL_SetUSBAddress
                0x0000000008007208       0x1c Src/usbd_conf.o
                0x0000000008007208                USBD_LL_SetUSBAddress
 .text.USBD_LL_Transmit
                0x0000000008007224       0x1c Src/usbd_conf.o
                0x0000000008007224                USBD_LL_Transmit
 .text.USBD_LL_PrepareReceive
                0x0000000008007240       0x1c Src/usbd_conf.o
                0x0000000008007240                USBD_LL_PrepareReceive
 .text.USBD_LL_GetRxDataSize
                0x000000000800725c        0x8 Src/usbd_conf.o
                0x000000000800725c                USBD_LL_GetRxDataSize
 .text.USBD_FS_DeviceDescriptor
                0x0000000008007264        0xc Src/usbd_desc.o
                0x0000000008007264                USBD_FS_DeviceDescriptor
 .text.USBD_FS_LangIDStrDescriptor
                0x0000000008007270        0xc Src/usbd_desc.o
                0x0000000008007270                USBD_FS_LangIDStrDescriptor
 .text.USBD_FS_ManufacturerStrDescriptor
                0x000000000800727c       0x1c Src/usbd_desc.o
                0x000000000800727c                USBD_FS_ManufacturerStrDescriptor
 .text.USBD_FS_ProductStrDescriptor
                0x0000000008007298       0x1c Src/usbd_desc.o
                0x0000000008007298                USBD_FS_ProductStrDescriptor
 .text.USBD_FS_ConfigStrDescriptor
                0x00000000080072b4       0x1c Src/usbd_desc.o
                0x00000000080072b4                USBD_FS_ConfigStrDescriptor
 .text.USBD_FS_InterfaceStrDescriptor
                0x00000000080072d0       0x1c Src/usbd_desc.o
                0x00000000080072d0                USBD_FS_InterfaceStrDescriptor
 .text.USBD_FS_SerialStrDescriptor
                0x00000000080072ec      0x124 Src/usbd_desc.o
                0x00000000080072ec                USBD_FS_SerialStrDescriptor
 .text._ZN3ros16normalizeSecNSecERmS0_
                0x0000000008007410       0x28 ros_lib/time.o
                0x0000000008007410                ros::normalizeSecNSec(unsigned long&, unsigned long&)
 .text.Reset_Handler
                0x0000000008007438       0x50 startup/startup_stm32f405xx.o
                0x0000000008007438                Reset_Handler
 .text.Default_Handler
                0x0000000008007488        0x2 startup/startup_stm32f405xx.o
                0x0000000008007488                RTC_Alarm_IRQHandler
                0x0000000008007488                HASH_RNG_IRQHandler
                0x0000000008007488                EXTI2_IRQHandler
                0x0000000008007488                TIM8_CC_IRQHandler
                0x0000000008007488                TIM1_CC_IRQHandler
                0x0000000008007488                DMA2_Stream5_IRQHandler
                0x0000000008007488                DMA1_Stream5_IRQHandler
                0x0000000008007488                PVD_IRQHandler
                0x0000000008007488                SDIO_IRQHandler
                0x0000000008007488                TAMP_STAMP_IRQHandler
                0x0000000008007488                CAN2_RX1_IRQHandler
                0x0000000008007488                EXTI3_IRQHandler
                0x0000000008007488                TIM8_TRG_COM_TIM14_IRQHandler
                0x0000000008007488                TIM1_UP_TIM10_IRQHandler
                0x0000000008007488                TIM8_UP_TIM13_IRQHandler
                0x0000000008007488                I2C3_ER_IRQHandler
                0x0000000008007488                EXTI0_IRQHandler
                0x0000000008007488                I2C2_EV_IRQHandler
                0x0000000008007488                DMA1_Stream2_IRQHandler
                0x0000000008007488                FPU_IRQHandler
                0x0000000008007488                OTG_HS_WKUP_IRQHandler
                0x0000000008007488                CAN2_SCE_IRQHandler
                0x0000000008007488                DMA2_Stream2_IRQHandler
                0x0000000008007488                SPI1_IRQHandler
                0x0000000008007488                TIM6_DAC_IRQHandler
                0x0000000008007488                TIM1_BRK_TIM9_IRQHandler
                0x0000000008007488                CAN2_RX0_IRQHandler
                0x0000000008007488                DMA2_Stream3_IRQHandler
                0x0000000008007488                USART6_IRQHandler
                0x0000000008007488                USART3_IRQHandler
                0x0000000008007488                UART5_IRQHandler
                0x0000000008007488                DMA2_Stream0_IRQHandler
                0x0000000008007488                TIM4_IRQHandler
                0x0000000008007488                DMA1_Stream6_IRQHandler
                0x0000000008007488                DMA1_Stream1_IRQHandler
                0x0000000008007488                UART4_IRQHandler
                0x0000000008007488                TIM8_BRK_TIM12_IRQHandler
                0x0000000008007488                Default_Handler
                0x0000000008007488                EXTI15_10_IRQHandler
                0x0000000008007488                ADC_IRQHandler
                0x0000000008007488                DMA1_Stream7_IRQHandler
                0x0000000008007488                TIM7_IRQHandler
                0x0000000008007488                CAN2_TX_IRQHandler
                0x0000000008007488                TIM5_IRQHandler
                0x0000000008007488                DMA2_Stream7_IRQHandler
                0x0000000008007488                I2C3_EV_IRQHandler
                0x0000000008007488                EXTI9_5_IRQHandler
                0x0000000008007488                RTC_WKUP_IRQHandler
                0x0000000008007488                SPI2_IRQHandler
                0x0000000008007488                OTG_HS_EP1_IN_IRQHandler
                0x0000000008007488                DMA1_Stream0_IRQHandler
                0x0000000008007488                CAN1_TX_IRQHandler
                0x0000000008007488                EXTI4_IRQHandler
                0x0000000008007488                FSMC_IRQHandler
                0x0000000008007488                OTG_HS_EP1_OUT_IRQHandler
                0x0000000008007488                WWDG_IRQHandler
                0x0000000008007488                TIM2_IRQHandler
                0x0000000008007488                OTG_FS_WKUP_IRQHandler
                0x0000000008007488                TIM1_TRG_COM_TIM11_IRQHandler
                0x0000000008007488                OTG_HS_IRQHandler
                0x0000000008007488                EXTI1_IRQHandler
                0x0000000008007488                USART2_IRQHandler
                0x0000000008007488                I2C2_ER_IRQHandler
                0x0000000008007488                DMA2_Stream1_IRQHandler
                0x0000000008007488                CAN1_SCE_IRQHandler
                0x0000000008007488                FLASH_IRQHandler
                0x0000000008007488                DMA2_Stream4_IRQHandler
                0x0000000008007488                USART1_IRQHandler
                0x0000000008007488                SPI3_IRQHandler
                0x0000000008007488                DMA1_Stream4_IRQHandler
                0x0000000008007488                I2C1_ER_IRQHandler
                0x0000000008007488                DMA2_Stream6_IRQHandler
                0x0000000008007488                DMA1_Stream3_IRQHandler
 *fill*         0x000000000800748a        0x2 
 .text._ZNK8std_msgs4Time9serializeEPh
                0x000000000800748c       0x28 usr/cpp_main.o
                0x000000000800748c                std_msgs::Time::serialize(unsigned char*) const
 .text._ZN8std_msgs4Time11deserializeEPh
                0x00000000080074b4       0x3c usr/cpp_main.o
                0x00000000080074b4                std_msgs::Time::deserialize(unsigned char*)
 .text._ZN8std_msgs4Time7getTypeEv
                0x00000000080074f0        0x8 usr/cpp_main.o
                0x00000000080074f0                std_msgs::Time::getType()
 .text._ZN8std_msgs4Time6getMD5Ev
                0x00000000080074f8        0x8 usr/cpp_main.o
                0x00000000080074f8                std_msgs::Time::getMD5()
 .text._ZN14rosserial_msgs9TopicInfo11deserializeEPh
                0x0000000008007500      0x100 usr/cpp_main.o
                0x0000000008007500                rosserial_msgs::TopicInfo::deserialize(unsigned char*)
 .text._ZN14rosserial_msgs9TopicInfo7getTypeEv
                0x0000000008007600        0x8 usr/cpp_main.o
                0x0000000008007600                rosserial_msgs::TopicInfo::getType()
 .text._ZN14rosserial_msgs9TopicInfo6getMD5Ev
                0x0000000008007608        0x8 usr/cpp_main.o
                0x0000000008007608                rosserial_msgs::TopicInfo::getMD5()
 .text._ZN14rosserial_msgs3Log11deserializeEPh
                0x0000000008007610       0x40 usr/cpp_main.o
                0x0000000008007610                rosserial_msgs::Log::deserialize(unsigned char*)
 .text._ZN14rosserial_msgs3Log7getTypeEv
                0x0000000008007650        0x8 usr/cpp_main.o
                0x0000000008007650                rosserial_msgs::Log::getType()
 .text._ZN14rosserial_msgs3Log6getMD5Ev
                0x0000000008007658        0x8 usr/cpp_main.o
                0x0000000008007658                rosserial_msgs::Log::getMD5()
 .text._ZN14rosserial_msgs20RequestParamResponse7getTypeEv
                0x0000000008007660        0x8 usr/cpp_main.o
                0x0000000008007660                rosserial_msgs::RequestParamResponse::getType()
 .text._ZN14rosserial_msgs20RequestParamResponse6getMD5Ev
                0x0000000008007668        0x8 usr/cpp_main.o
                0x0000000008007668                rosserial_msgs::RequestParamResponse::getMD5()
 .text._ZNK8std_msgs4Int89serializeEPh
                0x0000000008007670        0x8 usr/cpp_main.o
                0x0000000008007670                std_msgs::Int8::serialize(unsigned char*) const
 .text._ZN8std_msgs4Int811deserializeEPh
                0x0000000008007678        0x8 usr/cpp_main.o
                0x0000000008007678                std_msgs::Int8::deserialize(unsigned char*)
 .text._ZN8std_msgs4Int87getTypeEv
                0x0000000008007680        0x8 usr/cpp_main.o
                0x0000000008007680                std_msgs::Int8::getType()
 .text._ZN8std_msgs4Int86getMD5Ev
                0x0000000008007688        0x8 usr/cpp_main.o
                0x0000000008007688                std_msgs::Int8::getMD5()
 .text._ZNK8std_msgs5UInt89serializeEPh
                0x0000000008007690        0x8 usr/cpp_main.o
                0x0000000008007690                std_msgs::UInt8::serialize(unsigned char*) const
 .text._ZN8std_msgs5UInt811deserializeEPh
                0x0000000008007698        0x8 usr/cpp_main.o
                0x0000000008007698                std_msgs::UInt8::deserialize(unsigned char*)
 .text._ZN8std_msgs5UInt87getTypeEv
                0x00000000080076a0        0x8 usr/cpp_main.o
                0x00000000080076a0                std_msgs::UInt8::getType()
 .text._ZN8std_msgs5UInt86getMD5Ev
                0x00000000080076a8        0x8 usr/cpp_main.o
                0x00000000080076a8                std_msgs::UInt8::getMD5()
 .text._ZN8std_msgs19MultiArrayDimension11deserializeEPh
                0x00000000080076b0       0x78 usr/cpp_main.o
                0x00000000080076b0                std_msgs::MultiArrayDimension::deserialize(unsigned char*)
 .text._ZN8std_msgs19MultiArrayDimension7getTypeEv
                0x0000000008007728        0x8 usr/cpp_main.o
                0x0000000008007728                std_msgs::MultiArrayDimension::getType()
 .text._ZN8std_msgs19MultiArrayDimension6getMD5Ev
                0x0000000008007730        0x8 usr/cpp_main.o
                0x0000000008007730                std_msgs::MultiArrayDimension::getMD5()
 .text._ZN8std_msgs16MultiArrayLayout7getTypeEv
                0x0000000008007738        0x8 usr/cpp_main.o
                0x0000000008007738                std_msgs::MultiArrayLayout::getType()
 .text._ZN8std_msgs16MultiArrayLayout6getMD5Ev
                0x0000000008007740        0x8 usr/cpp_main.o
                0x0000000008007740                std_msgs::MultiArrayLayout::getMD5()
 .text._ZN8std_msgs15UInt8MultiArray7getTypeEv
                0x0000000008007748        0x8 usr/cpp_main.o
                0x0000000008007748                std_msgs::UInt8MultiArray::getType()
 .text._ZN8std_msgs15UInt8MultiArray6getMD5Ev
                0x0000000008007750        0x8 usr/cpp_main.o
                0x0000000008007750                std_msgs::UInt8MultiArray::getMD5()
 .text._ZN13geometry_msgs7Vector37getTypeEv
                0x0000000008007758        0x8 usr/cpp_main.o
                0x0000000008007758                geometry_msgs::Vector3::getType()
 .text._ZN13geometry_msgs7Vector36getMD5Ev
                0x0000000008007760        0x8 usr/cpp_main.o
                0x0000000008007760                geometry_msgs::Vector3::getMD5()
 .text._ZN8std_msgs6Header11deserializeEPh
                0x0000000008007768       0x94 usr/cpp_main.o
                0x0000000008007768                std_msgs::Header::deserialize(unsigned char*)
 .text._ZN8std_msgs6Header7getTypeEv
                0x00000000080077fc        0x8 usr/cpp_main.o
                0x00000000080077fc                std_msgs::Header::getType()
 .text._ZN8std_msgs6Header6getMD5Ev
                0x0000000008007804        0x8 usr/cpp_main.o
                0x0000000008007804                std_msgs::Header::getMD5()
 .text._ZN11sensor_msgs5Range7getTypeEv
                0x000000000800780c        0x8 usr/cpp_main.o
                0x000000000800780c                sensor_msgs::Range::getType()
 .text._ZN11sensor_msgs5Range6getMD5Ev
                0x0000000008007814        0x8 usr/cpp_main.o
                0x0000000008007814                sensor_msgs::Range::getMD5()
 .text.rpm_rightFront_subCb
                0x000000000800781c       0x3c usr/cpp_main.o
                0x000000000800781c                rpm_rightFront_subCb
 .text.rpm_leftFront_subCb
                0x0000000008007858       0x3c usr/cpp_main.o
                0x0000000008007858                rpm_leftFront_subCb
 .text.rpm_rightBack_subCb
                0x0000000008007894       0x3c usr/cpp_main.o
                0x0000000008007894                rpm_rightBack_subCb
 .text.rpm_leftBack_subCb
                0x00000000080078d0       0x3c usr/cpp_main.o
                0x00000000080078d0                rpm_leftBack_subCb
 .text._ZN3ros11NodeHandle_I13STM32HardwareLi25ELi25ELi512ELi512EE9connectedEv
                0x000000000800790c        0x8 usr/cpp_main.o
                0x000000000800790c                ros::NodeHandle_<STM32Hardware, 25, 25, 512, 512>::connected()
 .text._ZN3ros10SubscriberIN8std_msgs4Int8EvE8callbackEPh
                0x0000000008007914        0xc usr/cpp_main.o
                0x0000000008007914                ros::Subscriber<std_msgs::Int8, void>::callback(unsigned char*)
 .text._ZN3ros10SubscriberIN8std_msgs4Int8EvE15getEndpointTypeEv
                0x0000000008007920        0x4 usr/cpp_main.o
                0x0000000008007920                ros::Subscriber<std_msgs::Int8, void>::getEndpointType()
 .text._ZN3ros10SubscriberIN8std_msgs4Int8EvE10getMsgTypeEv
                0x0000000008007924        0x8 usr/cpp_main.o
                0x0000000008007924                ros::Subscriber<std_msgs::Int8, void>::getMsgType()
 .text._ZN3ros10SubscriberIN8std_msgs4Int8EvE9getMsgMD5Ev
                0x000000000800792c        0x8 usr/cpp_main.o
                0x000000000800792c                ros::Subscriber<std_msgs::Int8, void>::getMsgMD5()
 .text._ZNK8std_msgs6Header9serializeEPh
                0x0000000008007934       0x64 usr/cpp_main.o
                0x0000000008007934                std_msgs::Header::serialize(unsigned char*) const
 .text._ZNK8std_msgs19MultiArrayDimension9serializeEPh
                0x0000000008007998       0x54 usr/cpp_main.o
                0x0000000008007998                std_msgs::MultiArrayDimension::serialize(unsigned char*) const
 .text._ZNK14rosserial_msgs20RequestParamResponse9serializeEPh
                0x00000000080079ec      0x144 usr/cpp_main.o
                0x00000000080079ec                rosserial_msgs::RequestParamResponse::serialize(unsigned char*) const
 .text._ZNK14rosserial_msgs3Log9serializeEPh
                0x0000000008007b30       0x3c usr/cpp_main.o
                0x0000000008007b30                rosserial_msgs::Log::serialize(unsigned char*) const
 .text._ZNK14rosserial_msgs9TopicInfo9serializeEPh
                0x0000000008007b6c       0xac usr/cpp_main.o
                0x0000000008007b6c                rosserial_msgs::TopicInfo::serialize(unsigned char*) const
 .text._ZN14rosserial_msgs20RequestParamResponse11deserializeEPh
                0x0000000008007c18      0x1c0 usr/cpp_main.o
                0x0000000008007c18                rosserial_msgs::RequestParamResponse::deserialize(unsigned char*)
 .text._ZN3ros11NodeHandle_I13STM32HardwareLi25ELi25ELi512ELi512EE7publishEiPKNS_3MsgE
                0x0000000008007dd8       0xb4 usr/cpp_main.o
                0x0000000008007dd8                ros::NodeHandle_<STM32Hardware, 25, 25, 512, 512>::publish(int, ros::Msg const*)
 .text._ZN13geometry_msgs7Vector311deserializeEPh
                0x0000000008007e8c       0xe0 usr/cpp_main.o
                0x0000000008007e8c                geometry_msgs::Vector3::deserialize(unsigned char*)
 .text._ZNK8std_msgs16MultiArrayLayout9serializeEPh
                0x0000000008007f6c       0xe8 usr/cpp_main.o
                0x0000000008007f6c                std_msgs::MultiArrayLayout::serialize(unsigned char*) const
 .text._ZNK11sensor_msgs5Range9serializeEPh
                0x0000000008008054       0xac usr/cpp_main.o
                0x0000000008008054                sensor_msgs::Range::serialize(unsigned char*) const
 .text._ZN8std_msgs16MultiArrayLayout11deserializeEPh
                0x0000000008008100      0x104 usr/cpp_main.o
                0x0000000008008100                std_msgs::MultiArrayLayout::deserialize(unsigned char*)
 .text._ZNK13geometry_msgs7Vector39serializeEPh
                0x0000000008008204       0xf0 usr/cpp_main.o
                0x0000000008008204                geometry_msgs::Vector3::serialize(unsigned char*) const
 .text._ZN11sensor_msgs5Range11deserializeEPh
                0x00000000080082f4       0xf8 usr/cpp_main.o
                0x00000000080082f4                sensor_msgs::Range::deserialize(unsigned char*)
 .text._ZNK8std_msgs15UInt8MultiArray9serializeEPh
                0x00000000080083ec      0x140 usr/cpp_main.o
                0x00000000080083ec                std_msgs::UInt8MultiArray::serialize(unsigned char*) const
 .text._ZN8std_msgs15UInt8MultiArray11deserializeEPh
                0x000000000800852c      0x178 usr/cpp_main.o
                0x000000000800852c                std_msgs::UInt8MultiArray::deserialize(unsigned char*)
 .text.cdc_receive_put
                0x00000000080086a4        0xc usr/cpp_main.o
                0x00000000080086a4                cdc_receive_put
 .text.init_ROS
                0x00000000080086b0      0x270 usr/cpp_main.o
                0x00000000080086b0                init_ROS
 .text.laser_sensors_data_handler
                0x0000000008008920      0x2c4 usr/cpp_main.o
                0x0000000008008920                laser_sensors_data_handler
 .text.rpm_right_front_handler
                0x0000000008008be4       0xc0 usr/cpp_main.o
                0x0000000008008be4                rpm_right_front_handler
 .text.rpm_left_front_handler
                0x0000000008008ca4       0xc0 usr/cpp_main.o
                0x0000000008008ca4                rpm_left_front_handler
 .text.rpm_right_back_handler
                0x0000000008008d64       0xc0 usr/cpp_main.o
                0x0000000008008d64                rpm_right_back_handler
 .text.rpm_left_back_handler
                0x0000000008008e24       0xc0 usr/cpp_main.o
                0x0000000008008e24                rpm_left_back_handler
 .text.gyro_handler
                0x0000000008008ee4      0x1cc usr/cpp_main.o
                0x0000000008008ee4                gyro_handler
 .text.accel_handler
                0x00000000080090b0      0x1cc usr/cpp_main.o
                0x00000000080090b0                accel_handler
 .text._ZN3ros11NodeHandle_I13STM32HardwareLi25ELi25ELi512ELi512EE15requestSyncTimeEv
                0x000000000800927c       0x70 usr/cpp_main.o
                0x000000000800927c                ros::NodeHandle_<STM32Hardware, 25, 25, 512, 512>::requestSyncTime()
 .text._ZN3ros11NodeHandle_I13STM32HardwareLi25ELi25ELi512ELi512EE15negotiateTopicsEv
                0x00000000080092ec      0x4bc usr/cpp_main.o
                0x00000000080092ec                ros::NodeHandle_<STM32Hardware, 25, 25, 512, 512>::negotiateTopics()
 .text._ZN3ros11NodeHandle_I13STM32HardwareLi25ELi25ELi512ELi512EE8spinOnceEv
                0x00000000080097a8      0x570 usr/cpp_main.o
                0x00000000080097a8                ros::NodeHandle_<STM32Hardware, 25, 25, 512, 512>::spinOnce()
 .text.spinOnce
                0x0000000008009d18      0x534 usr/cpp_main.o
                0x0000000008009d18                spinOnce
 .text.startup._GLOBAL__sub_I_rb
                0x000000000800a24c      0x51c usr/cpp_main.o
 .text._Z8NBT_initP5nbt_tm
                0x000000000800a768       0x10 usr/nbt.o
                0x000000000800a768                NBT_init(nbt_t*, unsigned long)
 .text._Z11NBT_handlerP5nbt_t
                0x000000000800a778       0x24 usr/nbt.o
                0x000000000800a778                NBT_handler(nbt_t*)
 .text._Z18ringbuffer_putcharP10ringbufferh
                0x000000000800a79c       0x80 usr/ringbuffer.o
                0x000000000800a79c                ringbuffer_putchar(ringbuffer*, unsigned char)
 .text._Z18ringbuffer_getcharP10ringbufferPh
                0x000000000800a81c       0x84 usr/ringbuffer.o
                0x000000000800a81c                ringbuffer_getchar(ringbuffer*, unsigned char*)
 .text._Z15ringbuffer_initP10ringbufferPhs
                0x000000000800a8a0        0xc usr/ringbuffer.o
                0x000000000800a8a0                ringbuffer_init(ringbuffer*, unsigned char*, short)
 .text.__errno  0x000000000800a8ac        0xc /home/igor/stm32cubeide/plugins/com.st.stm32cube.ide.mcu.externaltools.gnu-tools-for-stm32.7-2018-q2-update.linux64_1.4.0.202007081208/tools/bin/../lib/gcc/arm-none-eabi/7.3.1/../../../../arm-none-eabi/lib/thumb/v7e-m/fpv4-sp/hard/libc_nano.a(lib_a-errno.o)
                0x000000000800a8ac                __errno
 .text.__libc_init_array
                0x000000000800a8b8       0x48 /home/igor/stm32cubeide/plugins/com.st.stm32cube.ide.mcu.externaltools.gnu-tools-for-stm32.7-2018-q2-update.linux64_1.4.0.202007081208/tools/bin/../lib/gcc/arm-none-eabi/7.3.1/../../../../arm-none-eabi/lib/thumb/v7e-m/fpv4-sp/hard/libc_nano.a(lib_a-init.o)
                0x000000000800a8b8                __libc_init_array
 .text.malloc   0x000000000800a900       0x10 /home/igor/stm32cubeide/plugins/com.st.stm32cube.ide.mcu.externaltools.gnu-tools-for-stm32.7-2018-q2-update.linux64_1.4.0.202007081208/tools/bin/../lib/gcc/arm-none-eabi/7.3.1/../../../../arm-none-eabi/lib/thumb/v7e-m/fpv4-sp/hard/libc_nano.a(lib_a-malloc.o)
                0x000000000800a900                malloc
 .text.free     0x000000000800a910       0x10 /home/igor/stm32cubeide/plugins/com.st.stm32cube.ide.mcu.externaltools.gnu-tools-for-stm32.7-2018-q2-update.linux64_1.4.0.202007081208/tools/bin/../lib/gcc/arm-none-eabi/7.3.1/../../../../arm-none-eabi/lib/thumb/v7e-m/fpv4-sp/hard/libc_nano.a(lib_a-malloc.o)
                0x000000000800a910                free
 .text.memcpy   0x000000000800a920       0x16 /home/igor/stm32cubeide/plugins/com.st.stm32cube.ide.mcu.externaltools.gnu-tools-for-stm32.7-2018-q2-update.linux64_1.4.0.202007081208/tools/bin/../lib/gcc/arm-none-eabi/7.3.1/../../../../arm-none-eabi/lib/thumb/v7e-m/fpv4-sp/hard/libc_nano.a(lib_a-memcpy-stub.o)
                0x000000000800a920                memcpy
 .text.memmove  0x000000000800a936       0x32 /home/igor/stm32cubeide/plugins/com.st.stm32cube.ide.mcu.externaltools.gnu-tools-for-stm32.7-2018-q2-update.linux64_1.4.0.202007081208/tools/bin/../lib/gcc/arm-none-eabi/7.3.1/../../../../arm-none-eabi/lib/thumb/v7e-m/fpv4-sp/hard/libc_nano.a(lib_a-memmove.o)
                0x000000000800a936                memmove
 .text.memset   0x000000000800a968       0x10 /home/igor/stm32cubeide/plugins/com.st.stm32cube.ide.mcu.externaltools.gnu-tools-for-stm32.7-2018-q2-update.linux64_1.4.0.202007081208/tools/bin/../lib/gcc/arm-none-eabi/7.3.1/../../../../arm-none-eabi/lib/thumb/v7e-m/fpv4-sp/hard/libc_nano.a(lib_a-memset.o)
                0x000000000800a968                memset
 .text._free_r  0x000000000800a978       0x9c /home/igor/stm32cubeide/plugins/com.st.stm32cube.ide.mcu.externaltools.gnu-tools-for-stm32.7-2018-q2-update.linux64_1.4.0.202007081208/tools/bin/../lib/gcc/arm-none-eabi/7.3.1/../../../../arm-none-eabi/lib/thumb/v7e-m/fpv4-sp/hard/libc_nano.a(lib_a-nano-freer.o)
                0x000000000800a978                _free_r
 .text._malloc_r
                0x000000000800aa14       0xb4 /home/igor/stm32cubeide/plugins/com.st.stm32cube.ide.mcu.externaltools.gnu-tools-for-stm32.7-2018-q2-update.linux64_1.4.0.202007081208/tools/bin/../lib/gcc/arm-none-eabi/7.3.1/../../../../arm-none-eabi/lib/thumb/v7e-m/fpv4-sp/hard/libc_nano.a(lib_a-nano-mallocr.o)
                0x000000000800aa14                _malloc_r
 .text.realloc  0x000000000800aac8       0x10 /home/igor/stm32cubeide/plugins/com.st.stm32cube.ide.mcu.externaltools.gnu-tools-for-stm32.7-2018-q2-update.linux64_1.4.0.202007081208/tools/bin/../lib/gcc/arm-none-eabi/7.3.1/../../../../arm-none-eabi/lib/thumb/v7e-m/fpv4-sp/hard/libc_nano.a(lib_a-realloc.o)
                0x000000000800aac8                realloc
 .text._sbrk_r  0x000000000800aad8       0x20 /home/igor/stm32cubeide/plugins/com.st.stm32cube.ide.mcu.externaltools.gnu-tools-for-stm32.7-2018-q2-update.linux64_1.4.0.202007081208/tools/bin/../lib/gcc/arm-none-eabi/7.3.1/../../../../arm-none-eabi/lib/thumb/v7e-m/fpv4-sp/hard/libc_nano.a(lib_a-sbrkr.o)
                0x000000000800aad8                _sbrk_r
 .text.__malloc_lock
                0x000000000800aaf8        0x2 /home/igor/stm32cubeide/plugins/com.st.stm32cube.ide.mcu.externaltools.gnu-tools-for-stm32.7-2018-q2-update.linux64_1.4.0.202007081208/tools/bin/../lib/gcc/arm-none-eabi/7.3.1/../../../../arm-none-eabi/lib/thumb/v7e-m/fpv4-sp/hard/libc_nano.a(lib_a-mlock.o)
                0x000000000800aaf8                __malloc_lock
 .text.__malloc_unlock
                0x000000000800aafa        0x2 /home/igor/stm32cubeide/plugins/com.st.stm32cube.ide.mcu.externaltools.gnu-tools-for-stm32.7-2018-q2-update.linux64_1.4.0.202007081208/tools/bin/../lib/gcc/arm-none-eabi/7.3.1/../../../../arm-none-eabi/lib/thumb/v7e-m/fpv4-sp/hard/libc_nano.a(lib_a-mlock.o)
                0x000000000800aafa                __malloc_unlock
 .text._realloc_r
                0x000000000800aafc       0x4c /home/igor/stm32cubeide/plugins/com.st.stm32cube.ide.mcu.externaltools.gnu-tools-for-stm32.7-2018-q2-update.linux64_1.4.0.202007081208/tools/bin/../lib/gcc/arm-none-eabi/7.3.1/../../../../arm-none-eabi/lib/thumb/v7e-m/fpv4-sp/hard/libc_nano.a(lib_a-nano-reallocr.o)
                0x000000000800aafc                _realloc_r
 .text._malloc_usable_size_r
                0x000000000800ab48       0x10 /home/igor/stm32cubeide/plugins/com.st.stm32cube.ide.mcu.externaltools.gnu-tools-for-stm32.7-2018-q2-update.linux64_1.4.0.202007081208/tools/bin/../lib/gcc/arm-none-eabi/7.3.1/../../../../arm-none-eabi/lib/thumb/v7e-m/fpv4-sp/hard/libc_nano.a(lib_a-nano-msizer.o)
                0x000000000800ab48                _malloc_usable_size_r
 *(.glue_7)
 .glue_7        0x000000000800ab58        0x0 linker stubs
 *(.glue_7t)
 .glue_7t       0x000000000800ab58        0x0 linker stubs
 *(.eh_frame)
 .eh_frame      0x000000000800ab58        0x0 /home/igor/stm32cubeide/plugins/com.st.stm32cube.ide.mcu.externaltools.gnu-tools-for-stm32.7-2018-q2-update.linux64_1.4.0.202007081208/tools/bin/../lib/gcc/arm-none-eabi/7.3.1/thumb/v7e-m/fpv4-sp/hard/crtbegin.o
 *(.init)
 .init          0x000000000800ab58        0x4 /home/igor/stm32cubeide/plugins/com.st.stm32cube.ide.mcu.externaltools.gnu-tools-for-stm32.7-2018-q2-update.linux64_1.4.0.202007081208/tools/bin/../lib/gcc/arm-none-eabi/7.3.1/thumb/v7e-m/fpv4-sp/hard/crti.o
                0x000000000800ab58                _init
 .init          0x000000000800ab5c        0x8 /home/igor/stm32cubeide/plugins/com.st.stm32cube.ide.mcu.externaltools.gnu-tools-for-stm32.7-2018-q2-update.linux64_1.4.0.202007081208/tools/bin/../lib/gcc/arm-none-eabi/7.3.1/thumb/v7e-m/fpv4-sp/hard/crtn.o
 *(.fini)
 .fini          0x000000000800ab64        0x4 /home/igor/stm32cubeide/plugins/com.st.stm32cube.ide.mcu.externaltools.gnu-tools-for-stm32.7-2018-q2-update.linux64_1.4.0.202007081208/tools/bin/../lib/gcc/arm-none-eabi/7.3.1/thumb/v7e-m/fpv4-sp/hard/crti.o
                0x000000000800ab64                _fini
 .fini          0x000000000800ab68        0x8 /home/igor/stm32cubeide/plugins/com.st.stm32cube.ide.mcu.externaltools.gnu-tools-for-stm32.7-2018-q2-update.linux64_1.4.0.202007081208/tools/bin/../lib/gcc/arm-none-eabi/7.3.1/thumb/v7e-m/fpv4-sp/hard/crtn.o
                0x000000000800ab70                . = ALIGN (0x4)
                0x000000000800ab70                _etext = .

.vfp11_veneer   0x000000000800ab70        0x0
 .vfp11_veneer  0x000000000800ab70        0x0 linker stubs

.v4_bx          0x000000000800ab70        0x0
 .v4_bx         0x000000000800ab70        0x0 linker stubs

.iplt           0x000000000800ab70        0x0
 .iplt          0x000000000800ab70        0x0 /home/igor/stm32cubeide/plugins/com.st.stm32cube.ide.mcu.externaltools.gnu-tools-for-stm32.7-2018-q2-update.linux64_1.4.0.202007081208/tools/bin/../lib/gcc/arm-none-eabi/7.3.1/thumb/v7e-m/fpv4-sp/hard/crtbegin.o

.rodata         0x000000000800ab70      0x654
                0x000000000800ab70                . = ALIGN (0x4)
 *(.rodata)
 .rodata        0x000000000800ab70       0xa8 Src/main.o
 *(.rodata*)
 .rodata.vTaskStartScheduler.str1.4
                0x000000000800ac18        0x5 Middlewares/Third_Party/FreeRTOS/Source/tasks.o
 *fill*         0x000000000800ac1d        0x3 
 .rodata.str1.4
                0x000000000800ac20       0x34 Src/main.o
 .rodata.AHBPrescTable
                0x000000000800ac54       0x10 Src/system_stm32f4xx.o
                0x000000000800ac54                AHBPrescTable
 .rodata.APBPrescTable
                0x000000000800ac64        0x8 Src/system_stm32f4xx.o
                0x000000000800ac64                APBPrescTable
 .rodata.CSWTCH.21
                0x000000000800ac6c        0x4 Src/usbd_conf.o
 .rodata.USBD_FS_ConfigStrDescriptor.str1.4
                0x000000000800ac70        0xb Src/usbd_desc.o
 *fill*         0x000000000800ac7b        0x1 
 .rodata.USBD_FS_InterfaceStrDescriptor.str1.4
                0x000000000800ac7c        0xe Src/usbd_desc.o
 *fill*         0x000000000800ac8a        0x2 
 .rodata.USBD_FS_ManufacturerStrDescriptor.str1.4
                0x000000000800ac8c       0x13 Src/usbd_desc.o
 *fill*         0x000000000800ac9f        0x1 
 .rodata.USBD_FS_ProductStrDescriptor.str1.4
                0x000000000800aca0       0x16 Src/usbd_desc.o
 *fill*         0x000000000800acb6        0x2 
 .rodata._ZTVN8std_msgs4TimeE
                0x000000000800acb8       0x18 usr/cpp_main.o
                0x000000000800acb8                vtable for std_msgs::Time
 .rodata._ZTVN14rosserial_msgs9TopicInfoE
                0x000000000800acd0       0x18 usr/cpp_main.o
                0x000000000800acd0                vtable for rosserial_msgs::TopicInfo
 .rodata._ZTVN14rosserial_msgs3LogE
                0x000000000800ace8       0x18 usr/cpp_main.o
                0x000000000800ace8                vtable for rosserial_msgs::Log
 .rodata._ZTVN14rosserial_msgs20RequestParamResponseE
                0x000000000800ad00       0x18 usr/cpp_main.o
                0x000000000800ad00                vtable for rosserial_msgs::RequestParamResponse
 .rodata._ZTVN8std_msgs4Int8E
                0x000000000800ad18       0x18 usr/cpp_main.o
                0x000000000800ad18                vtable for std_msgs::Int8
 .rodata._ZTVN8std_msgs5UInt8E
                0x000000000800ad30       0x18 usr/cpp_main.o
                0x000000000800ad30                vtable for std_msgs::UInt8
 .rodata._ZTVN8std_msgs19MultiArrayDimensionE
                0x000000000800ad48       0x18 usr/cpp_main.o
                0x000000000800ad48                vtable for std_msgs::MultiArrayDimension
 .rodata._ZTVN8std_msgs16MultiArrayLayoutE
                0x000000000800ad60       0x18 usr/cpp_main.o
                0x000000000800ad60                vtable for std_msgs::MultiArrayLayout
 .rodata._ZTVN8std_msgs15UInt8MultiArrayE
                0x000000000800ad78       0x18 usr/cpp_main.o
                0x000000000800ad78                vtable for std_msgs::UInt8MultiArray
 .rodata._ZTVN13geometry_msgs7Vector3E
                0x000000000800ad90       0x18 usr/cpp_main.o
                0x000000000800ad90                vtable for geometry_msgs::Vector3
 .rodata._ZTVN8std_msgs6HeaderE
                0x000000000800ada8       0x18 usr/cpp_main.o
                0x000000000800ada8                vtable for std_msgs::Header
 .rodata._ZTVN11sensor_msgs5RangeE
                0x000000000800adc0       0x18 usr/cpp_main.o
                0x000000000800adc0                vtable for sensor_msgs::Range
 .rodata._ZTVN3ros11NodeHandle_I13STM32HardwareLi25ELi25ELi512ELi512EEE
                0x000000000800add8       0x14 usr/cpp_main.o
                0x000000000800add8                vtable for ros::NodeHandle_<STM32Hardware, 25, 25, 512, 512>
 .rodata._ZTVN3ros10SubscriberIN8std_msgs4Int8EvEE
                0x000000000800adec       0x18 usr/cpp_main.o
                0x000000000800adec                vtable for ros::Subscriber<std_msgs::Int8, void>
 .rodata._GLOBAL__sub_I_rb.str1.4
                0x000000000800ae04       0xc3 usr/cpp_main.o
 *fill*         0x000000000800aec7        0x1 
 .rodata._ZN11sensor_msgs5Range6getMD5Ev.str1.4
                0x000000000800aec8       0x21 usr/cpp_main.o
 *fill*         0x000000000800aee9        0x3 
 .rodata._ZN11sensor_msgs5Range7getTypeEv.str1.4
                0x000000000800aeec       0x12 usr/cpp_main.o
 *fill*         0x000000000800aefe        0x2 
 .rodata._ZN13geometry_msgs7Vector36getMD5Ev.str1.4
                0x000000000800af00       0x21 usr/cpp_main.o
 *fill*         0x000000000800af21        0x3 
 .rodata._ZN13geometry_msgs7Vector37getTypeEv.str1.4
                0x000000000800af24       0x16 usr/cpp_main.o
 *fill*         0x000000000800af3a        0x2 
 .rodata._ZN14rosserial_msgs20RequestParamResponse6getMD5Ev.str1.4
                0x000000000800af3c       0x21 usr/cpp_main.o
 *fill*         0x000000000800af5d        0x3 
 .rodata._ZN14rosserial_msgs3Log6getMD5Ev.str1.4
                0x000000000800af60       0x21 usr/cpp_main.o
 *fill*         0x000000000800af81        0x3 
 .rodata._ZN14rosserial_msgs3Log7getTypeEv.str1.4
                0x000000000800af84       0x13 usr/cpp_main.o
 *fill*         0x000000000800af97        0x1 
 .rodata._ZN14rosserial_msgs9TopicInfo6getMD5Ev.str1.4
                0x000000000800af98       0x21 usr/cpp_main.o
 *fill*         0x000000000800afb9        0x3 
 .rodata._ZN14rosserial_msgs9TopicInfo7getTypeEv.str1.4
                0x000000000800afbc       0x19 usr/cpp_main.o
 *fill*         0x000000000800afd5        0x3 
 .rodata._ZN14rosserial_msgsL12REQUESTPARAME
                0x000000000800afd8       0x1c usr/cpp_main.o
 .rodata._ZN3ros11NodeHandle_I13STM32HardwareLi25ELi25ELi512ELi512EE15negotiateTopicsEv.str1.4
                0x000000000800aff4       0x19 usr/cpp_main.o
                                          0x1 (size before relaxing)
 .rodata._ZN3ros11NodeHandle_I13STM32HardwareLi25ELi25ELi512ELi512EE7publishEiPKNS_3MsgE.str1.4
                0x000000000800aff4       0x39 usr/cpp_main.o
 *fill*         0x000000000800b02d        0x3 
 .rodata._ZN8std_msgs15UInt8MultiArray6getMD5Ev.str1.4
                0x000000000800b030       0x21 usr/cpp_main.o
 *fill*         0x000000000800b051        0x3 
 .rodata._ZN8std_msgs15UInt8MultiArray7getTypeEv.str1.4
                0x000000000800b054       0x19 usr/cpp_main.o
 *fill*         0x000000000800b06d        0x3 
 .rodata._ZN8std_msgs16MultiArrayLayout6getMD5Ev.str1.4
                0x000000000800b070       0x21 usr/cpp_main.o
 *fill*         0x000000000800b091        0x3 
 .rodata._ZN8std_msgs16MultiArrayLayout7getTypeEv.str1.4
                0x000000000800b094       0x1a usr/cpp_main.o
 *fill*         0x000000000800b0ae        0x2 
 .rodata._ZN8std_msgs19MultiArrayDimension6getMD5Ev.str1.4
                0x000000000800b0b0       0x21 usr/cpp_main.o
 *fill*         0x000000000800b0d1        0x3 
 .rodata._ZN8std_msgs19MultiArrayDimension7getTypeEv.str1.4
                0x000000000800b0d4       0x1d usr/cpp_main.o
 *fill*         0x000000000800b0f1        0x3 
 .rodata._ZN8std_msgs4Int86getMD5Ev.str1.4
                0x000000000800b0f4       0x21 usr/cpp_main.o
 *fill*         0x000000000800b115        0x3 
 .rodata._ZN8std_msgs4Int87getTypeEv.str1.4
                0x000000000800b118        0xe usr/cpp_main.o
 *fill*         0x000000000800b126        0x2 
 .rodata._ZN8std_msgs4Time6getMD5Ev.str1.4
                0x000000000800b128       0x21 usr/cpp_main.o
 *fill*         0x000000000800b149        0x3 
 .rodata._ZN8std_msgs4Time7getTypeEv.str1.4
                0x000000000800b14c        0xe usr/cpp_main.o
 *fill*         0x000000000800b15a        0x2 
 .rodata._ZN8std_msgs5UInt86getMD5Ev.str1.4
                0x000000000800b15c       0x21 usr/cpp_main.o
 *fill*         0x000000000800b17d        0x3 
 .rodata._ZN8std_msgs5UInt87getTypeEv.str1.4
                0x000000000800b180        0xf usr/cpp_main.o
 *fill*         0x000000000800b18f        0x1 
 .rodata._ZN8std_msgs6Header6getMD5Ev.str1.4
                0x000000000800b190       0x21 usr/cpp_main.o
 *fill*         0x000000000800b1b1        0x3 
 .rodata._ZN8std_msgs6Header7getTypeEv.str1.4
                0x000000000800b1b4       0x10 usr/cpp_main.o
                0x000000000800b1c4                . = ALIGN (0x4)

.ARM.extab
 *(.ARM.extab* .gnu.linkonce.armextab.*)

.ARM            0x000000000800b1c4        0x8
                0x000000000800b1c4                __exidx_start = .
 *(.ARM.exidx*)
 .ARM.exidx     0x000000000800b1c4        0x8 /home/igor/stm32cubeide/plugins/com.st.stm32cube.ide.mcu.externaltools.gnu-tools-for-stm32.7-2018-q2-update.linux64_1.4.0.202007081208/tools/bin/../lib/gcc/arm-none-eabi/7.3.1/thumb/v7e-m/fpv4-sp/hard/libgcc.a(_udivmoddi4.o)
                0x000000000800b1cc                __exidx_end = .

.rel.dyn        0x000000000800b1cc        0x0
 .rel.iplt      0x000000000800b1cc        0x0 /home/igor/stm32cubeide/plugins/com.st.stm32cube.ide.mcu.externaltools.gnu-tools-for-stm32.7-2018-q2-update.linux64_1.4.0.202007081208/tools/bin/../lib/gcc/arm-none-eabi/7.3.1/thumb/v7e-m/fpv4-sp/hard/crtbegin.o

.preinit_array  0x000000000800b1cc        0x0
                0x000000000800b1cc                PROVIDE (__preinit_array_start = .)
 *(.preinit_array*)
                0x000000000800b1cc                PROVIDE (__preinit_array_end = .)

.init_array     0x000000000800b1cc        0x8
                0x000000000800b1cc                PROVIDE (__init_array_start = .)
 *(SORT_BY_NAME(.init_array.*))
 *(.init_array*)
 .init_array    0x000000000800b1cc        0x4 /home/igor/stm32cubeide/plugins/com.st.stm32cube.ide.mcu.externaltools.gnu-tools-for-stm32.7-2018-q2-update.linux64_1.4.0.202007081208/tools/bin/../lib/gcc/arm-none-eabi/7.3.1/thumb/v7e-m/fpv4-sp/hard/crtbegin.o
 .init_array    0x000000000800b1d0        0x4 usr/cpp_main.o
                0x000000000800b1d4                PROVIDE (__init_array_end = .)

.fini_array     0x000000000800b1d4        0x4
                [!provide]                        PROVIDE (__fini_array_start = .)
 *(SORT_BY_NAME(.fini_array.*))
 *(.fini_array*)
 .fini_array    0x000000000800b1d4        0x4 /home/igor/stm32cubeide/plugins/com.st.stm32cube.ide.mcu.externaltools.gnu-tools-for-stm32.7-2018-q2-update.linux64_1.4.0.202007081208/tools/bin/../lib/gcc/arm-none-eabi/7.3.1/thumb/v7e-m/fpv4-sp/hard/crtbegin.o
                [!provide]                        PROVIDE (__fini_array_end = .)
                0x000000000800b1d8                _sidata = LOADADDR (.data)

.data           0x0000000020000000      0x1f0 load address 0x000000000800b1d8
                0x0000000020000000                . = ALIGN (0x4)
                0x0000000020000000                _sdata = .
 *(.data)
 *(.data*)
 .data.uwTickFreq
                0x0000000020000000        0x1 Drivers/STM32F4xx_HAL_Driver/Src/stm32f4xx_hal.o
                0x0000000020000000                uwTickFreq
 *fill*         0x0000000020000001        0x3 
 .data.uwTickPrio