mpu6050_usr.c:30:6:delay	0	static
mpu6050_usr.c:35:6:error	8	static
mpu6050_usr.c:51:9:sensor_io_read	32	static
mpu6050_usr.c:56:9:sensor_io_write	40	static
mpu6050_usr.c:61:9:I2Cx_ReadData	32	static
mpu6050_usr.c:73:6:I2Cx_WriteData	40	static
mpu6050_usr.c:84:6:ledOn	0	static
mpu6050_usr.c:88:6:ledOff	0	static
mpu6050_usr.c:92:6:sensor_ini	40	static
mpu6050_usr.c:99:9:read_id	40	static
mpu6050_usr.c:105:6:MPU6050_init	40	static
mpu6050_usr.c:116:6:MPU6050_calibrate	0	static
mpu6050_usr.c:132:6:MPU6050_getAllData	88	static
mpu6050_usr.c:155:6:MPU6050_writeReg	24	static
mpu6050_usr.c:164:6:MPU6050_writeReg16Bit	32	static
mpu6050_usr.c:174:6:MPU6050_writeReg32Bit	32	static
mpu6050_usr.c:186:9:MPU6050_readReg	40	static
mpu6050_usr.c:194:10:MPU6050_readReg16Bit	40	static
mpu6050_usr.c:208:10:MPU6050_readReg32Bit	40	static
mpu6050_usr.c:227:6:MPU6050_writeMulti	48	static
mpu6050_usr.c:237:6:MPU6050_readMulti	24	static
mpu6050_usr.c:242:6:I2C_ReadBuffer	40	static
