mpu6050_usr.c:30:6:delay	0	static
mpu6050_usr.c:35:6:error	8	static
mpu6050_usr.c:51:9:sensor_io_read	32	static
mpu6050_usr.c:56:9:sensor_io_write	40	static
mpu6050_usr.c:61:9:I2Cx_ReadData	32	static
mpu6050_usr.c:72:6:I2Cx_WriteData	40	static
mpu6050_usr.c:83:6:ledOn	0	static
mpu6050_usr.c:87:6:ledOff	0	static
mpu6050_usr.c:91:6:sensor_ini	32	static
mpu6050_usr.c:98:9:read_id	32	static
mpu6050_usr.c:104:6:MPU6050_init	40	static
mpu6050_usr.c:115:6:MPU6050_calibrate	0	static
mpu6050_usr.c:131:6:MPU6050_getAllData	88	static
mpu6050_usr.c:154:6:MPU6050_writeReg	24	static
mpu6050_usr.c:163:6:MPU6050_writeReg16Bit	32	static
mpu6050_usr.c:173:6:MPU6050_writeReg32Bit	32	static
mpu6050_usr.c:185:9:MPU6050_readReg	40	static
mpu6050_usr.c:193:10:MPU6050_readReg16Bit	40	static
mpu6050_usr.c:207:10:MPU6050_readReg32Bit	40	static
mpu6050_usr.c:226:6:MPU6050_writeMulti	48	static
mpu6050_usr.c:236:6:MPU6050_readMulti	24	static
mpu6050_usr.c:241:6:I2C_ReadBuffer	40	static
