stm32f4xx_it.c:84:6:NMI_Handler	0	static
stm32f4xx_it.c:97:6:HardFault_Handler	0	static
stm32f4xx_it.c:112:6:MemManage_Handler	0	static
stm32f4xx_it.c:127:6:BusFault_Handler	0	static
stm32f4xx_it.c:142:6:UsageFault_Handler	0	static
stm32f4xx_it.c:157:6:DebugMon_Handler	0	static
stm32f4xx_it.c:177:6:RCC_IRQHandler	0	static
stm32f4xx_it.c:190:6:CAN1_RX0_IRQHandler	0	static
stm32f4xx_it.c:204:6:CAN1_RX1_IRQHandler	0	static
stm32f4xx_it.c:218:6:TIM3_IRQHandler	8	static
stm32f4xx_it.c:232:6:I2C1_EV_IRQHandler	0	static
stm32f4xx_it.c:246:6:OTG_FS_IRQHandler	0	static
