Time.h:24:17:virtual int std_msgs::Time::serialize(unsigned char*) const	0	static
Time.h:40:17:virtual int std_msgs::Time::deserialize(unsigned char*)	0	static
Time.h:56:18:virtual const char* std_msgs::Time::getType()	0	static
Time.h:57:18:virtual const char* std_msgs::Time::getMD5()	0	static
TopicInfo.h:77:17:virtual int rosserial_msgs::TopicInfo::deserialize(unsigned char*)	24	static
TopicInfo.h:124:18:virtual const char* rosserial_msgs::TopicInfo::getType()	0	static
TopicInfo.h:125:18:virtual const char* rosserial_msgs::TopicInfo::getMD5()	0	static
Log.h:44:17:virtual int rosserial_msgs::Log::deserialize(unsigned char*)	24	static
Log.h:61:18:virtual const char* rosserial_msgs::Log::getType()	0	static
Log.h:62:18:virtual const char* rosserial_msgs::Log::getMD5()	0	static
RequestParam.h:200:18:virtual const char* rosserial_msgs::RequestParamResponse::getType()	0	static
RequestParam.h:201:18:virtual const char* rosserial_msgs::RequestParamResponse::getMD5()	0	static
Byte.h:23:17:virtual int std_msgs::Byte::serialize(unsigned char*) const	0	static
Byte.h:36:17:virtual int std_msgs::Byte::deserialize(unsigned char*)	0	static
Byte.h:50:18:virtual const char* std_msgs::Byte::getType()	0	static
Byte.h:51:18:virtual const char* std_msgs::Byte::getMD5()	0	static
String.h:34:17:virtual int std_msgs::String::deserialize(unsigned char*)	24	static
String.h:49:18:virtual const char* std_msgs::String::getType()	0	static
String.h:50:18:virtual const char* std_msgs::String::getMD5()	0	static
Int8.h:23:17:virtual int std_msgs::Int8::serialize(unsigned char*) const	0	static
Int8.h:36:17:virtual int std_msgs::Int8::deserialize(unsigned char*)	0	static
Int8.h:50:18:virtual const char* std_msgs::Int8::getType()	0	static
Int8.h:51:18:virtual const char* std_msgs::Int8::getMD5()	0	static
UInt32.h:23:17:virtual int std_msgs::UInt32::serialize(unsigned char*) const	0	static
UInt32.h:34:17:virtual int std_msgs::UInt32::deserialize(unsigned char*)	0	static
UInt32.h:45:18:virtual const char* std_msgs::UInt32::getType()	0	static
UInt32.h:46:18:virtual const char* std_msgs::UInt32::getMD5()	0	static
Vector3.h:47:18:virtual const char* geometry_msgs::Vector3::getType()	0	static
Vector3.h:48:18:virtual const char* geometry_msgs::Vector3::getMD5()	0	static
cpp_main.cpp:89:17:void rpm_right_subCb(const std_msgs::Int8&)	0	static
cpp_main.cpp:105:17:void rpm_left_subCb(const std_msgs::Int8&)	0	static
cpp_main.cpp:127:17:void messageSpeed(const std_msgs::Byte&)	0	static
subscriber.h:114:16:void ros::Subscriber<MsgT, void>::callback(unsigned char*) [with MsgT = std_msgs::Int8]	0	static
subscriber.h:128:15:int ros::Subscriber<MsgT, void>::getEndpointType() [with MsgT = std_msgs::Int8]	0	static
subscriber.h:120:24:const char* ros::Subscriber<MsgT, void>::getMsgType() [with MsgT = std_msgs::Int8]	0	static
subscriber.h:124:24:const char* ros::Subscriber<MsgT, void>::getMsgMD5() [with MsgT = std_msgs::Int8]	0	static
subscriber.h:114:16:void ros::Subscriber<MsgT, void>::callback(unsigned char*) [with MsgT = std_msgs::Byte]	0	static
subscriber.h:128:15:int ros::Subscriber<MsgT, void>::getEndpointType() [with MsgT = std_msgs::Byte]	0	static
subscriber.h:120:24:const char* ros::Subscriber<MsgT, void>::getMsgType() [with MsgT = std_msgs::Byte]	0	static
subscriber.h:124:24:const char* ros::Subscriber<MsgT, void>::getMsgMD5() [with MsgT = std_msgs::Byte]	0	static
node_handle.h:363:16:bool ros::NodeHandle_<Hardware, MAX_SUBSCRIBERS, MAX_PUBLISHERS, INPUT_SIZE, OUTPUT_SIZE>::connected() [with Hardware = STM32Hardware; int MAX_SUBSCRIBERS = 25; int MAX_PUBLISHERS = 25; int INPUT_SIZE = 512; int OUTPUT_SIZE = 512]	0	static
String.h:23:17:virtual int std_msgs::String::serialize(unsigned char*) const	16	static
RequestParam.h:78:17:virtual int rosserial_msgs::RequestParamResponse::serialize(unsigned char*) const	32	static
Log.h:31:17:virtual int rosserial_msgs::Log::serialize(unsigned char*) const	16	static
TopicInfo.h:43:17:virtual int rosserial_msgs::TopicInfo::serialize(unsigned char*) const	24	static
RequestParam.h:130:17:virtual int rosserial_msgs::RequestParamResponse::deserialize(unsigned char*)	48	static
node_handle.h:513:15:int ros::NodeHandle_<Hardware, MAX_SUBSCRIBERS, MAX_PUBLISHERS, INPUT_SIZE, OUTPUT_SIZE>::publish(int, const ros::Msg*) [with Hardware = STM32Hardware; int MAX_SUBSCRIBERS = 25; int MAX_PUBLISHERS = 25; int INPUT_SIZE = 512; int OUTPUT_SIZE = 512]	40	static
cpp_main.cpp:122:17:void messageSide(const std_msgs::Byte&)	0	static
Vector3.h:38:17:virtual int geometry_msgs::Vector3::deserialize(unsigned char*)	8	static
Vector3.h:29:17:virtual int geometry_msgs::Vector3::serialize(unsigned char*) const	16	static
cpp_main.cpp:85:6:void reduce_speed()	0	static
cpp_main.cpp:132:17:void cdc_receive_put(uint8_t)	0	static
cpp_main.cpp:137:17:void init_ROS()	16	static
cpp_main.cpp:167:17:void id_handler(CAN_RxHeaderTypeDef&)	24	static
cpp_main.cpp:180:17:void right_can_msg_handler()	24	static
cpp_main.cpp:190:17:void left_can_msg_handler()	24	static
cpp_main.cpp:201:17:void rpm_right_handler()	24	static
cpp_main.cpp:223:17:void rpm_left_handler()	24	static
cpp_main.cpp:244:17:void point_handler()	0	static
cpp_main.cpp:262:17:void gyro_handler()	24	static
cpp_main.cpp:278:17:void accel_handler()	24	static
node_handle.h:372:8:void ros::NodeHandle_<Hardware, MAX_SUBSCRIBERS, MAX_PUBLISHERS, INPUT_SIZE, OUTPUT_SIZE>::requestSyncTime() [with Hardware = STM32Hardware; int MAX_SUBSCRIBERS = 25; int MAX_PUBLISHERS = 25; int INPUT_SIZE = 512; int OUTPUT_SIZE = 512]	32	static
node_handle.h:480:8:void ros::NodeHandle_<Hardware, MAX_SUBSCRIBERS, MAX_PUBLISHERS, INPUT_SIZE, OUTPUT_SIZE>::negotiateTopics() [with Hardware = STM32Hardware; int MAX_SUBSCRIBERS = 25; int MAX_PUBLISHERS = 25; int INPUT_SIZE = 512; int OUTPUT_SIZE = 512]	88	static
node_handle.h:212:15:int ros::NodeHandle_<Hardware, MAX_SUBSCRIBERS, MAX_PUBLISHERS, INPUT_SIZE, OUTPUT_SIZE>::spinOnce() [with Hardware = STM32Hardware; int MAX_SUBSCRIBERS = 25; int MAX_PUBLISHERS = 25; int INPUT_SIZE = 512; int OUTPUT_SIZE = 512]	80	static
cpp_main.cpp:294:17:void spinOnce()	72	static
cpp_main.cpp:303:1:cpp)	24	static
